<html>
<body>
<pre>
<h1>µVision Build Log</h1>
<h2>Project:</h2>
E:\xinnova\XN11E\LIB_1016\Demo-ADC - Test\demo.uvproj
Project File Date:  10/16/2015

<h2>Output:</h2>
Rebuild target 'Run In Flash'
compiling core_cm0.c...
compiling xn_adc.c...
compiling system_XN11Exxx.c...
assembling startup_XN11Exxx.s...
compiling xn_sys.c...
compiling main.c...
linking...
Program Size: Code=2588 RO-data=224 RW-data=12 ZI-data=868  
FromELF: creating hex file...
".\myapp\obj\demo.axf" - 0 Error(s), 0 Warning(s).
</pre>
</body>
</html>
