<html>
<body>
<pre>
<h1>µVision Build Log</h1>
<h2>Project:</h2>
C:\Users\Administrator\Desktop\Debug\HHD32F103_Project_Template£¨1010£©\StdPeriphDriver\HHD32F1xx_examples\IAP_Flash\demo.uvproj
Project File Date:  07/11/2017

<h2>Output:</h2>
Rebuild target 'Run In RAM'
compiling core_cm3.c...
compiling system_HHD32F1xx.c...
assembling startup_HHD32F1xx_s.s...
compiling hhd_sys.c...
compiling hhd_iap.c...
compiling main.c...
linking...
Program Size: Code=1104 RO-data=340 RW-data=16 ZI-data=1632  
".\myapp\obj\demo.axf" - 0 Error(s), 0 Warning(s).
Load "C:\\Users\\Administrator\\Desktop\\Debug\\HHD32F103_Project_Template£¨1010£©\\StdPeriphDriver\\HHD32F1xx_examples\\IAP_Flash\\myapp\\obj\\demo.axf" 
Set JLink Project File to "C:\Users\Administrator\Desktop\Debug\HHD32F103_Project_Template£¨1010£©\StdPeriphDriver\HHD32F1xx_examples\IAP_Flash\JLinkSettings.ini"
* JLink Info: Device "CORTEX-M3" selected (0 KB flash, 0 KB RAM).
 
JLink info:
------------
DLL: V4.80g, compiled Feb 13 2014 20:50:02
Firmware: J-Link ARM V8 compiled Nov 25 2013 19:20:08
Hardware: V8.00
Feature(s) : RDI,FlashDL,FlasGDBFULLash,GDBFULL 
 
* JLink Info: TotalIRLen = 4, IRPrint = 0x01
* JLink Info: Found Cortex-M3 r2p0, Little endian.
* JLink Info: FPUnit: 6 code (BP) slots and 2 literal slots
* JLink Info: TPIU fitted.
* JLink Info: ETM fitted.
ROMTableAddr = 0xE00FF003
 
Target info:
------------
Device: Cortex-M3
VTarget = 3.461V
State of Pins: 
TCK: 1, TDI: 0, TDO: 1, TMS: 0, TRES: 1, TRST: 1
Hardware-Breakpoints: 6
Software-Breakpoints: 8192
Watchpoints:          4
JTAG speed: 4800 kHz
 
No Algorithm found for: 20000000H - 200005B3H
Erase skipped!
Error: Flash Download failed  -  "Cortex-M3"
</pre>
</body>
</html>
