ARM Linker, 4.1 [Build 894] [Standard]

==============================================================================

Section Cross References

    delay.o(.text) refers to system_hhd32f1xx.o(.data) for SystemCoreClock
    delay.o(.text) refers to delay.o(.data) for TimingDelay
    system_hhd32f1xx.o(.text) refers to system_hhd32f1xx.o(.data) for SystemCoreClock
    startup_hhd32f1xx_s.o(RESET) refers to startup_hhd32f1xx_s.o(STACK) for __initial_sp
    startup_hhd32f1xx_s.o(RESET) refers to startup_hhd32f1xx_s.o(.text) for Reset_Handler
    startup_hhd32f1xx_s.o(RESET) refers to delay.o(.text) for SysTick_Handler
    startup_hhd32f1xx_s.o(RESET) refers to main.o(.text) for EXTI0_IRQHandler
    startup_hhd32f1xx_s.o(.text) refers to entry.o(.ARM.Collect$$$$00000000) for __main
    hhd_adc.o(.text) refers to system_hhd32f1xx.o(.data) for APB2Clock
    hhd_iic.o(.text) refers to system_hhd32f1xx.o(.data) for SystemCoreClock
    hhd_iic.o(.text) refers to hhd_iic.o(.bss) for IIC1_CtrlBlk
    hhd_iic.o(.text) refers to hhd_iic.o(.data) for SlaveSendArry
    hhd_spi.o(.text) refers to system_hhd32f1xx.o(.data) for SystemCoreClock
    hhd_sys.o(.text) refers to system_hhd32f1xx.o(.text) for SystemInit
    hhd_uart.o(.text) refers to system_hhd32f1xx.o(.data) for MainClock
    main.o(.text) refers to hhd_adc.o(.text) for ADC_GetConversionData
    main.o(.text) refers to printfa.o(i.__0printf) for __2printf
    main.o(.text) refers to dfltui.o(.text) for __aeabi_ui2d
    main.o(.text) refers to ddiv.o(.text) for __aeabi_ddiv
    main.o(.text) refers to hhd_uart.o(.text) for UART_Open
    main.o(.text) refers to hhd_sys.o(.text) for SYS_SystemInitial
    main.o(.text) refers to hhd_gpio.o(.text) for GPIO_ConfigPinsAsInput
    main.o(.text) refers to main.o(.data) for dValue
    main.o(.text) refers to delay.o(.text) for delay_us
    main.o(.text) refers to hhd_spi.o(.text) for SPI_Open
    main.o(.text) refers to hhd_iic.o(.text) for IIC_Init
    entry.o(.ARM.Collect$$$$00000000) refers (Special) to entry7b.o(.ARM.Collect$$$$00000008) for _main_clock
    entry.o(.ARM.Collect$$$$00000000) refers (Special) to entry8.o(.ARM.Collect$$$$00000009) for _main_init
    entry.o(.ARM.Collect$$$$00000000) refers (Special) to entry5.o(.ARM.Collect$$$$00000004) for _main_scatterload
    entry.o(.ARM.Collect$$$$00000000) refers (Special) to entry2.o(.ARM.Collect$$$$00000001) for _main_stk
    printfb.o(i.__0fprintf$bare) refers to printfb.o(i._printf_core) for _printf_core
    printfb.o(i.__0fprintf$bare) refers to main.o(.text) for fputc
    printfb.o(i.__0printf$bare) refers to printfb.o(i._printf_core) for _printf_core
    printfb.o(i.__0printf$bare) refers to main.o(.text) for fputc
    printfb.o(i.__0printf$bare) refers to stdout.o(.data) for __stdout
    printfb.o(i.__0snprintf$bare) refers to printfb.o(i._printf_core) for _printf_core
    printfb.o(i.__0snprintf$bare) refers to printfb.o(i._snputc) for _snputc
    printfb.o(i.__0sprintf$bare) refers to printfb.o(i._printf_core) for _printf_core
    printfb.o(i.__0sprintf$bare) refers to printfb.o(i._sputc) for _sputc
    printfb.o(i.__0vfprintf$bare) refers to printfb.o(i._printf_core) for _printf_core
    printfb.o(i.__0vfprintf$bare) refers to main.o(.text) for fputc
    printfb.o(i.__0vprintf$bare) refers to printfb.o(i._printf_core) for _printf_core
    printfb.o(i.__0vprintf$bare) refers to main.o(.text) for fputc
    printfb.o(i.__0vprintf$bare) refers to stdout.o(.data) for __stdout
    printfb.o(i.__0vsnprintf$bare) refers to printfb.o(i._printf_core) for _printf_core
    printfb.o(i.__0vsnprintf$bare) refers to printfb.o(i._snputc) for _snputc
    printfb.o(i.__0vsprintf$bare) refers to printfb.o(i._printf_core) for _printf_core
    printfb.o(i.__0vsprintf$bare) refers to printfb.o(i._sputc) for _sputc
    printf0.o(i.__0fprintf$0) refers to printf0.o(i._printf_core) for _printf_core
    printf0.o(i.__0fprintf$0) refers to main.o(.text) for fputc
    printf0.o(i.__0printf$0) refers to printf0.o(i._printf_core) for _printf_core
    printf0.o(i.__0printf$0) refers to main.o(.text) for fputc
    printf0.o(i.__0printf$0) refers to stdout.o(.data) for __stdout
    printf0.o(i.__0snprintf$0) refers to printf0.o(i._printf_core) for _printf_core
    printf0.o(i.__0snprintf$0) refers to printf0.o(i._snputc) for _snputc
    printf0.o(i.__0sprintf$0) refers to printf0.o(i._printf_core) for _printf_core
    printf0.o(i.__0sprintf$0) refers to printf0.o(i._sputc) for _sputc
    printf0.o(i.__0vfprintf$0) refers to printf0.o(i._printf_core) for _printf_core
    printf0.o(i.__0vfprintf$0) refers to main.o(.text) for fputc
    printf0.o(i.__0vprintf$0) refers to printf0.o(i._printf_core) for _printf_core
    printf0.o(i.__0vprintf$0) refers to main.o(.text) for fputc
    printf0.o(i.__0vprintf$0) refers to stdout.o(.data) for __stdout
    printf0.o(i.__0vsnprintf$0) refers to printf0.o(i._printf_core) for _printf_core
    printf0.o(i.__0vsnprintf$0) refers to printf0.o(i._snputc) for _snputc
    printf0.o(i.__0vsprintf$0) refers to printf0.o(i._printf_core) for _printf_core
    printf0.o(i.__0vsprintf$0) refers to printf0.o(i._sputc) for _sputc
    printf1.o(i.__0fprintf$1) refers to printf1.o(i._printf_core) for _printf_core
    printf1.o(i.__0fprintf$1) refers to main.o(.text) for fputc
    printf1.o(i.__0printf$1) refers to printf1.o(i._printf_core) for _printf_core
    printf1.o(i.__0printf$1) refers to main.o(.text) for fputc
    printf1.o(i.__0printf$1) refers to stdout.o(.data) for __stdout
    printf1.o(i.__0snprintf$1) refers to printf1.o(i._printf_core) for _printf_core
    printf1.o(i.__0snprintf$1) refers to printf1.o(i._snputc) for _snputc
    printf1.o(i.__0sprintf$1) refers to printf1.o(i._printf_core) for _printf_core
    printf1.o(i.__0sprintf$1) refers to printf1.o(i._sputc) for _sputc
    printf1.o(i.__0vfprintf$1) refers to printf1.o(i._printf_core) for _printf_core
    printf1.o(i.__0vfprintf$1) refers to main.o(.text) for fputc
    printf1.o(i.__0vprintf$1) refers to printf1.o(i._printf_core) for _printf_core
    printf1.o(i.__0vprintf$1) refers to main.o(.text) for fputc
    printf1.o(i.__0vprintf$1) refers to stdout.o(.data) for __stdout
    printf1.o(i.__0vsnprintf$1) refers to printf1.o(i._printf_core) for _printf_core
    printf1.o(i.__0vsnprintf$1) refers to printf1.o(i._snputc) for _snputc
    printf1.o(i.__0vsprintf$1) refers to printf1.o(i._printf_core) for _printf_core
    printf1.o(i.__0vsprintf$1) refers to printf1.o(i._sputc) for _sputc
    printf1.o(i._printf_core) refers to uidiv.o(.text) for __aeabi_uidivmod
    printf2.o(i.__0fprintf$2) refers to printf2.o(i._printf_core) for _printf_core
    printf2.o(i.__0fprintf$2) refers to main.o(.text) for fputc
    printf2.o(i.__0printf$2) refers to printf2.o(i._printf_core) for _printf_core
    printf2.o(i.__0printf$2) refers to main.o(.text) for fputc
    printf2.o(i.__0printf$2) refers to stdout.o(.data) for __stdout
    printf2.o(i.__0snprintf$2) refers to printf2.o(i._printf_core) for _printf_core
    printf2.o(i.__0snprintf$2) refers to printf2.o(i._snputc) for _snputc
    printf2.o(i.__0sprintf$2) refers to printf2.o(i._printf_core) for _printf_core
    printf2.o(i.__0sprintf$2) refers to printf2.o(i._sputc) for _sputc
    printf2.o(i.__0vfprintf$2) refers to printf2.o(i._printf_core) for _printf_core
    printf2.o(i.__0vfprintf$2) refers to main.o(.text) for fputc
    printf2.o(i.__0vprintf$2) refers to printf2.o(i._printf_core) for _printf_core
    printf2.o(i.__0vprintf$2) refers to main.o(.text) for fputc
    printf2.o(i.__0vprintf$2) refers to stdout.o(.data) for __stdout
    printf2.o(i.__0vsnprintf$2) refers to printf2.o(i._printf_core) for _printf_core
    printf2.o(i.__0vsnprintf$2) refers to printf2.o(i._snputc) for _snputc
    printf2.o(i.__0vsprintf$2) refers to printf2.o(i._printf_core) for _printf_core
    printf2.o(i.__0vsprintf$2) refers to printf2.o(i._sputc) for _sputc
    printf3.o(i.__0fprintf$3) refers to printf3.o(i._printf_core) for _printf_core
    printf3.o(i.__0fprintf$3) refers to main.o(.text) for fputc
    printf3.o(i.__0printf$3) refers to printf3.o(i._printf_core) for _printf_core
    printf3.o(i.__0printf$3) refers to main.o(.text) for fputc
    printf3.o(i.__0printf$3) refers to stdout.o(.data) for __stdout
    printf3.o(i.__0snprintf$3) refers to printf3.o(i._printf_core) for _printf_core
    printf3.o(i.__0snprintf$3) refers to printf3.o(i._snputc) for _snputc
    printf3.o(i.__0sprintf$3) refers to printf3.o(i._printf_core) for _printf_core
    printf3.o(i.__0sprintf$3) refers to printf3.o(i._sputc) for _sputc
    printf3.o(i.__0vfprintf$3) refers to printf3.o(i._printf_core) for _printf_core
    printf3.o(i.__0vfprintf$3) refers to main.o(.text) for fputc
    printf3.o(i.__0vprintf$3) refers to printf3.o(i._printf_core) for _printf_core
    printf3.o(i.__0vprintf$3) refers to main.o(.text) for fputc
    printf3.o(i.__0vprintf$3) refers to stdout.o(.data) for __stdout
    printf3.o(i.__0vsnprintf$3) refers to printf3.o(i._printf_core) for _printf_core
    printf3.o(i.__0vsnprintf$3) refers to printf3.o(i._snputc) for _snputc
    printf3.o(i.__0vsprintf$3) refers to printf3.o(i._printf_core) for _printf_core
    printf3.o(i.__0vsprintf$3) refers to printf3.o(i._sputc) for _sputc
    printf3.o(i._printf_core) refers to uidiv.o(.text) for __aeabi_uidivmod
    printf4.o(i.__0fprintf$4) refers to printf4.o(i._printf_core) for _printf_core
    printf4.o(i.__0fprintf$4) refers to main.o(.text) for fputc
    printf4.o(i.__0printf$4) refers to printf4.o(i._printf_core) for _printf_core
    printf4.o(i.__0printf$4) refers to main.o(.text) for fputc
    printf4.o(i.__0printf$4) refers to stdout.o(.data) for __stdout
    printf4.o(i.__0snprintf$4) refers to printf4.o(i._printf_core) for _printf_core
    printf4.o(i.__0snprintf$4) refers to printf4.o(i._snputc) for _snputc
    printf4.o(i.__0sprintf$4) refers to printf4.o(i._printf_core) for _printf_core
    printf4.o(i.__0sprintf$4) refers to printf4.o(i._sputc) for _sputc
    printf4.o(i.__0vfprintf$4) refers to printf4.o(i._printf_core) for _printf_core
    printf4.o(i.__0vfprintf$4) refers to main.o(.text) for fputc
    printf4.o(i.__0vprintf$4) refers to printf4.o(i._printf_core) for _printf_core
    printf4.o(i.__0vprintf$4) refers to main.o(.text) for fputc
    printf4.o(i.__0vprintf$4) refers to stdout.o(.data) for __stdout
    printf4.o(i.__0vsnprintf$4) refers to printf4.o(i._printf_core) for _printf_core
    printf4.o(i.__0vsnprintf$4) refers to printf4.o(i._snputc) for _snputc
    printf4.o(i.__0vsprintf$4) refers to printf4.o(i._printf_core) for _printf_core
    printf4.o(i.__0vsprintf$4) refers to printf4.o(i._sputc) for _sputc
    printf4.o(i._printf_core) refers to uldiv.o(.text) for __aeabi_uldivmod
    printf5.o(i.__0fprintf$5) refers to printf5.o(i._printf_core) for _printf_core
    printf5.o(i.__0fprintf$5) refers to main.o(.text) for fputc
    printf5.o(i.__0printf$5) refers to printf5.o(i._printf_core) for _printf_core
    printf5.o(i.__0printf$5) refers to main.o(.text) for fputc
    printf5.o(i.__0printf$5) refers to stdout.o(.data) for __stdout
    printf5.o(i.__0snprintf$5) refers to printf5.o(i._printf_core) for _printf_core
    printf5.o(i.__0snprintf$5) refers to printf5.o(i._snputc) for _snputc
    printf5.o(i.__0sprintf$5) refers to printf5.o(i._printf_core) for _printf_core
    printf5.o(i.__0sprintf$5) refers to printf5.o(i._sputc) for _sputc
    printf5.o(i.__0vfprintf$5) refers to printf5.o(i._printf_core) for _printf_core
    printf5.o(i.__0vfprintf$5) refers to main.o(.text) for fputc
    printf5.o(i.__0vprintf$5) refers to printf5.o(i._printf_core) for _printf_core
    printf5.o(i.__0vprintf$5) refers to main.o(.text) for fputc
    printf5.o(i.__0vprintf$5) refers to stdout.o(.data) for __stdout
    printf5.o(i.__0vsnprintf$5) refers to printf5.o(i._printf_core) for _printf_core
    printf5.o(i.__0vsnprintf$5) refers to printf5.o(i._snputc) for _snputc
    printf5.o(i.__0vsprintf$5) refers to printf5.o(i._printf_core) for _printf_core
    printf5.o(i.__0vsprintf$5) refers to printf5.o(i._sputc) for _sputc
    printf5.o(i._printf_core) refers to uldiv.o(.text) for __aeabi_uldivmod
    printf6.o(i.__0fprintf$6) refers to printf6.o(i._printf_core) for _printf_core
    printf6.o(i.__0fprintf$6) refers to main.o(.text) for fputc
    printf6.o(i.__0printf$6) refers to printf6.o(i._printf_core) for _printf_core
    printf6.o(i.__0printf$6) refers to main.o(.text) for fputc
    printf6.o(i.__0printf$6) refers to stdout.o(.data) for __stdout
    printf6.o(i.__0snprintf$6) refers to printf6.o(i._printf_core) for _printf_core
    printf6.o(i.__0snprintf$6) refers to printf6.o(i._snputc) for _snputc
    printf6.o(i.__0sprintf$6) refers to printf6.o(i._printf_core) for _printf_core
    printf6.o(i.__0sprintf$6) refers to printf6.o(i._sputc) for _sputc
    printf6.o(i.__0vfprintf$6) refers to printf6.o(i._printf_core) for _printf_core
    printf6.o(i.__0vfprintf$6) refers to main.o(.text) for fputc
    printf6.o(i.__0vprintf$6) refers to printf6.o(i._printf_core) for _printf_core
    printf6.o(i.__0vprintf$6) refers to main.o(.text) for fputc
    printf6.o(i.__0vprintf$6) refers to stdout.o(.data) for __stdout
    printf6.o(i.__0vsnprintf$6) refers to printf6.o(i._printf_core) for _printf_core
    printf6.o(i.__0vsnprintf$6) refers to printf6.o(i._snputc) for _snputc
    printf6.o(i.__0vsprintf$6) refers to printf6.o(i._printf_core) for _printf_core
    printf6.o(i.__0vsprintf$6) refers to printf6.o(i._sputc) for _sputc
    printf6.o(i._printf_core) refers to printf6.o(i._printf_pre_padding) for _printf_pre_padding
    printf6.o(i._printf_core) refers to uidiv.o(.text) for __aeabi_uidivmod
    printf6.o(i._printf_core) refers to printf6.o(i._printf_post_padding) for _printf_post_padding
    printf7.o(i.__0fprintf$7) refers to printf7.o(i._printf_core) for _printf_core
    printf7.o(i.__0fprintf$7) refers to main.o(.text) for fputc
    printf7.o(i.__0printf$7) refers to printf7.o(i._printf_core) for _printf_core
    printf7.o(i.__0printf$7) refers to main.o(.text) for fputc
    printf7.o(i.__0printf$7) refers to stdout.o(.data) for __stdout
    printf7.o(i.__0snprintf$7) refers to printf7.o(i._printf_core) for _printf_core
    printf7.o(i.__0snprintf$7) refers to printf7.o(i._snputc) for _snputc
    printf7.o(i.__0sprintf$7) refers to printf7.o(i._printf_core) for _printf_core
    printf7.o(i.__0sprintf$7) refers to printf7.o(i._sputc) for _sputc
    printf7.o(i.__0vfprintf$7) refers to printf7.o(i._printf_core) for _printf_core
    printf7.o(i.__0vfprintf$7) refers to main.o(.text) for fputc
    printf7.o(i.__0vprintf$7) refers to printf7.o(i._printf_core) for _printf_core
    printf7.o(i.__0vprintf$7) refers to main.o(.text) for fputc
    printf7.o(i.__0vprintf$7) refers to stdout.o(.data) for __stdout
    printf7.o(i.__0vsnprintf$7) refers to printf7.o(i._printf_core) for _printf_core
    printf7.o(i.__0vsnprintf$7) refers to printf7.o(i._snputc) for _snputc
    printf7.o(i.__0vsprintf$7) refers to printf7.o(i._printf_core) for _printf_core
    printf7.o(i.__0vsprintf$7) refers to printf7.o(i._sputc) for _sputc
    printf7.o(i._printf_core) refers to printf7.o(i._printf_pre_padding) for _printf_pre_padding
    printf7.o(i._printf_core) refers to uldiv.o(.text) for __aeabi_uldivmod
    printf7.o(i._printf_core) refers to printf7.o(i._printf_post_padding) for _printf_post_padding
    printf8.o(i.__0fprintf$8) refers to printf8.o(i._printf_core) for _printf_core
    printf8.o(i.__0fprintf$8) refers to main.o(.text) for fputc
    printf8.o(i.__0printf$8) refers to printf8.o(i._printf_core) for _printf_core
    printf8.o(i.__0printf$8) refers to main.o(.text) for fputc
    printf8.o(i.__0printf$8) refers to stdout.o(.data) for __stdout
    printf8.o(i.__0snprintf$8) refers to printf8.o(i._printf_core) for _printf_core
    printf8.o(i.__0snprintf$8) refers to printf8.o(i._snputc) for _snputc
    printf8.o(i.__0sprintf$8) refers to printf8.o(i._printf_core) for _printf_core
    printf8.o(i.__0sprintf$8) refers to printf8.o(i._sputc) for _sputc
    printf8.o(i.__0vfprintf$8) refers to printf8.o(i._printf_core) for _printf_core
    printf8.o(i.__0vfprintf$8) refers to main.o(.text) for fputc
    printf8.o(i.__0vprintf$8) refers to printf8.o(i._printf_core) for _printf_core
    printf8.o(i.__0vprintf$8) refers to main.o(.text) for fputc
    printf8.o(i.__0vprintf$8) refers to stdout.o(.data) for __stdout
    printf8.o(i.__0vsnprintf$8) refers to printf8.o(i._printf_core) for _printf_core
    printf8.o(i.__0vsnprintf$8) refers to printf8.o(i._snputc) for _snputc
    printf8.o(i.__0vsprintf$8) refers to printf8.o(i._printf_core) for _printf_core
    printf8.o(i.__0vsprintf$8) refers to printf8.o(i._sputc) for _sputc
    printf8.o(i._printf_core) refers to printf8.o(i._printf_pre_padding) for _printf_pre_padding
    printf8.o(i._printf_core) refers to uldiv.o(.text) for __aeabi_uldivmod
    printf8.o(i._printf_core) refers to printf8.o(i._printf_post_padding) for _printf_post_padding
    printfa.o(i.__0fprintf) refers (Special) to iusefp.o(.text) for __I$use$fp
    printfa.o(i.__0fprintf) refers to printfa.o(i._printf_core) for _printf_core
    printfa.o(i.__0fprintf) refers to main.o(.text) for fputc
    printfa.o(i.__0printf) refers (Special) to iusefp.o(.text) for __I$use$fp
    printfa.o(i.__0printf) refers to printfa.o(i._printf_core) for _printf_core
    printfa.o(i.__0printf) refers to main.o(.text) for fputc
    printfa.o(i.__0printf) refers to stdout.o(.data) for __stdout
    printfa.o(i.__0snprintf) refers (Special) to iusefp.o(.text) for __I$use$fp
    printfa.o(i.__0snprintf) refers to printfa.o(i._printf_core) for _printf_core
    printfa.o(i.__0snprintf) refers to printfa.o(i._snputc) for _snputc
    printfa.o(i.__0sprintf) refers (Special) to iusefp.o(.text) for __I$use$fp
    printfa.o(i.__0sprintf) refers to printfa.o(i._printf_core) for _printf_core
    printfa.o(i.__0sprintf) refers to printfa.o(i._sputc) for _sputc
    printfa.o(i.__0vfprintf) refers (Special) to iusefp.o(.text) for __I$use$fp
    printfa.o(i.__0vfprintf) refers to printfa.o(i._printf_core) for _printf_core
    printfa.o(i.__0vfprintf) refers to main.o(.text) for fputc
    printfa.o(i.__0vprintf) refers (Special) to iusefp.o(.text) for __I$use$fp
    printfa.o(i.__0vprintf) refers to printfa.o(i._printf_core) for _printf_core
    printfa.o(i.__0vprintf) refers to main.o(.text) for fputc
    printfa.o(i.__0vprintf) refers to stdout.o(.data) for __stdout
    printfa.o(i.__0vsnprintf) refers (Special) to iusefp.o(.text) for __I$use$fp
    printfa.o(i.__0vsnprintf) refers to printfa.o(i._printf_core) for _printf_core
    printfa.o(i.__0vsnprintf) refers to printfa.o(i._snputc) for _snputc
    printfa.o(i.__0vsprintf) refers (Special) to iusefp.o(.text) for __I$use$fp
    printfa.o(i.__0vsprintf) refers to printfa.o(i._printf_core) for _printf_core
    printfa.o(i.__0vsprintf) refers to printfa.o(i._sputc) for _sputc
    printfa.o(i._fp_digits) refers (Special) to iusefp.o(.text) for __I$use$fp
    printfa.o(i._fp_digits) refers to dmul.o(.text) for __aeabi_dmul
    printfa.o(i._fp_digits) refers to ddiv.o(.text) for __aeabi_ddiv
    printfa.o(i._fp_digits) refers to cdrcmple.o(.text) for __aeabi_cdrcmple
    printfa.o(i._fp_digits) refers to dadd.o(.text) for __aeabi_dadd
    printfa.o(i._fp_digits) refers to dfixul.o(.text) for __aeabi_d2ulz
    printfa.o(i._fp_digits) refers to uldiv.o(.text) for __aeabi_uldivmod
    printfa.o(i._printf_core) refers (Special) to iusefp.o(.text) for __I$use$fp
    printfa.o(i._printf_core) refers to printfa.o(i._printf_pre_padding) for _printf_pre_padding
    printfa.o(i._printf_core) refers to uldiv.o(.text) for __aeabi_uldivmod
    printfa.o(i._printf_core) refers to printfa.o(i._printf_post_padding) for _printf_post_padding
    printfa.o(i._printf_core) refers to printfa.o(i._fp_digits) for _fp_digits
    printfa.o(i._printf_core) refers to uidiv.o(.text) for __aeabi_uidivmod
    printfa.o(i._printf_post_padding) refers (Special) to iusefp.o(.text) for __I$use$fp
    printfa.o(i._printf_pre_padding) refers (Special) to iusefp.o(.text) for __I$use$fp
    printfa.o(i._snputc) refers (Special) to iusefp.o(.text) for __I$use$fp
    printfa.o(i._sputc) refers (Special) to iusefp.o(.text) for __I$use$fp
    ddiv.o(.text) refers (Special) to iusefp.o(.text) for __I$use$fp
    ddiv.o(.text) refers to depilogue.o(.text) for _double_round
    dfltui.o(.text) refers (Special) to iusefp.o(.text) for __I$use$fp
    dfltui.o(.text) refers to depilogue.o(.text) for _double_epilogue
    entry2.o(.ARM.Collect$$$$00000001) refers to entry2.o(.ARM.Collect$$$$00002712) for __lit__00000000
    entry2.o(.ARM.Collect$$$$00002712) refers to startup_hhd32f1xx_s.o(STACK) for __initial_sp
    entry2.o(__vectab_stack_and_reset_area) refers to startup_hhd32f1xx_s.o(STACK) for __initial_sp
    entry2.o(__vectab_stack_and_reset_area) refers to entry.o(.ARM.Collect$$$$00000000) for __main
    entry5.o(.ARM.Collect$$$$00000004) refers to init.o(.text) for __scatterload
    entry8.o(.ARM.Collect$$$$00000009) refers to main.o(.text) for main
    uldiv.o(.text) refers to llushr.o(.text) for __aeabi_llsr
    uldiv.o(.text) refers to llshl.o(.text) for __aeabi_llsl
    depilogue.o(.text) refers to llshl.o(.text) for __aeabi_llsl
    depilogue.o(.text) refers to llushr.o(.text) for __aeabi_llsr
    dadd.o(.text) refers to llshl.o(.text) for __aeabi_llsl
    dadd.o(.text) refers to llsshr.o(.text) for __aeabi_lasr
    dadd.o(.text) refers to depilogue.o(.text) for _double_epilogue
    dmul.o(.text) refers to depilogue.o(.text) for _double_epilogue
    dfixul.o(.text) refers to llushr.o(.text) for __aeabi_llsr
    dfixul.o(.text) refers to llshl.o(.text) for __aeabi_llsl
    init.o(.text) refers to entry5.o(.ARM.Collect$$$$00000004) for __main_after_scatterload


==============================================================================

Removing Unused input sections from the image.

    Removing core_cm3.o(.emb_text), (32 bytes).
    Removing startup_hhd32f1xx_s.o(HEAP), (512 bytes).
    Removing main.o(.bss), (176 bytes).

3 unused section(s) (total 720 bytes) removed from the image.

==============================================================================

Image Symbol Table

    Local Symbols

    Symbol Name                              Value     Ov Type        Size  Object(Section)

    RESET                                    0x00000000   Section      308  startup_hhd32f1xx_s.o(RESET)
    ../../microlib/division.c                0x00000000   Number         0  uldiv.o ABSOLUTE
    ../../microlib/division.c                0x00000000   Number         0  uidiv.o ABSOLUTE
    ../../microlib/fpadd.c                   0x00000000   Number         0  dadd.o ABSOLUTE
    ../../microlib/fpdiv.c                   0x00000000   Number         0  ddiv.o ABSOLUTE
    ../../microlib/fpepilogue.c              0x00000000   Number         0  depilogue.o ABSOLUTE
    ../../microlib/fpfix.c                   0x00000000   Number         0  dfixul.o ABSOLUTE
    ../../microlib/fpflt.c                   0x00000000   Number         0  dfltui.o ABSOLUTE
    ../../microlib/fpmul.c                   0x00000000   Number         0  dmul.o ABSOLUTE
    ../../microlib/init/entry.s              0x00000000   Number         0  entry7a.o ABSOLUTE
    ../../microlib/init/entry.s              0x00000000   Number         0  entry5.o ABSOLUTE
    ../../microlib/init/entry.s              0x00000000   Number         0  entry8.o ABSOLUTE
    ../../microlib/init/entry.s              0x00000000   Number         0  entry7b.o ABSOLUTE
    ../../microlib/init/entry.s              0x00000000   Number         0  entry.o ABSOLUTE
    ../../microlib/init/entry.s              0x00000000   Number         0  entry2.o ABSOLUTE
    ../../microlib/longlong.c                0x00000000   Number         0  llshl.o ABSOLUTE
    ../../microlib/longlong.c                0x00000000   Number         0  llushr.o ABSOLUTE
    ../../microlib/longlong.c                0x00000000   Number         0  llsshr.o ABSOLUTE
    ../../microlib/printf/printf.c           0x00000000   Number         0  printfa.o ABSOLUTE
    ../../microlib/printf/printf.c           0x00000000   Number         0  printf8.o ABSOLUTE
    ../../microlib/printf/printf.c           0x00000000   Number         0  printf7.o ABSOLUTE
    ../../microlib/printf/printf.c           0x00000000   Number         0  printfb.o ABSOLUTE
    ../../microlib/printf/printf.c           0x00000000   Number         0  printf6.o ABSOLUTE
    ../../microlib/printf/printf.c           0x00000000   Number         0  printf5.o ABSOLUTE
    ../../microlib/printf/printf.c           0x00000000   Number         0  printf4.o ABSOLUTE
    ../../microlib/printf/printf.c           0x00000000   Number         0  printf2.o ABSOLUTE
    ../../microlib/printf/printf.c           0x00000000   Number         0  printf3.o ABSOLUTE
    ../../microlib/printf/printf.c           0x00000000   Number         0  printf1.o ABSOLUTE
    ../../microlib/printf/printf.c           0x00000000   Number         0  printf0.o ABSOLUTE
    ../../microlib/printf/stubs.s            0x00000000   Number         0  stubs.o ABSOLUTE
    ../../microlib/stdio/streams.c           0x00000000   Number         0  stdout.o ABSOLUTE
    ../../microlib/stubs.s                   0x00000000   Number         0  iusefp.o ABSOLUTE
    ..\..\HHD32F1xx_library\Core\CM3\CoreSupport\core_cm3.c 0x00000000   Number         0  core_cm3.o ABSOLUTE
    ..\..\HHD32F1xx_library\Core\CM3\DeviceSupport\HHD32F1xx\Startup\rvds\startup_HHD32F1xx_s.s 0x00000000   Number         0  startup_hhd32f1xx_s.o ABSOLUTE
    ..\..\HHD32F1xx_library\Core\CM3\DeviceSupport\HHD32F1xx\system_HHD32F1xx.c 0x00000000   Number         0  system_hhd32f1xx.o ABSOLUTE
    ..\..\HHD32F1xx_library\Drivers\source\hhd_adc.c 0x00000000   Number         0  hhd_adc.o ABSOLUTE
    ..\..\HHD32F1xx_library\Drivers\source\hhd_gpio.c 0x00000000   Number         0  hhd_gpio.o ABSOLUTE
    ..\..\HHD32F1xx_library\Drivers\source\hhd_iic.c 0x00000000   Number         0  hhd_iic.o ABSOLUTE
    ..\..\HHD32F1xx_library\Drivers\source\hhd_spi.c 0x00000000   Number         0  hhd_spi.o ABSOLUTE
    ..\..\HHD32F1xx_library\Drivers\source\hhd_sys.c 0x00000000   Number         0  hhd_sys.o ABSOLUTE
    ..\..\HHD32F1xx_library\Drivers\source\hhd_uart.c 0x00000000   Number         0  hhd_uart.o ABSOLUTE
    ..\\..\\HHD32F1xx_library\\Core\\CM3\\CoreSupport\\core_cm3.c 0x00000000   Number         0  core_cm3.o ABSOLUTE
    cdrcmple.s                               0x00000000   Number         0  cdrcmple.o ABSOLUTE
    dc.s                                     0x00000000   Number         0  dc.o ABSOLUTE
    handlers.s                               0x00000000   Number         0  handlers.o ABSOLUTE
    init.s                                   0x00000000   Number         0  init.o ABSOLUTE
    myapp\src\delay.c                        0x00000000   Number         0  delay.o ABSOLUTE
    myapp\src\main.c                         0x00000000   Number         0  main.o ABSOLUTE
    myapp\src\sys.c                          0x00000000   Number         0  sys.o ABSOLUTE
    .ARM.Collect$$$$00000000                 0x00000134   Section        0  entry.o(.ARM.Collect$$$$00000000)
    .ARM.Collect$$$$00000001                 0x00000134   Section        4  entry2.o(.ARM.Collect$$$$00000001)
    .ARM.Collect$$$$00000004                 0x00000138   Section        4  entry5.o(.ARM.Collect$$$$00000004)
    .ARM.Collect$$$$00000008                 0x0000013c   Section        0  entry7b.o(.ARM.Collect$$$$00000008)
    .ARM.Collect$$$$00000009                 0x0000013c   Section        8  entry8.o(.ARM.Collect$$$$00000009)
    .ARM.Collect$$$$00002712                 0x00000144   Section        4  entry2.o(.ARM.Collect$$$$00002712)
    __lit__00000000                          0x00000144   Data           4  entry2.o(.ARM.Collect$$$$00002712)
    .text                                    0x00000148   Section        0  delay.o(.text)
    .text                                    0x000001e0   Section        0  system_hhd32f1xx.o(.text)
    .text                                    0x00000484   Section       28  startup_hhd32f1xx_s.o(.text)
    .text                                    0x000004a0   Section        0  hhd_adc.o(.text)
    .text                                    0x0000078c   Section        0  hhd_gpio.o(.text)
    NVIC_EnableIRQ                           0x00000ab9   Thumb Code    24  hhd_gpio.o(.text)
    NVIC_DisableIRQ                          0x00000ad1   Thumb Code    18  hhd_gpio.o(.text)
    .text                                    0x00000b10   Section        0  hhd_iic.o(.text)
    NVIC_EnableIRQ                           0x00001611   Thumb Code    24  hhd_iic.o(.text)
    .text                                    0x00001634   Section        0  hhd_spi.o(.text)
    .text                                    0x00001848   Section        0  hhd_sys.o(.text)
    .text                                    0x00001c80   Section        0  hhd_uart.o(.text)
    NVIC_DisableIRQ                          0x00001f63   Thumb Code    18  hhd_uart.o(.text)
    .text                                    0x00001fa0   Section        0  main.o(.text)
    SPI_IOCONFIG                             0x00002801   Thumb Code    24  main.o(.text)
    IIC_IOCONFIG                             0x000028c3   Thumb Code    16  main.o(.text)
    NVIC_EnableIRQ                           0x00002941   Thumb Code    24  main.o(.text)
    .text                                    0x00002b40   Section        0  ddiv.o(.text)
    .text                                    0x00002c1e   Section        0  dfltui.o(.text)
    .text                                    0x00002c38   Section        0  uidiv.o(.text)
    .text                                    0x00002c64   Section        0  uldiv.o(.text)
    .text                                    0x00002cc6   Section        0  iusefp.o(.text)
    .text                                    0x00002cc6   Section        0  depilogue.o(.text)
    .text                                    0x00002d84   Section        0  dadd.o(.text)
    .text                                    0x00002ed0   Section        0  dmul.o(.text)
    .text                                    0x00002fb0   Section        0  dfixul.o(.text)
    .text                                    0x00002fe0   Section       40  cdrcmple.o(.text)
    .text                                    0x00003008   Section       36  init.o(.text)
    .text                                    0x0000302c   Section        0  llshl.o(.text)
    .text                                    0x0000304a   Section        0  llushr.o(.text)
    .text                                    0x0000306a   Section        0  llsshr.o(.text)
    i.__0printf                              0x00003090   Section        0  printfa.o(i.__0printf)
    i.__scatterload_copy                     0x000030b0   Section       14  handlers.o(i.__scatterload_copy)
    i.__scatterload_null                     0x000030be   Section        2  handlers.o(i.__scatterload_null)
    i.__scatterload_zeroinit                 0x000030c0   Section       14  handlers.o(i.__scatterload_zeroinit)
    i._fp_digits                             0x000030d0   Section        0  printfa.o(i._fp_digits)
    _fp_digits                               0x000030d1   Thumb Code   324  printfa.o(i._fp_digits)
    i._printf_core                           0x00003228   Section        0  printfa.o(i._printf_core)
    _printf_core                             0x00003229   Thumb Code  1782  printfa.o(i._printf_core)
    i._printf_post_padding                   0x0000392c   Section        0  printfa.o(i._printf_post_padding)
    _printf_post_padding                     0x0000392d   Thumb Code    38  printfa.o(i._printf_post_padding)
    i._printf_pre_padding                    0x00003952   Section        0  printfa.o(i._printf_pre_padding)
    _printf_pre_padding                      0x00003953   Thumb Code    48  printfa.o(i._printf_pre_padding)
    .data                                    0x20000000   Section        4  delay.o(.data)
    TimingDelay                              0x20000000   Data           4  delay.o(.data)
    .data                                    0x20000004   Section       16  system_hhd32f1xx.o(.data)
    .data                                    0x20000014   Section        9  hhd_iic.o(.data)
    .data                                    0x20000020   Section       12  main.o(.data)
    .data                                    0x2000002c   Section        4  stdout.o(.data)
    .bss                                     0x20000030   Section       88  hhd_iic.o(.bss)
    IIC1_CtrlBlk                             0x20000030   Data          44  hhd_iic.o(.bss)
    IIC2_CtrlBlk                             0x2000005c   Data          44  hhd_iic.o(.bss)
    STACK                                    0x20000088   Section     1024  startup_hhd32f1xx_s.o(STACK)

    Global Symbols

    Symbol Name                              Value     Ov Type        Size  Object(Section)

    BuildAttributes$$THM_ISAv4$P$D$K$B$S$PE$A:L22UL41UL21$X:L11$S22US41US21$IEEE1$IW$USESV6$~STKCKD$USESV7$~SHL$OSPACE$ROPI$EBA8$MICROLIB$REQ8$PRES8$EABIv2 0x00000000   Number         0  anon$$obj.o ABSOLUTE
    __ARM_use_no_argv                        0x00000000   Number         0  main.o ABSOLUTE
    __Vectors                                0x00000000   Data           4  startup_hhd32f1xx_s.o(RESET)
    _printf_a                                0x00000000   Number         0  stubs.o ABSOLUTE
    _printf_c                                0x00000000   Number         0  stubs.o ABSOLUTE
    _printf_charcount                        0x00000000   Number         0  stubs.o ABSOLUTE
    _printf_d                                0x00000000   Number         0  stubs.o ABSOLUTE
    _printf_e                                0x00000000   Number         0  stubs.o ABSOLUTE
    _printf_f                                0x00000000   Number         0  stubs.o ABSOLUTE
    _printf_flags                            0x00000000   Number         0  stubs.o ABSOLUTE
    _printf_fp_dec                           0x00000000   Number         0  stubs.o ABSOLUTE
    _printf_fp_hex                           0x00000000   Number         0  stubs.o ABSOLUTE
    _printf_g                                0x00000000   Number         0  stubs.o ABSOLUTE
    _printf_i                                0x00000000   Number         0  stubs.o ABSOLUTE
    _printf_int_dec                          0x00000000   Number         0  stubs.o ABSOLUTE
    _printf_l                                0x00000000   Number         0  stubs.o ABSOLUTE
    _printf_lc                               0x00000000   Number         0  stubs.o ABSOLUTE
    _printf_ll                               0x00000000   Number         0  stubs.o ABSOLUTE
    _printf_lld                              0x00000000   Number         0  stubs.o ABSOLUTE
    _printf_lli                              0x00000000   Number         0  stubs.o ABSOLUTE
    _printf_llo                              0x00000000   Number         0  stubs.o ABSOLUTE
    _printf_llu                              0x00000000   Number         0  stubs.o ABSOLUTE
    _printf_llx                              0x00000000   Number         0  stubs.o ABSOLUTE
    _printf_longlong_dec                     0x00000000   Number         0  stubs.o ABSOLUTE
    _printf_longlong_hex                     0x00000000   Number         0  stubs.o ABSOLUTE
    _printf_longlong_oct                     0x00000000   Number         0  stubs.o ABSOLUTE
    _printf_ls                               0x00000000   Number         0  stubs.o ABSOLUTE
    _printf_mbtowc                           0x00000000   Number         0  stubs.o ABSOLUTE
    _printf_n                                0x00000000   Number         0  stubs.o ABSOLUTE
    _printf_o                                0x00000000   Number         0  stubs.o ABSOLUTE
    _printf_p                                0x00000000   Number         0  stubs.o ABSOLUTE
    _printf_percent                          0x00000000   Number         0  stubs.o ABSOLUTE
    _printf_pre_padding                      0x00000000   Number         0  stubs.o ABSOLUTE
    _printf_return_value                     0x00000000   Number         0  stubs.o ABSOLUTE
    _printf_s                                0x00000000   Number         0  stubs.o ABSOLUTE
    _printf_sizespec                         0x00000000   Number         0  stubs.o ABSOLUTE
    _printf_str                              0x00000000   Number         0  stubs.o ABSOLUTE
    _printf_truncate_signed                  0x00000000   Number         0  stubs.o ABSOLUTE
    _printf_truncate_unsigned                0x00000000   Number         0  stubs.o ABSOLUTE
    _printf_u                                0x00000000   Number         0  stubs.o ABSOLUTE
    _printf_wc                               0x00000000   Number         0  stubs.o ABSOLUTE
    _printf_wctomb                           0x00000000   Number         0  stubs.o ABSOLUTE
    _printf_widthprec                        0x00000000   Number         0  stubs.o ABSOLUTE
    _printf_x                                0x00000000   Number         0  stubs.o ABSOLUTE
    __decompress                              - Undefined Weak Reference
    _clock_init                               - Undefined Weak Reference
    __Vectors_End                            0x00000134   Data           0  startup_hhd32f1xx_s.o(RESET)
    __Vectors_Size                           0x00000134   Number         0  startup_hhd32f1xx_s.o ABSOLUTE
    __main                                   0x00000135   Thumb Code     0  entry.o(.ARM.Collect$$$$00000000)
    _main_stk                                0x00000135   Thumb Code     0  entry2.o(.ARM.Collect$$$$00000001)
    _main_scatterload                        0x00000139   Thumb Code     0  entry5.o(.ARM.Collect$$$$00000004)
    __main_after_scatterload                 0x0000013d   Thumb Code     0  entry5.o(.ARM.Collect$$$$00000004)
    _main_clock                              0x0000013d   Thumb Code     0  entry7b.o(.ARM.Collect$$$$00000008)
    _main_init                               0x0000013d   Thumb Code     0  entry8.o(.ARM.Collect$$$$00000009)
    SysTick_Init                             0x00000149   Thumb Code    90  delay.o(.text)
    delay_us                                 0x000001a3   Thumb Code    16  delay.o(.text)
    TimingDelay_Decrement                    0x000001b3   Thumb Code    18  delay.o(.text)
    SysTick_Handler                          0x000001c5   Thumb Code     8  delay.o(.text)
    SystemCoreClockUpdate                    0x000001e1   Thumb Code   362  system_hhd32f1xx.o(.text)
    SystemInit                               0x0000034b   Thumb Code   250  system_hhd32f1xx.o(.text)
    Reset_Handler                            0x00000485   Thumb Code     4  startup_hhd32f1xx_s.o(.text)
    NMI_Handler                              0x00000489   Thumb Code     2  startup_hhd32f1xx_s.o(.text)
    HardFault_Handler                        0x0000048b   Thumb Code     2  startup_hhd32f1xx_s.o(.text)
    MemoryManagement_Handler                 0x0000048d   Thumb Code     2  startup_hhd32f1xx_s.o(.text)
    BusFault_Handler                         0x0000048f   Thumb Code     2  startup_hhd32f1xx_s.o(.text)
    UsageFault_Handler                       0x00000491   Thumb Code     2  startup_hhd32f1xx_s.o(.text)
    SVC_Handler                              0x00000493   Thumb Code     2  startup_hhd32f1xx_s.o(.text)
    DebugMonitor_Handler                     0x00000495   Thumb Code     2  startup_hhd32f1xx_s.o(.text)
    PendSV_Handler                           0x00000497   Thumb Code     2  startup_hhd32f1xx_s.o(.text)
    ADC1_2_IRQHandler                        0x0000049b   Thumb Code     0  startup_hhd32f1xx_s.o(.text)
    ADC3_IRQHandler                          0x0000049b   Thumb Code     0  startup_hhd32f1xx_s.o(.text)
    BOD_IRQHandler                           0x0000049b   Thumb Code     0  startup_hhd32f1xx_s.o(.text)
    CAN_IRQHandler                           0x0000049b   Thumb Code     0  startup_hhd32f1xx_s.o(.text)
    DAC_IRQHandler                           0x0000049b   Thumb Code     0  startup_hhd32f1xx_s.o(.text)
    DMA1_CHANNEL1_IRQHandler                 0x0000049b   Thumb Code     0  startup_hhd32f1xx_s.o(.text)
    DMA1_CHANNEL2_IRQHandler                 0x0000049b   Thumb Code     0  startup_hhd32f1xx_s.o(.text)
    DMA1_CHANNEL3_IRQHandler                 0x0000049b   Thumb Code     0  startup_hhd32f1xx_s.o(.text)
    DMA1_CHANNEL4_IRQHandler                 0x0000049b   Thumb Code     0  startup_hhd32f1xx_s.o(.text)
    DMA1_CHANNEL5_IRQHandler                 0x0000049b   Thumb Code     0  startup_hhd32f1xx_s.o(.text)
    DMA1_CHANNEL6_IRQHandler                 0x0000049b   Thumb Code     0  startup_hhd32f1xx_s.o(.text)
    DMA1_CHANNEL7_IRQHandler                 0x0000049b   Thumb Code     0  startup_hhd32f1xx_s.o(.text)
    DMA2_CHANNEL1_IRQHandler                 0x0000049b   Thumb Code     0  startup_hhd32f1xx_s.o(.text)
    DMA2_CHANNEL2_IRQHandler                 0x0000049b   Thumb Code     0  startup_hhd32f1xx_s.o(.text)
    DMA2_CHANNEL3_IRQHandler                 0x0000049b   Thumb Code     0  startup_hhd32f1xx_s.o(.text)
    DMA2_CHANNEL4_5_IRQHandler               0x0000049b   Thumb Code     0  startup_hhd32f1xx_s.o(.text)
    RTC_IRQHandler                           0x0000049b   Thumb Code     0  startup_hhd32f1xx_s.o(.text)
    SPI3_IRQHandler                          0x0000049b   Thumb Code     0  startup_hhd32f1xx_s.o(.text)
    TIM10_IRQHandler                         0x0000049b   Thumb Code     0  startup_hhd32f1xx_s.o(.text)
    TIM11_IRQHandler                         0x0000049b   Thumb Code     0  startup_hhd32f1xx_s.o(.text)
    TIM13_IRQHandler                         0x0000049b   Thumb Code     0  startup_hhd32f1xx_s.o(.text)
    TIM14_IRQHandler                         0x0000049b   Thumb Code     0  startup_hhd32f1xx_s.o(.text)
    TIM1FAULT_TIM9_IRQHandler                0x0000049b   Thumb Code     0  startup_hhd32f1xx_s.o(.text)
    TIM1_IRQHandler                          0x0000049b   Thumb Code     0  startup_hhd32f1xx_s.o(.text)
    TIM2_IRQHandler                          0x0000049b   Thumb Code     0  startup_hhd32f1xx_s.o(.text)
    TIM3_IRQHandler                          0x0000049b   Thumb Code     0  startup_hhd32f1xx_s.o(.text)
    TIM4_IRQHandler                          0x0000049b   Thumb Code     0  startup_hhd32f1xx_s.o(.text)
    TIM5_IRQHandler                          0x0000049b   Thumb Code     0  startup_hhd32f1xx_s.o(.text)
    TIM6_IRQHandler                          0x0000049b   Thumb Code     0  startup_hhd32f1xx_s.o(.text)
    TIM7_IRQHandler                          0x0000049b   Thumb Code     0  startup_hhd32f1xx_s.o(.text)
    TIM8FAULT_TIM12_IRQHandler               0x0000049b   Thumb Code     0  startup_hhd32f1xx_s.o(.text)
    TIM8_IRQHandler                          0x0000049b   Thumb Code     0  startup_hhd32f1xx_s.o(.text)
    UART4_IRQHandler                         0x0000049b   Thumb Code     0  startup_hhd32f1xx_s.o(.text)
    UART5_IRQHandler                         0x0000049b   Thumb Code     0  startup_hhd32f1xx_s.o(.text)
    USBWAKEUP_IRQHandler                     0x0000049b   Thumb Code     0  startup_hhd32f1xx_s.o(.text)
    USB_IRQHandler                           0x0000049b   Thumb Code     0  startup_hhd32f1xx_s.o(.text)
    WWDT_IRQHandler                          0x0000049b   Thumb Code     0  startup_hhd32f1xx_s.o(.text)
    ADC_Init                                 0x000004a1   Thumb Code   418  hhd_adc.o(.text)
    ADC_DeInit                               0x00000643   Thumb Code    28  hhd_adc.o(.text)
    ADC_SetupChannels                        0x0000065f   Thumb Code    98  hhd_adc.o(.text)
    ADC_SetTrigger                           0x000006c1   Thumb Code    30  hhd_adc.o(.text)
    ADC_SetHighCmp0                          0x000006df   Thumb Code    24  hhd_adc.o(.text)
    ADC_SetHighCmp1                          0x000006f7   Thumb Code    24  hhd_adc.o(.text)
    ADC_SetLowCmp0                           0x0000070f   Thumb Code    24  hhd_adc.o(.text)
    ADC_SetLowCmp1                           0x00000727   Thumb Code    24  hhd_adc.o(.text)
    ADC_EnableConversionInt                  0x0000073f   Thumb Code     4  hhd_adc.o(.text)
    ADC_GetConversionData                    0x00000743   Thumb Code    26  hhd_adc.o(.text)
    GPIO_ConfigPinsAsInput                   0x0000078d   Thumb Code     8  hhd_gpio.o(.text)
    GPIO_ConfigPinsAsOutput                  0x00000795   Thumb Code     4  hhd_gpio.o(.text)
    GPIO_SetPin                              0x00000799   Thumb Code     8  hhd_gpio.o(.text)
    GPIO_ResetPin                            0x000007a1   Thumb Code     8  hhd_gpio.o(.text)
    GPIO_InvertOutPin                        0x000007a9   Thumb Code     8  hhd_gpio.o(.text)
    GPIO_GetPinState                         0x000007b1   Thumb Code    16  hhd_gpio.o(.text)
    GPIO_GetPortState                        0x000007c1   Thumb Code     8  hhd_gpio.o(.text)
    GPIO_SetPortMask                         0x000007c9   Thumb Code     8  hhd_gpio.o(.text)
    GPIO_ResetPortMask                       0x000007d1   Thumb Code     8  hhd_gpio.o(.text)
    GPIO_ReadPort                            0x000007d9   Thumb Code     8  hhd_gpio.o(.text)
    GPIO_WritePort                           0x000007e1   Thumb Code     4  hhd_gpio.o(.text)
    GPIO_EnableInt                           0x000007e5   Thumb Code   464  hhd_gpio.o(.text)
    GPIO_ClrIntflag                          0x000009b5   Thumb Code    16  hhd_gpio.o(.text)
    GPIO_DisableInt                          0x000009c5   Thumb Code   244  hhd_gpio.o(.text)
    IIC_SendByte                             0x00000b11   Thumb Code     4  hhd_iic.o(.text)
    SendArry                                 0x00000b15   Thumb Code    26  hhd_iic.o(.text)
    IIC_Init                                 0x00000b2f   Thumb Code   226  hhd_iic.o(.text)
    IIC_GetIICStatus                         0x00000c11   Thumb Code     8  hhd_iic.o(.text)
    IIC_ReadFlag                             0x00000c19   Thumb Code     8  hhd_iic.o(.text)
    IIC_SetFlag                              0x00000c21   Thumb Code     4  hhd_iic.o(.text)
    IIC_ClearFlag                            0x00000c25   Thumb Code     4  hhd_iic.o(.text)
    IIC_GetByte                              0x00000c29   Thumb Code     8  hhd_iic.o(.text)
    IIC_IRQHandler                           0x00000c31   Thumb Code   680  hhd_iic.o(.text)
    IIC1_IRQHandler                          0x00000ed9   Thumb Code   688  hhd_iic.o(.text)
    IIC2_IRQHandler                          0x00001189   Thumb Code   682  hhd_iic.o(.text)
    IIC_WriteByte                            0x00001433   Thumb Code    74  hhd_iic.o(.text)
    IIC_WriteArray                           0x0000147d   Thumb Code   100  hhd_iic.o(.text)
    IIC_ReadByte                             0x000014e1   Thumb Code    74  hhd_iic.o(.text)
    IIC_ReadArray                            0x0000152b   Thumb Code   142  hhd_iic.o(.text)
    IIC_SlaveResponseRd                      0x000015b9   Thumb Code    62  hhd_iic.o(.text)
    IIC_SlaveGetData                         0x000015f7   Thumb Code    26  hhd_iic.o(.text)
    SPI_Open                                 0x00001635   Thumb Code   148  hhd_spi.o(.text)
    SPI_Close                                0x000016c9   Thumb Code    66  hhd_spi.o(.text)
    SPI_SetClk                               0x0000170b   Thumb Code    42  hhd_spi.o(.text)
    SPI_ClearFIFO                            0x00001735   Thumb Code    32  hhd_spi.o(.text)
    SPI_SingleWriteRead                      0x00001755   Thumb Code    58  hhd_spi.o(.text)
    SPI_WritetoFIFO                          0x0000178f   Thumb Code    36  hhd_spi.o(.text)
    SPI_ReadFIFOData                         0x000017b3   Thumb Code    26  hhd_spi.o(.text)
    SPI_ClrInt                               0x000017cd   Thumb Code     4  hhd_spi.o(.text)
    SPI_EnableInt                            0x000017d1   Thumb Code     8  hhd_spi.o(.text)
    SPI_DisableInt                           0x000017d9   Thumb Code     8  hhd_spi.o(.text)
    SPI_Set_SSEL_High                        0x000017e1   Thumb Code    12  hhd_spi.o(.text)
    SPI_Reset_SSEL_Low                       0x000017ed   Thumb Code    10  hhd_spi.o(.text)
    SPI_Write_FIFO                           0x000017f7   Thumb Code    10  hhd_spi.o(.text)
    SPI_TX_FIFO_Not_Empty                    0x00001801   Thumb Code    20  hhd_spi.o(.text)
    POLL_RXFIFO_NOTEMPTY                     0x00001815   Thumb Code    14  hhd_spi.o(.text)
    SPI_Read_FIFO                            0x00001823   Thumb Code     8  hhd_spi.o(.text)
    SYS_SystemInitial                        0x00001849   Thumb Code    22  hhd_sys.o(.text)
    SYS_SelectMainClkSrc                     0x0000185f   Thumb Code    68  hhd_sys.o(.text)
    SYS_SetAHBClkDivider                     0x000018a3   Thumb Code    22  hhd_sys.o(.text)
    SYS_SelectWDTClkSrc                      0x000018b9   Thumb Code    38  hhd_sys.o(.text)
    SYS_SelectClkOutSrc                      0x000018df   Thumb Code    88  hhd_sys.o(.text)
    SYS_SetClkOutDivider                     0x00001937   Thumb Code    16  hhd_sys.o(.text)
    SYS_EnableClkOut                         0x00001947   Thumb Code    10  hhd_sys.o(.text)
    SYS_DisableClkOut                        0x00001951   Thumb Code    24  hhd_sys.o(.text)
    SYS_SetIOFilter                          0x00001969   Thumb Code    16  hhd_sys.o(.text)
    SYS_PowerDownAngIP                       0x00001979   Thumb Code    16  hhd_sys.o(.text)
    SYS_PowerUpAngIP                         0x00001989   Thumb Code    16  hhd_sys.o(.text)
    SYS_EnablePhrClk                         0x00001999   Thumb Code    44  hhd_sys.o(.text)
    SYS_DisablePhrClk                        0x000019c5   Thumb Code    16  hhd_sys.o(.text)
    SYS_ResetPhr                             0x000019d5   Thumb Code    58  hhd_sys.o(.text)
    SYS_ResetSystem                          0x00001a0f   Thumb Code    30  hhd_sys.o(.text)
    SYS_BODResetSystem                       0x00001a2d   Thumb Code    56  hhd_sys.o(.text)
    SYS_GetResetStatus                       0x00001a65   Thumb Code     6  hhd_sys.o(.text)
    SYS_ClearResetStatus                     0x00001a6b   Thumb Code     8  hhd_sys.o(.text)
    SYS_EnterSleep                           0x00001a73   Thumb Code    32  hhd_sys.o(.text)
    SYS_SetDeepSleepWakeupPin                0x00001a93   Thumb Code    64  hhd_sys.o(.text)
    SYS_ResetDeepSleepWakeupPin              0x00001ad3   Thumb Code    18  hhd_sys.o(.text)
    SYS_EnterDeepSleep                       0x00001ae5   Thumb Code   164  hhd_sys.o(.text)
    SYS_EnterPowerDown                       0x00001b89   Thumb Code   106  hhd_sys.o(.text)
    SYS_IOConfig                             0x00001bf3   Thumb Code     4  hhd_sys.o(.text)
    SYS_IOSetPullup                          0x00001bf7   Thumb Code    20  hhd_sys.o(.text)
    SYS_IOSetPulldown                        0x00001c0b   Thumb Code    20  hhd_sys.o(.text)
    SYS_IOEnableFilter                       0x00001c1f   Thumb Code    86  hhd_sys.o(.text)
    SYS_IODisableFilter                      0x00001c75   Thumb Code    10  hhd_sys.o(.text)
    UART_Open                                0x00001c81   Thumb Code   340  hhd_uart.o(.text)
    UART_ClearIntFlag                        0x00001dd5   Thumb Code    10  hhd_uart.o(.text)
    UART_DisableInt                          0x00001ddf   Thumb Code    10  hhd_uart.o(.text)
    UART_Close                               0x00001de9   Thumb Code   106  hhd_uart.o(.text)
    UART_ByteRead                            0x00001e53   Thumb Code    22  hhd_uart.o(.text)
    UART_Read                                0x00001e69   Thumb Code    38  hhd_uart.o(.text)
    UART_ByteWrite                           0x00001e8f   Thumb Code    26  hhd_uart.o(.text)
    UART_Write                               0x00001ea9   Thumb Code    46  hhd_uart.o(.text)
    UART_Send                                0x00001ed7   Thumb Code    38  hhd_uart.o(.text)
    UART_PutString                           0x00001efd   Thumb Code    28  hhd_uart.o(.text)
    UART_PutHex                              0x00001f19   Thumb Code    52  hhd_uart.o(.text)
    UART_EnableInt                           0x00001f4d   Thumb Code     8  hhd_uart.o(.text)
    UART_GetStatus                           0x00001f55   Thumb Code     8  hhd_uart.o(.text)
    UART_ClearFIFO                           0x00001f5d   Thumb Code     6  hhd_uart.o(.text)
    delay                                    0x00001fa1   Thumb Code    12  main.o(.text)
    GetADCVoltage                            0x00001fad   Thumb Code    36  main.o(.text)
    ADC_Test                                 0x00001fd1   Thumb Code   506  main.o(.text)
    UART1_IOCFG                              0x000021cb   Thumb Code    52  main.o(.text)
    ADC_Configuration                        0x000021ff   Thumb Code    94  main.o(.text)
    main                                     0x0000225d   Thumb Code    28  main.o(.text)
    UART2_IOCFG                              0x00002279   Thumb Code    52  main.o(.text)
    UART3_IOCFG                              0x000022ad   Thumb Code    52  main.o(.text)
    GPIO_Test                                0x000022e1   Thumb Code    78  main.o(.text)
    IO_EXTI_Test                             0x0000232f   Thumb Code   702  main.o(.text)
    UART_Test                                0x000025ed   Thumb Code   112  main.o(.text)
    UART1_IRQHandler                         0x0000265d   Thumb Code    58  main.o(.text)
    UART2_IRQHandler                         0x00002697   Thumb Code    58  main.o(.text)
    UART3_IRQHandler                         0x000026d1   Thumb Code    58  main.o(.text)
    GetExtiPin                               0x0000270b   Thumb Code    36  main.o(.text)
    EXTI0_IRQHandler                         0x0000272f   Thumb Code    30  main.o(.text)
    EXTI1_IRQHandler                         0x0000274d   Thumb Code    30  main.o(.text)
    EXTI2_IRQHandler                         0x0000276b   Thumb Code    30  main.o(.text)
    EXTI3_IRQHandler                         0x00002789   Thumb Code    30  main.o(.text)
    EXTI4_IRQHandler                         0x000027a7   Thumb Code    30  main.o(.text)
    EXTI9_5_IRQHandler                       0x000027c5   Thumb Code    30  main.o(.text)
    EXTI15_10_IRQHandler                     0x000027e3   Thumb Code    30  main.o(.text)
    SPI_Configuration                        0x00002819   Thumb Code   108  main.o(.text)
    SPI_Test                                 0x00002885   Thumb Code     2  main.o(.text)
    SPI1_IRQHandler                          0x00002887   Thumb Code    22  main.o(.text)
    SPI2_IRQHandler                          0x0000289d   Thumb Code    36  main.o(.text)
    I2C_Test                                 0x000028c1   Thumb Code     2  main.o(.text)
    I2C_Configuration                        0x000028d3   Thumb Code    56  main.o(.text)
    I2C1_IRQHandler                          0x0000290b   Thumb Code    10  main.o(.text)
    I2C2_IRQHandler                          0x00002915   Thumb Code    10  main.o(.text)
    fputc                                    0x0000291f   Thumb Code    34  main.o(.text)
    __aeabi_ddiv                             0x00002b41   Thumb Code   222  ddiv.o(.text)
    __aeabi_ui2d                             0x00002c1f   Thumb Code    26  dfltui.o(.text)
    __aeabi_uidiv                            0x00002c39   Thumb Code     0  uidiv.o(.text)
    __aeabi_uidivmod                         0x00002c39   Thumb Code    44  uidiv.o(.text)
    __aeabi_uldivmod                         0x00002c65   Thumb Code    98  uldiv.o(.text)
    __I$use$fp                               0x00002cc7   Thumb Code     0  iusefp.o(.text)
    _double_round                            0x00002cc7   Thumb Code    26  depilogue.o(.text)
    _double_epilogue                         0x00002ce1   Thumb Code   164  depilogue.o(.text)
    __aeabi_dadd                             0x00002d85   Thumb Code   320  dadd.o(.text)
    __aeabi_dsub                             0x00002ec5   Thumb Code     6  dadd.o(.text)
    __aeabi_drsub                            0x00002ecb   Thumb Code     6  dadd.o(.text)
    __aeabi_dmul                             0x00002ed1   Thumb Code   224  dmul.o(.text)
    __aeabi_d2ulz                            0x00002fb1   Thumb Code    48  dfixul.o(.text)
    __aeabi_cdrcmple                         0x00002fe1   Thumb Code    38  cdrcmple.o(.text)
    __scatterload                            0x00003009   Thumb Code    28  init.o(.text)
    __scatterload_rt2                        0x00003009   Thumb Code     0  init.o(.text)
    __aeabi_llsl                             0x0000302d   Thumb Code    30  llshl.o(.text)
    _ll_shift_l                              0x0000302d   Thumb Code     0  llshl.o(.text)
    __aeabi_llsr                             0x0000304b   Thumb Code    32  llushr.o(.text)
    _ll_ushift_r                             0x0000304b   Thumb Code     0  llushr.o(.text)
    __aeabi_lasr                             0x0000306b   Thumb Code    36  llsshr.o(.text)
    _ll_sshift_r                             0x0000306b   Thumb Code     0  llsshr.o(.text)
    __0printf                                0x00003091   Thumb Code    22  printfa.o(i.__0printf)
    __1printf                                0x00003091   Thumb Code     0  printfa.o(i.__0printf)
    __2printf                                0x00003091   Thumb Code     0  printfa.o(i.__0printf)
    __c89printf                              0x00003091   Thumb Code     0  printfa.o(i.__0printf)
    printf                                   0x00003091   Thumb Code     0  printfa.o(i.__0printf)
    __scatterload_copy                       0x000030b1   Thumb Code    14  handlers.o(i.__scatterload_copy)
    __scatterload_null                       0x000030bf   Thumb Code     2  handlers.o(i.__scatterload_null)
    __scatterload_zeroinit                   0x000030c1   Thumb Code    14  handlers.o(i.__scatterload_zeroinit)
    Region$$Table$$Base                      0x00003984   Number         0  anon$$obj.o(Region$$Table)
    Region$$Table$$Limit                     0x000039a4   Number         0  anon$$obj.o(Region$$Table)
    SystemCoreClock                          0x20000004   Data           4  system_hhd32f1xx.o(.data)
    MainClock                                0x20000008   Data           4  system_hhd32f1xx.o(.data)
    APB1Clock                                0x2000000c   Data           4  system_hhd32f1xx.o(.data)
    APB2Clock                                0x20000010   Data           4  system_hhd32f1xx.o(.data)
    SlaveSendArry                            0x20000014   Data           8  hhd_iic.o(.data)
    index                                    0x2000001c   Data           1  hhd_iic.o(.data)
    dValue                                   0x20000020   Data           4  main.o(.data)
    Value_GPIOA                              0x20000024   Data           2  main.o(.data)
    Value_GPIOB                              0x20000026   Data           2  main.o(.data)
    Value_GPIOC                              0x20000028   Data           2  main.o(.data)
    Value_GPIOD                              0x2000002a   Data           2  main.o(.data)
    __stdout                                 0x2000002c   Data           4  stdout.o(.data)
    __initial_sp                             0x20000488   Data           0  startup_hhd32f1xx_s.o(STACK)



==============================================================================

Memory Map of the image

  Image Entry point : 0x00000135

  Load Region LR_IROM1 (Base: 0x00000000, Size: 0x000039d4, Max: 0x00010000, ABSOLUTE)

    Execution Region ER_IROM1 (Base: 0x00000000, Size: 0x000039a4, Max: 0x00010000, ABSOLUTE)

    Base Addr    Size         Type   Attr      Idx    E Section Name        Object

    0x00000000   0x00000134   Data   RO           78    RESET               startup_hhd32f1xx_s.o
    0x00000134   0x00000000   Code   RO          221  * .ARM.Collect$$$$00000000  mc_w.l(entry.o)
    0x00000134   0x00000004   Code   RO          489    .ARM.Collect$$$$00000001  mc_w.l(entry2.o)
    0x00000138   0x00000004   Code   RO          492    .ARM.Collect$$$$00000004  mc_w.l(entry5.o)
    0x0000013c   0x00000000   Code   RO          494    .ARM.Collect$$$$00000008  mc_w.l(entry7b.o)
    0x0000013c   0x00000008   Code   RO          495    .ARM.Collect$$$$00000009  mc_w.l(entry8.o)
    0x00000144   0x00000004   Code   RO          490    .ARM.Collect$$$$00002712  mc_w.l(entry2.o)
    0x00000148   0x00000098   Code   RO            1    .text               delay.o
    0x000001e0   0x000002a4   Code   RO           58    .text               system_hhd32f1xx.o
    0x00000484   0x0000001c   Code   RO           79    .text               startup_hhd32f1xx_s.o
    0x000004a0   0x000002ec   Code   RO           83    .text               hhd_adc.o
    0x0000078c   0x00000384   Code   RO          102    .text               hhd_gpio.o
    0x00000b10   0x00000b24   Code   RO          121    .text               hhd_iic.o
    0x00001634   0x00000214   Code   RO          145    .text               hhd_spi.o
    0x00001848   0x00000436   Code   RO          160    .text               hhd_sys.o
    0x00001c7e   0x00000002   PAD
    0x00001c80   0x00000320   Code   RO          179    .text               hhd_uart.o
    0x00001fa0   0x00000ba0   Code   RO          198    .text               main.o
    0x00002b40   0x000000de   Code   RO          485    .text               mf_w.l(ddiv.o)
    0x00002c1e   0x0000001a   Code   RO          487    .text               mf_w.l(dfltui.o)
    0x00002c38   0x0000002c   Code   RO          497    .text               mc_w.l(uidiv.o)
    0x00002c64   0x00000062   Code   RO          499    .text               mc_w.l(uldiv.o)
    0x00002cc6   0x00000000   Code   RO          501    .text               mc_w.l(iusefp.o)
    0x00002cc6   0x000000be   Code   RO          502    .text               mf_w.l(depilogue.o)
    0x00002d84   0x0000014c   Code   RO          504    .text               mf_w.l(dadd.o)
    0x00002ed0   0x000000e0   Code   RO          506    .text               mf_w.l(dmul.o)
    0x00002fb0   0x00000030   Code   RO          508    .text               mf_w.l(dfixul.o)
    0x00002fe0   0x00000028   Code   RO          510    .text               mf_w.l(cdrcmple.o)
    0x00003008   0x00000024   Code   RO          512    .text               mc_w.l(init.o)
    0x0000302c   0x0000001e   Code   RO          514    .text               mc_w.l(llshl.o)
    0x0000304a   0x00000020   Code   RO          516    .text               mc_w.l(llushr.o)
    0x0000306a   0x00000024   Code   RO          518    .text               mc_w.l(llsshr.o)
    0x0000308e   0x00000002   PAD
    0x00003090   0x00000020   Code   RO          457    i.__0printf         mc_w.l(printfa.o)
    0x000030b0   0x0000000e   Code   RO          522    i.__scatterload_copy  mc_w.l(handlers.o)
    0x000030be   0x00000002   Code   RO          523    i.__scatterload_null  mc_w.l(handlers.o)
    0x000030c0   0x0000000e   Code   RO          524    i.__scatterload_zeroinit  mc_w.l(handlers.o)
    0x000030ce   0x00000002   PAD
    0x000030d0   0x00000158   Code   RO          464    i._fp_digits        mc_w.l(printfa.o)
    0x00003228   0x00000704   Code   RO          465    i._printf_core      mc_w.l(printfa.o)
    0x0000392c   0x00000026   Code   RO          466    i._printf_post_padding  mc_w.l(printfa.o)
    0x00003952   0x00000030   Code   RO          467    i._printf_pre_padding  mc_w.l(printfa.o)
    0x00003982   0x00000002   PAD
    0x00003984   0x00000020   Data   RO          520    Region$$Table       anon$$obj.o


    Execution Region RW_IRAM1 (Base: 0x20000000, Size: 0x00000488, Max: 0x00001000, ABSOLUTE)

    Base Addr    Size         Type   Attr      Idx    E Section Name        Object

    0x20000000   0x00000004   Data   RW            2    .data               delay.o
    0x20000004   0x00000010   Data   RW           59    .data               system_hhd32f1xx.o
    0x20000014   0x00000009   Data   RW          123    .data               hhd_iic.o
    0x2000001d   0x00000003   PAD
    0x20000020   0x0000000c   Data   RW          200    .data               main.o
    0x2000002c   0x00000004   Data   RW          496    .data               mc_w.l(stdout.o)
    0x20000030   0x00000058   Zero   RW          122    .bss                hhd_iic.o
    0x20000088   0x00000400   Zero   RW           76    STACK               startup_hhd32f1xx_s.o


==============================================================================

Image component sizes


      Code (inc. data)   RO Data    RW Data    ZI Data      Debug   Object Name

         0          0          0          0          0         32   core_cm3.o
       152         20          0          4          0      35125   delay.o
       748         48          0          0          0      25307   hhd_adc.o
       900         46          0          0          0      24439   hhd_gpio.o
      2852         66          0          9         88      29048   hhd_iic.o
       532         30          0          0          0       6900   hhd_spi.o
      1078         78          0          0          0      22417   hhd_sys.o
       800         44          0          0          0      23684   hhd_uart.o
      2976       1044          0         12          0       8485   main.o
        28          4        308          0       1024        964   startup_hhd32f1xx_s.o
       676         64          0         16          0       1527   system_hhd32f1xx.o

    ----------------------------------------------------------------------
     10744       1444        340         44       1112     177928   Object Totals
         0          0         32          0          0          0   (incl. Generated)
         2          0          0          3          0          0   (incl. Padding)

    ----------------------------------------------------------------------

      Code (inc. data)   RO Data    RW Data    ZI Data      Debug   Library Member Name

         0          0          0          0          0          0   entry.o
         8          4          0          0          0          0   entry2.o
         4          0          0          0          0          0   entry5.o
         0          0          0          0          0          0   entry7b.o
         8          4          0          0          0          0   entry8.o
        30          0          0          0          0          0   handlers.o
        36          8          0          0          0         68   init.o
         0          0          0          0          0          0   iusefp.o
        30          0          0          0          0         68   llshl.o
        36          0          0          0          0         68   llsshr.o
        32          0          0          0          0         68   llushr.o
      2258         88          0          0          0        444   printfa.o
         0          0          0          4          0          0   stdout.o
        44          0          0          0          0         80   uidiv.o
        98          0          0          0          0         92   uldiv.o
        40          2          0          0          0         68   cdrcmple.o
       332          0          0          0          0        148   dadd.o
       222          0          0          0          0        100   ddiv.o
       190          0          0          0          0        176   depilogue.o
        48          0          0          0          0         68   dfixul.o
        26          0          0          0          0         76   dfltui.o
       224          0          0          0          0         96   dmul.o

    ----------------------------------------------------------------------
      3672        106          0          4          0       1620   Library Totals
         6          0          0          0          0          0   (incl. Padding)

    ----------------------------------------------------------------------

      Code (inc. data)   RO Data    RW Data    ZI Data      Debug   Library Name

      2584        104          0          4          0        888   mc_w.l
      1082          2          0          0          0        732   mf_w.l

    ----------------------------------------------------------------------
      3672        106          0          4          0       1620   Library Totals

    ----------------------------------------------------------------------

==============================================================================


      Code (inc. data)   RO Data    RW Data    ZI Data      Debug   

     14416       1550        340         48       1112     177520   Grand Totals
     14416       1550        340         48       1112     177520   ELF Image Totals
     14416       1550        340         48          0          0   ROM Totals

==============================================================================

    Total RO  Size (Code + RO Data)                14756 (  14.41kB)
    Total RW  Size (RW Data + ZI Data)              1160 (   1.13kB)
    Total ROM Size (Code + RO Data + RW Data)      14804 (  14.46kB)

==============================================================================

