<html>
<body>
<pre>
<h1>礦ision Build Log</h1>
<h2>Project:</h2>
E:\汪魁工作档案\工作目录\设计资料\研制类产品\MCU\32F103\3 软件\DeBug\hhd32f103_Library_release20170702\Library\HHD32F1xx_examples\DMA\demo.uvproj
Project File Date:  12/10/2015

<h2>Output:</h2>
Rebuild target 'Run In Flash'
compiling core_cm3.c...
assembling startup_HHD32F1xx_s.s...
compiling system_HHD32F1xx.c...
compiling hhd_dma.c...
..\..\HHD32F1xx_library\Drivers\source\hhd_dma.c(13): error:  #5: cannot open source input file "g32f1xx.h": No such file or directory
compiling hhd_sys.c...
compiling main.c...
Target not created
Rebuild target 'Run In Flash'
compiling core_cm3.c...
assembling startup_HHD32F1xx_s.s...
compiling system_HHD32F1xx.c...
compiling hhd_dma.c...
compiling hhd_sys.c...
compiling main.c...
linking...
Program Size: Code=1336 RO-data=340 RW-data=16 ZI-data=1656  
".\myapp\obj\demo.axf" - 0 Error(s), 0 Warning(s).
