ARM Linker, 4.1 [Build 894] [Standard]

==============================================================================

Section Cross References

    system_hhd32f1xx.o(.text) refers to system_hhd32f1xx.o(.data) for SystemCoreClock
    startup_hhd32f1xx_s.o(STACK) refers (Special) to heapauxi.o(.text) for __use_two_region_memory
    startup_hhd32f1xx_s.o(HEAP) refers (Special) to heapauxi.o(.text) for __use_two_region_memory
    startup_hhd32f1xx_s.o(RESET) refers (Special) to heapauxi.o(.text) for __use_two_region_memory
    startup_hhd32f1xx_s.o(RESET) refers to startup_hhd32f1xx_s.o(STACK) for __initial_sp
    startup_hhd32f1xx_s.o(RESET) refers to startup_hhd32f1xx_s.o(.text) for Reset_Handler
    startup_hhd32f1xx_s.o(RESET) refers to main.o(.text) for I2C1_IRQHandler
    startup_hhd32f1xx_s.o(.text) refers (Special) to heapauxi.o(.text) for __use_two_region_memory
    startup_hhd32f1xx_s.o(.text) refers to __main.o(!!!main) for __main
    startup_hhd32f1xx_s.o(.text) refers to startup_hhd32f1xx_s.o(HEAP) for Heap_Mem
    startup_hhd32f1xx_s.o(.text) refers to startup_hhd32f1xx_s.o(STACK) for Stack_Mem
    hhd_iic.o(.text) refers to system_hhd32f1xx.o(.data) for SystemCoreClock
    hhd_iic.o(.text) refers to hhd_iic.o(.bss) for IIC1_CtrlBlk
    hhd_iic.o(.text) refers to hhd_iic.o(.data) for SlaveSendArry
    hhd_sys.o(.text) refers to system_hhd32f1xx.o(.text) for SystemInit
    main.o(.text) refers to system_hhd32f1xx.o(.text) for SystemInit
    main.o(.text) refers to hhd_iic.o(.text) for IIC_Init
    main.o(.text) refers to main.o(.bss) for LCD_disp_Buf
    __main.o(!!!main) refers to rtentry.o(.ARM.Collect$$rtentry$$00000000) for __rt_entry
    rtentry.o(.ARM.Collect$$rtentry$$00000000) refers (Special) to rtentry2.o(.ARM.Collect$$rtentry$$0000000A) for __rt_entry_li
    rtentry.o(.ARM.Collect$$rtentry$$00000000) refers (Special) to rtentry2.o(.ARM.Collect$$rtentry$$0000000D) for __rt_entry_main
    rtentry.o(.ARM.Collect$$rtentry$$00000000) refers (Special) to rtentry2.o(.ARM.Collect$$rtentry$$0000000C) for __rt_entry_postli_1
    rtentry.o(.ARM.Collect$$rtentry$$00000000) refers (Special) to rtentry2.o(.ARM.Collect$$rtentry$$00000009) for __rt_entry_postsh_1
    rtentry.o(.ARM.Collect$$rtentry$$00000000) refers (Special) to rtentry2.o(.ARM.Collect$$rtentry$$00000002) for __rt_entry_presh_1
    rtentry.o(.ARM.Collect$$rtentry$$00000000) refers (Special) to rtentry4.o(.ARM.Collect$$rtentry$$00000004) for __rt_entry_sh
    rtentry2.o(.ARM.Collect$$rtentry$$00000008) refers to boardinit2.o(.text) for _platform_post_stackheap_init
    rtentry2.o(.ARM.Collect$$rtentry$$0000000A) refers to libinit.o(.ARM.Collect$$libinit$$00000000) for __rt_lib_init
    rtentry2.o(.ARM.Collect$$rtentry$$0000000B) refers to boardinit3.o(.text) for _platform_post_lib_init
    rtentry2.o(.ARM.Collect$$rtentry$$0000000D) refers to main.o(.text) for main
    rtentry2.o(.ARM.Collect$$rtentry$$0000000D) refers to exit.o(.text) for exit
    rtentry2.o(.ARM.exidx) refers to rtentry2.o(.ARM.Collect$$rtentry$$00000001) for .ARM.Collect$$rtentry$$00000001
    rtentry2.o(.ARM.exidx) refers to rtentry2.o(.ARM.Collect$$rtentry$$00000008) for .ARM.Collect$$rtentry$$00000008
    rtentry2.o(.ARM.exidx) refers to rtentry2.o(.ARM.Collect$$rtentry$$0000000A) for .ARM.Collect$$rtentry$$0000000A
    rtentry2.o(.ARM.exidx) refers to rtentry2.o(.ARM.Collect$$rtentry$$0000000B) for .ARM.Collect$$rtentry$$0000000B
    rtentry2.o(.ARM.exidx) refers to rtentry2.o(.ARM.Collect$$rtentry$$0000000D) for .ARM.Collect$$rtentry$$0000000D
    rtentry4.o(.ARM.Collect$$rtentry$$00000004) refers to sys_stackheap_outer.o(.text) for __user_setup_stackheap
    rtentry4.o(.ARM.exidx) refers to rtentry4.o(.ARM.Collect$$rtentry$$00000004) for .ARM.Collect$$rtentry$$00000004
    sys_stackheap_outer.o(.text) refers to libspace.o(.text) for __user_perproc_libspace
    sys_stackheap_outer.o(.text) refers to startup_hhd32f1xx_s.o(.text) for __user_initial_stackheap
    exit.o(.text) refers to rtexit.o(.ARM.Collect$$rtexit$$00000000) for __rt_exit
    libinit.o(.ARM.Collect$$libinit$$00000000) refers (Special) to libinit2.o(.ARM.Collect$$libinit$$0000002A) for __rt_lib_init_alloca_1
    libinit.o(.ARM.Collect$$libinit$$00000000) refers (Special) to libinit2.o(.ARM.Collect$$libinit$$00000028) for __rt_lib_init_argv_1
    libinit.o(.ARM.Collect$$libinit$$00000000) refers (Special) to libinit2.o(.ARM.Collect$$libinit$$00000017) for __rt_lib_init_atexit_1
    libinit.o(.ARM.Collect$$libinit$$00000000) refers (Special) to libinit2.o(.ARM.Collect$$libinit$$0000001D) for __rt_lib_init_clock_1
    libinit.o(.ARM.Collect$$libinit$$00000000) refers (Special) to libinit2.o(.ARM.Collect$$libinit$$0000002E) for __rt_lib_init_cpp_1
    libinit.o(.ARM.Collect$$libinit$$00000000) refers (Special) to libinit2.o(.ARM.Collect$$libinit$$0000002C) for __rt_lib_init_exceptions_1
    libinit.o(.ARM.Collect$$libinit$$00000000) refers (Special) to libinit2.o(.ARM.Collect$$libinit$$0000001B) for __rt_lib_init_fp_trap_1
    libinit.o(.ARM.Collect$$libinit$$00000000) refers (Special) to libinit2.o(.ARM.Collect$$libinit$$0000001F) for __rt_lib_init_getenv_1
    libinit.o(.ARM.Collect$$libinit$$00000000) refers (Special) to libinit2.o(.ARM.Collect$$libinit$$00000006) for __rt_lib_init_heap_1
    libinit.o(.ARM.Collect$$libinit$$00000000) refers (Special) to libinit2.o(.ARM.Collect$$libinit$$0000000D) for __rt_lib_init_lc_collate_1
    libinit.o(.ARM.Collect$$libinit$$00000000) refers (Special) to libinit2.o(.ARM.Collect$$libinit$$0000000F) for __rt_lib_init_lc_ctype_1
    libinit.o(.ARM.Collect$$libinit$$00000000) refers (Special) to libinit2.o(.ARM.Collect$$libinit$$00000011) for __rt_lib_init_lc_monetary_1
    libinit.o(.ARM.Collect$$libinit$$00000000) refers (Special) to libinit2.o(.ARM.Collect$$libinit$$00000013) for __rt_lib_init_lc_numeric_1
    libinit.o(.ARM.Collect$$libinit$$00000000) refers (Special) to libinit2.o(.ARM.Collect$$libinit$$00000015) for __rt_lib_init_lc_time_1
    libinit.o(.ARM.Collect$$libinit$$00000000) refers (Special) to libinit2.o(.ARM.Collect$$libinit$$0000000A) for __rt_lib_init_rand_1
    libinit.o(.ARM.Collect$$libinit$$00000000) refers (Special) to libinit2.o(.ARM.Collect$$libinit$$0000002F) for __rt_lib_init_return
    libinit.o(.ARM.Collect$$libinit$$00000000) refers (Special) to libinit2.o(.ARM.Collect$$libinit$$00000019) for __rt_lib_init_signal_1
    libinit.o(.ARM.Collect$$libinit$$00000000) refers (Special) to libinit2.o(.ARM.Collect$$libinit$$00000021) for __rt_lib_init_stdio_1
    libinit.o(.ARM.Collect$$libinit$$00000000) refers (Special) to libinit2.o(.ARM.Collect$$libinit$$00000008) for __rt_lib_init_user_alloc_1
    libinit.o(.ARM.Collect$$libinit$$00000000) refers to fpinit.o(x$fpl$fpinit) for _fp_init
    libspace.o(.text) refers to libspace.o(.bss) for __libspace_start
    rtexit.o(.ARM.Collect$$rtexit$$00000000) refers (Special) to rtexit2.o(.ARM.Collect$$rtexit$$00000004) for __rt_exit_exit
    rtexit.o(.ARM.Collect$$rtexit$$00000000) refers (Special) to rtexit2.o(.ARM.Collect$$rtexit$$00000003) for __rt_exit_ls
    rtexit.o(.ARM.Collect$$rtexit$$00000000) refers (Special) to rtexit2.o(.ARM.Collect$$rtexit$$00000002) for __rt_exit_prels_1
    rtexit.o(.ARM.exidx) refers (Special) to rtexit2.o(.ARM.Collect$$rtexit$$00000004) for __rt_exit_exit
    rtexit.o(.ARM.exidx) refers (Special) to rtexit2.o(.ARM.Collect$$rtexit$$00000003) for __rt_exit_ls
    rtexit.o(.ARM.exidx) refers (Special) to rtexit2.o(.ARM.Collect$$rtexit$$00000002) for __rt_exit_prels_1
    rtexit.o(.ARM.exidx) refers to rtexit.o(.ARM.Collect$$rtexit$$00000000) for .ARM.Collect$$rtexit$$00000000
    libinit2.o(.ARM.Collect$$libinit$$0000000C) refers to libinit2.o(.ARM.Collect$$libinit$$0000000B) for .ARM.Collect$$libinit$$0000000B
    libinit2.o(.ARM.Collect$$libinit$$0000000E) refers to libinit2.o(.ARM.Collect$$libinit$$0000000B) for .ARM.Collect$$libinit$$0000000B
    libinit2.o(.ARM.Collect$$libinit$$00000010) refers to libinit2.o(.ARM.Collect$$libinit$$0000000B) for .ARM.Collect$$libinit$$0000000B
    libinit2.o(.ARM.Collect$$libinit$$00000012) refers to libinit2.o(.ARM.Collect$$libinit$$0000000B) for .ARM.Collect$$libinit$$0000000B
    libinit2.o(.ARM.Collect$$libinit$$00000014) refers to libinit2.o(.ARM.Collect$$libinit$$0000000B) for .ARM.Collect$$libinit$$0000000B
    libinit2.o(.ARM.Collect$$libinit$$00000022) refers to argv_veneer.o(.emb_text) for __ARM_argv_veneer
    libinit2.o(.ARM.Collect$$libinit$$00000023) refers to argv_veneer.o(.emb_text) for __ARM_argv_veneer
    fpinit.o(x$fpl$fpinit) refers to rt_fp_status_addr_intlibspace.o(.text) for __rt_fp_status_addr
    rtexit2.o(.ARM.Collect$$rtexit$$00000003) refers to libshutdown.o(.ARM.Collect$$libshutdown$$00000000) for __rt_lib_shutdown
    rtexit2.o(.ARM.Collect$$rtexit$$00000004) refers to sys_exit.o(.text) for _sys_exit
    rtexit2.o(.ARM.exidx) refers to rtexit2.o(.ARM.Collect$$rtexit$$00000001) for .ARM.Collect$$rtexit$$00000001
    rtexit2.o(.ARM.exidx) refers to rtexit2.o(.ARM.Collect$$rtexit$$00000003) for .ARM.Collect$$rtexit$$00000003
    rtexit2.o(.ARM.exidx) refers to rtexit2.o(.ARM.Collect$$rtexit$$00000004) for .ARM.Collect$$rtexit$$00000004
    rt_fp_status_addr.o(.text) refers to rt_fp_status_addr.o(.bss) for __rt_fp_status_addr_data
    rt_fp_status_addr_intlibspace.o(.text) refers to libspace.o(.bss) for __libspace_start
    argv_veneer.o(.emb_text) refers to no_argv.o(.text) for __ARM_get_argv
    sys_exit.o(.text) refers (Special) to use_no_semi.o(.text) for __I$use$semihosting
    sys_exit.o(.text) refers (Special) to indicate_semi.o(.text) for __semihosting_library_function
    _get_argv_nomalloc.o(.text) refers (Special) to hrguard.o(.text) for __heap_region$guard
    _get_argv_nomalloc.o(.text) refers to defsig_rtmem_outer.o(.text) for __rt_SIGRTMEM
    _get_argv_nomalloc.o(.text) refers to sys_command.o(.text) for _sys_command_string
    libshutdown.o(.ARM.Collect$$libshutdown$$00000000) refers (Special) to libshutdown2.o(.ARM.Collect$$libshutdown$$00000006) for __rt_lib_shutdown_fp_trap_1
    libshutdown.o(.ARM.Collect$$libshutdown$$00000000) refers (Special) to libshutdown2.o(.ARM.Collect$$libshutdown$$0000000E) for __rt_lib_shutdown_heap_1
    libshutdown.o(.ARM.Collect$$libshutdown$$00000000) refers (Special) to libshutdown2.o(.ARM.Collect$$libshutdown$$0000000F) for __rt_lib_shutdown_return
    libshutdown.o(.ARM.Collect$$libshutdown$$00000000) refers (Special) to libshutdown2.o(.ARM.Collect$$libshutdown$$00000009) for __rt_lib_shutdown_signal_1
    libshutdown.o(.ARM.Collect$$libshutdown$$00000000) refers (Special) to libshutdown2.o(.ARM.Collect$$libshutdown$$00000003) for __rt_lib_shutdown_stdio_1
    libshutdown.o(.ARM.Collect$$libshutdown$$00000000) refers (Special) to libshutdown2.o(.ARM.Collect$$libshutdown$$0000000B) for __rt_lib_shutdown_user_alloc_1
    sys_command.o(.text) refers (Special) to use_no_semi.o(.text) for __I$use$semihosting
    sys_command.o(.text) refers (Special) to indicate_semi.o(.text) for __semihosting_library_function
    defsig_rtmem_outer.o(.text) refers to defsig_rtmem_inner.o(.text) for __rt_SIGRTMEM_inner
    defsig_rtmem_outer.o(.text) refers to defsig_exit.o(.text) for __sig_exit
    defsig_rtmem_formal.o(.text) refers to rt_raise.o(.text) for __rt_raise
    rt_raise.o(.text) refers to __raise.o(.text) for __raise
    rt_raise.o(.text) refers to sys_exit.o(.text) for _sys_exit
    defsig_exit.o(.text) refers to sys_exit.o(.text) for _sys_exit
    defsig_rtmem_inner.o(.text) refers to defsig_general.o(.text) for __default_signal_display
    __raise.o(.text) refers to defsig.o(CL$$defsig) for __default_signal_handler
    defsig_general.o(.text) refers to sys_wrch.o(.text) for _ttywrch
    sys_wrch.o(.text) refers (Special) to use_no_semi.o(.text) for __I$use$semihosting
    sys_wrch.o(.text) refers (Special) to indicate_semi.o(.text) for __semihosting_library_function
    defsig.o(CL$$defsig) refers to defsig_rtmem_inner.o(.text) for __rt_SIGRTMEM_inner
    defsig_abrt_inner.o(.text) refers to defsig_general.o(.text) for __default_signal_display
    defsig_fpe_inner.o(.text) refers to defsig_general.o(.text) for __default_signal_display
    defsig_rtred_inner.o(.text) refers to defsig_general.o(.text) for __default_signal_display
    defsig_stak_inner.o(.text) refers to defsig_general.o(.text) for __default_signal_display
    defsig_pvfn_inner.o(.text) refers to defsig_general.o(.text) for __default_signal_display
    defsig_cppl_inner.o(.text) refers to defsig_general.o(.text) for __default_signal_display
    defsig_segv_inner.o(.text) refers to defsig_general.o(.text) for __default_signal_display
    defsig_other.o(.text) refers to defsig_general.o(.text) for __default_signal_display


==============================================================================

Removing Unused input sections from the image.

    Removing core_cm3.o(.emb_text), (32 bytes).
    Removing hhd_sys.o(.text), (1092 bytes).

2 unused section(s) (total 1124 bytes) removed from the image.

==============================================================================

Image Symbol Table

    Local Symbols

    Symbol Name                              Value     Ov Type        Size  Object(Section)

    RESET                                    0x00000000   Section      308  startup_hhd32f1xx_s.o(RESET)
    ../../angel/boardlib.s                   0x00000000   Number         0  boardinit3.o ABSOLUTE
    ../../angel/boardlib.s                   0x00000000   Number         0  boardinit2.o ABSOLUTE
    ../../angel/boardlib.s                   0x00000000   Number         0  boardshut.o ABSOLUTE
    ../../angel/boardlib.s                   0x00000000   Number         0  boardinit1.o ABSOLUTE
    ../../angel/handlers.s                   0x00000000   Number         0  __scatter_zi.o ABSOLUTE
    ../../angel/handlers.s                   0x00000000   Number         0  __scatter_copy.o ABSOLUTE
    ../../angel/kernel.s                     0x00000000   Number         0  rtentry2.o ABSOLUTE
    ../../angel/kernel.s                     0x00000000   Number         0  rtentry4.o ABSOLUTE
    ../../angel/kernel.s                     0x00000000   Number         0  rtexit2.o ABSOLUTE
    ../../angel/kernel.s                     0x00000000   Number         0  rtexit.o ABSOLUTE
    ../../angel/kernel.s                     0x00000000   Number         0  rtentry.o ABSOLUTE
    ../../angel/rt.s                         0x00000000   Number         0  rt_fp_status_addr_intlibspace.o ABSOLUTE
    ../../angel/rt.s                         0x00000000   Number         0  rt_fp_status_addr.o ABSOLUTE
    ../../angel/rt.s                         0x00000000   Number         0  rt_raise.o ABSOLUTE
    ../../angel/scatter.s                    0x00000000   Number         0  __scatter.o ABSOLUTE
    ../../angel/startup.s                    0x00000000   Number         0  __main.o ABSOLUTE
    ../../angel/sys.s                        0x00000000   Number         0  indicate_semi.o ABSOLUTE
    ../../angel/sys.s                        0x00000000   Number         0  use_no_semi.o ABSOLUTE
    ../../angel/sys.s                        0x00000000   Number         0  sys_stackheap_outer.o ABSOLUTE
    ../../angel/sys.s                        0x00000000   Number         0  libspace.o ABSOLUTE
    ../../angel/sysapp.c                     0x00000000   Number         0  sys_exit.o ABSOLUTE
    ../../angel/sysapp.c                     0x00000000   Number         0  sys_wrch.o ABSOLUTE
    ../../angel/sysapp.c                     0x00000000   Number         0  sys_command.o ABSOLUTE
    ../../armsys.c                           0x00000000   Number         0  _get_argv_nomalloc.o ABSOLUTE
    ../../armsys.c                           0x00000000   Number         0  argv_veneer.o ABSOLUTE
    ../../armsys.c                           0x00000000   Number         0  no_argv.o ABSOLUTE
    ../../armsys.c                           0x00000000   Number         0  argv_veneer.o ABSOLUTE
    ../../fpinit.s                           0x00000000   Number         0  fpinit.o ABSOLUTE
    ../../heapalloc.c                        0x00000000   Number         0  hrguard.o ABSOLUTE
    ../../heapaux.c                          0x00000000   Number         0  heapauxi.o ABSOLUTE
    ../../libinit.s                          0x00000000   Number         0  libshutdown.o ABSOLUTE
    ../../libinit.s                          0x00000000   Number         0  libinit.o ABSOLUTE
    ../../libinit.s                          0x00000000   Number         0  libshutdown2.o ABSOLUTE
    ../../libinit.s                          0x00000000   Number         0  libinit2.o ABSOLUTE
    ../../signal.c                           0x00000000   Number         0  defsig_rtmem_outer.o ABSOLUTE
    ../../signal.c                           0x00000000   Number         0  defsig_abrt_inner.o ABSOLUTE
    ../../signal.c                           0x00000000   Number         0  defsig_cppl_inner.o ABSOLUTE
    ../../signal.c                           0x00000000   Number         0  defsig_pvfn_inner.o ABSOLUTE
    ../../signal.c                           0x00000000   Number         0  defsig_stak_inner.o ABSOLUTE
    ../../signal.c                           0x00000000   Number         0  defsig_rtred_inner.o ABSOLUTE
    ../../signal.c                           0x00000000   Number         0  defsig_fpe_inner.o ABSOLUTE
    ../../signal.c                           0x00000000   Number         0  __raise.o ABSOLUTE
    ../../signal.c                           0x00000000   Number         0  defsig_rtmem_inner.o ABSOLUTE
    ../../signal.c                           0x00000000   Number         0  defsig_segv_inner.o ABSOLUTE
    ../../signal.c                           0x00000000   Number         0  defsig_other.o ABSOLUTE
    ../../signal.c                           0x00000000   Number         0  defsig_general.o ABSOLUTE
    ../../signal.c                           0x00000000   Number         0  defsig_exit.o ABSOLUTE
    ../../signal.c                           0x00000000   Number         0  defsig_rtmem_formal.o ABSOLUTE
    ../../signal.s                           0x00000000   Number         0  defsig.o ABSOLUTE
    ../../stdlib.c                           0x00000000   Number         0  exit.o ABSOLUTE
    ..\..\HHD32F1xx_library\Core\CM3\CoreSupport\core_cm3.c 0x00000000   Number         0  core_cm3.o ABSOLUTE
    ..\..\HHD32F1xx_library\Core\CM3\DeviceSupport\HHD32F1xx\Startup\rvds\startup_HHD32F1xx_s.s 0x00000000   Number         0  startup_hhd32f1xx_s.o ABSOLUTE
    ..\..\HHD32F1xx_library\Core\CM3\DeviceSupport\HHD32F1xx\system_HHD32F1xx.c 0x00000000   Number         0  system_hhd32f1xx.o ABSOLUTE
    ..\..\HHD32F1xx_library\Drivers\source\hhd_iic.c 0x00000000   Number         0  hhd_iic.o ABSOLUTE
    ..\..\HHD32F1xx_library\Drivers\source\hhd_sys.c 0x00000000   Number         0  hhd_sys.o ABSOLUTE
    ..\\..\\HHD32F1xx_library\\Core\\CM3\\CoreSupport\\core_cm3.c 0x00000000   Number         0  core_cm3.o ABSOLUTE
    dc.s                                     0x00000000   Number         0  dc.o ABSOLUTE
    myapp\src\main.c                         0x00000000   Number         0  main.o ABSOLUTE
    !!!main                                  0x00000134   Section        8  __main.o(!!!main)
    !!!scatter                               0x0000013c   Section       52  __scatter.o(!!!scatter)
    !!handler_copy                           0x00000170   Section       26  __scatter_copy.o(!!handler_copy)
    !!handler_zi                             0x0000018c   Section       28  __scatter_zi.o(!!handler_zi)
    .ARM.Collect$$libinit$$00000000          0x000001a8   Section        6  libinit.o(.ARM.Collect$$libinit$$00000000)
    .ARM.Collect$$libinit$$00000006          0x000001ae   Section        0  libinit2.o(.ARM.Collect$$libinit$$00000006)
    .ARM.Collect$$libinit$$00000008          0x000001ae   Section        0  libinit2.o(.ARM.Collect$$libinit$$00000008)
    .ARM.Collect$$libinit$$0000000A          0x000001ae   Section        0  libinit2.o(.ARM.Collect$$libinit$$0000000A)
    .ARM.Collect$$libinit$$0000000D          0x000001ae   Section        0  libinit2.o(.ARM.Collect$$libinit$$0000000D)
    .ARM.Collect$$libinit$$0000000F          0x000001ae   Section        0  libinit2.o(.ARM.Collect$$libinit$$0000000F)
    .ARM.Collect$$libinit$$00000011          0x000001ae   Section        0  libinit2.o(.ARM.Collect$$libinit$$00000011)
    .ARM.Collect$$libinit$$00000013          0x000001ae   Section        0  libinit2.o(.ARM.Collect$$libinit$$00000013)
    .ARM.Collect$$libinit$$00000015          0x000001ae   Section        0  libinit2.o(.ARM.Collect$$libinit$$00000015)
    .ARM.Collect$$libinit$$00000017          0x000001ae   Section        0  libinit2.o(.ARM.Collect$$libinit$$00000017)
    .ARM.Collect$$libinit$$00000019          0x000001ae   Section        0  libinit2.o(.ARM.Collect$$libinit$$00000019)
    .ARM.Collect$$libinit$$0000001B          0x000001ae   Section        0  libinit2.o(.ARM.Collect$$libinit$$0000001B)
    .ARM.Collect$$libinit$$0000001D          0x000001ae   Section        0  libinit2.o(.ARM.Collect$$libinit$$0000001D)
    .ARM.Collect$$libinit$$0000001F          0x000001ae   Section        0  libinit2.o(.ARM.Collect$$libinit$$0000001F)
    .ARM.Collect$$libinit$$00000021          0x000001ae   Section        0  libinit2.o(.ARM.Collect$$libinit$$00000021)
    .ARM.Collect$$libinit$$00000028          0x000001ae   Section        0  libinit2.o(.ARM.Collect$$libinit$$00000028)
    .ARM.Collect$$libinit$$0000002A          0x000001ae   Section        0  libinit2.o(.ARM.Collect$$libinit$$0000002A)
    .ARM.Collect$$libinit$$0000002C          0x000001ae   Section        0  libinit2.o(.ARM.Collect$$libinit$$0000002C)
    .ARM.Collect$$libinit$$0000002E          0x000001ae   Section        0  libinit2.o(.ARM.Collect$$libinit$$0000002E)
    .ARM.Collect$$libinit$$0000002F          0x000001ae   Section        2  libinit2.o(.ARM.Collect$$libinit$$0000002F)
    .ARM.Collect$$libshutdown$$00000000      0x000001b0   Section        2  libshutdown.o(.ARM.Collect$$libshutdown$$00000000)
    .ARM.Collect$$libshutdown$$00000003      0x000001b2   Section        0  libshutdown2.o(.ARM.Collect$$libshutdown$$00000003)
    .ARM.Collect$$libshutdown$$00000006      0x000001b2   Section        0  libshutdown2.o(.ARM.Collect$$libshutdown$$00000006)
    .ARM.Collect$$libshutdown$$00000009      0x000001b2   Section        0  libshutdown2.o(.ARM.Collect$$libshutdown$$00000009)
    .ARM.Collect$$libshutdown$$0000000B      0x000001b2   Section        0  libshutdown2.o(.ARM.Collect$$libshutdown$$0000000B)
    .ARM.Collect$$libshutdown$$0000000E      0x000001b2   Section        0  libshutdown2.o(.ARM.Collect$$libshutdown$$0000000E)
    .ARM.Collect$$libshutdown$$0000000F      0x000001b2   Section        2  libshutdown2.o(.ARM.Collect$$libshutdown$$0000000F)
    .ARM.Collect$$rtentry$$00000000          0x000001b4   Section        0  rtentry.o(.ARM.Collect$$rtentry$$00000000)
    .ARM.Collect$$rtentry$$00000002          0x000001b4   Section        0  rtentry2.o(.ARM.Collect$$rtentry$$00000002)
    .ARM.Collect$$rtentry$$00000004          0x000001b4   Section        6  rtentry4.o(.ARM.Collect$$rtentry$$00000004)
    .ARM.Collect$$rtentry$$00000009          0x000001ba   Section        0  rtentry2.o(.ARM.Collect$$rtentry$$00000009)
    .ARM.Collect$$rtentry$$0000000A          0x000001ba   Section        4  rtentry2.o(.ARM.Collect$$rtentry$$0000000A)
    .ARM.Collect$$rtentry$$0000000C          0x000001be   Section        0  rtentry2.o(.ARM.Collect$$rtentry$$0000000C)
    .ARM.Collect$$rtentry$$0000000D          0x000001be   Section        8  rtentry2.o(.ARM.Collect$$rtentry$$0000000D)
    .ARM.Collect$$rtexit$$00000000           0x000001c6   Section        2  rtexit.o(.ARM.Collect$$rtexit$$00000000)
    .ARM.Collect$$rtexit$$00000002           0x000001c8   Section        0  rtexit2.o(.ARM.Collect$$rtexit$$00000002)
    .ARM.Collect$$rtexit$$00000003           0x000001c8   Section        4  rtexit2.o(.ARM.Collect$$rtexit$$00000003)
    .ARM.Collect$$rtexit$$00000004           0x000001cc   Section        6  rtexit2.o(.ARM.Collect$$rtexit$$00000004)
    .text                                    0x000001d4   Section        0  system_hhd32f1xx.o(.text)
    .text                                    0x00000478   Section       56  startup_hhd32f1xx_s.o(.text)
    .text                                    0x000004b0   Section        0  hhd_iic.o(.text)
    NVIC_EnableIRQ                           0x00000fb1   Thumb Code    24  hhd_iic.o(.text)
    .text                                    0x00000fd4   Section        0  main.o(.text)
    .text                                    0x000010b4   Section        0  heapauxi.o(.text)
    .text                                    0x000010ba   Section       74  sys_stackheap_outer.o(.text)
    .text                                    0x00001104   Section        0  exit.o(.text)
    .text                                    0x00001110   Section        8  libspace.o(.text)
    .text                                    0x00001118   Section        8  rt_fp_status_addr_intlibspace.o(.text)
    .text                                    0x00001120   Section        0  sys_exit.o(.text)
    .text                                    0x0000112c   Section        2  use_no_semi.o(.text)
    .text                                    0x0000112e   Section        0  indicate_semi.o(.text)
    x$fpl$fpinit                             0x0000112e   Section       14  fpinit.o(x$fpl$fpinit)
    .data                                    0x20000000   Section       16  system_hhd32f1xx.o(.data)
    .data                                    0x20000010   Section        9  hhd_iic.o(.data)
    .bss                                     0x2000001c   Section       88  hhd_iic.o(.bss)
    IIC1_CtrlBlk                             0x2000001c   Data          44  hhd_iic.o(.bss)
    IIC2_CtrlBlk                             0x20000048   Data          44  hhd_iic.o(.bss)
    .bss                                     0x20000074   Section      100  main.o(.bss)
    IIC1_CtrlBlk                             0x20000074   Data          44  main.o(.bss)
    IIC2_CtrlBlk                             0x200000a0   Data          44  main.o(.bss)
    .bss                                     0x200000d8   Section       96  libspace.o(.bss)
    HEAP                                     0x20000138   Section      512  startup_hhd32f1xx_s.o(HEAP)
    Heap_Mem                                 0x20000138   Data         512  startup_hhd32f1xx_s.o(HEAP)
    STACK                                    0x20000338   Section     1024  startup_hhd32f1xx_s.o(STACK)
    Stack_Mem                                0x20000338   Data        1024  startup_hhd32f1xx_s.o(STACK)
    __initial_sp                             0x20000738   Data           0  startup_hhd32f1xx_s.o(STACK)

    Global Symbols

    Symbol Name                              Value     Ov Type        Size  Object(Section)

    BuildAttributes$$THM_ISAv4$P$D$K$B$S$PE$A:L22UL41UL21$X:L11$S22US41US21$IEEE1$IW$USESV6$~STKCKD$USESV7$~SHL$OSPACE$ROPI$EBA8$UX$STANDARDLIB$REQ8$PRES8$EABIv2 0x00000000   Number         0  anon$$obj.o ABSOLUTE
    __ARM_use_no_argv                        0x00000000   Number         0  main.o ABSOLUTE
    __Vectors                                0x00000000   Data           4  startup_hhd32f1xx_s.o(RESET)
    __ARM_exceptions_init                     - Undefined Weak Reference
    __alloca_initialize                       - Undefined Weak Reference
    __cpp_initialize__aeabi_                  - Undefined Weak Reference
    __cxa_finalize                            - Undefined Weak Reference
    __rt_locale                               - Undefined Weak Reference
    __sigvec_lookup                           - Undefined Weak Reference
    _atexit_init                              - Undefined Weak Reference
    _call_atexit_fns                          - Undefined Weak Reference
    _clock_init                               - Undefined Weak Reference
    _fp_trap_init                             - Undefined Weak Reference
    _fp_trap_shutdown                         - Undefined Weak Reference
    _get_lc_collate                           - Undefined Weak Reference
    _get_lc_ctype                             - Undefined Weak Reference
    _get_lc_monetary                          - Undefined Weak Reference
    _get_lc_numeric                           - Undefined Weak Reference
    _get_lc_time                              - Undefined Weak Reference
    _getenv_init                              - Undefined Weak Reference
    _handle_redirection                       - Undefined Weak Reference
    _init_alloc                               - Undefined Weak Reference
    _init_user_alloc                          - Undefined Weak Reference
    _initio                                   - Undefined Weak Reference
    _rand_init                                - Undefined Weak Reference
    _signal_finish                            - Undefined Weak Reference
    _signal_init                              - Undefined Weak Reference
    _terminate_alloc                          - Undefined Weak Reference
    _terminate_user_alloc                     - Undefined Weak Reference
    _terminateio                              - Undefined Weak Reference
    __Vectors_End                            0x00000134   Data           0  startup_hhd32f1xx_s.o(RESET)
    __Vectors_Size                           0x00000134   Number         0  startup_hhd32f1xx_s.o ABSOLUTE
    __main                                   0x00000135   Thumb Code     8  __main.o(!!!main)
    __scatterload                            0x0000013d   Thumb Code     0  __scatter.o(!!!scatter)
    __scatterload_rt2                        0x0000013d   Thumb Code    44  __scatter.o(!!!scatter)
    __scatterload_rt2_thumb_only             0x0000013d   Thumb Code     0  __scatter.o(!!!scatter)
    __scatterload_null                       0x0000014b   Thumb Code     0  __scatter.o(!!!scatter)
    __scatterload_copy                       0x00000171   Thumb Code    26  __scatter_copy.o(!!handler_copy)
    __scatterload_zeroinit                   0x0000018d   Thumb Code    28  __scatter_zi.o(!!handler_zi)
    __rt_lib_init                            0x000001a9   Thumb Code     0  libinit.o(.ARM.Collect$$libinit$$00000000)
    __rt_lib_init_alloca_1                   0x000001af   Thumb Code     0  libinit2.o(.ARM.Collect$$libinit$$0000002A)
    __rt_lib_init_argv_1                     0x000001af   Thumb Code     0  libinit2.o(.ARM.Collect$$libinit$$00000028)
    __rt_lib_init_atexit_1                   0x000001af   Thumb Code     0  libinit2.o(.ARM.Collect$$libinit$$00000017)
    __rt_lib_init_clock_1                    0x000001af   Thumb Code     0  libinit2.o(.ARM.Collect$$libinit$$0000001D)
    __rt_lib_init_cpp_1                      0x000001af   Thumb Code     0  libinit2.o(.ARM.Collect$$libinit$$0000002E)
    __rt_lib_init_exceptions_1               0x000001af   Thumb Code     0  libinit2.o(.ARM.Collect$$libinit$$0000002C)
    __rt_lib_init_fp_trap_1                  0x000001af   Thumb Code     0  libinit2.o(.ARM.Collect$$libinit$$0000001B)
    __rt_lib_init_getenv_1                   0x000001af   Thumb Code     0  libinit2.o(.ARM.Collect$$libinit$$0000001F)
    __rt_lib_init_heap_1                     0x000001af   Thumb Code     0  libinit2.o(.ARM.Collect$$libinit$$00000006)
    __rt_lib_init_lc_collate_1               0x000001af   Thumb Code     0  libinit2.o(.ARM.Collect$$libinit$$0000000D)
    __rt_lib_init_lc_ctype_1                 0x000001af   Thumb Code     0  libinit2.o(.ARM.Collect$$libinit$$0000000F)
    __rt_lib_init_lc_monetary_1              0x000001af   Thumb Code     0  libinit2.o(.ARM.Collect$$libinit$$00000011)
    __rt_lib_init_lc_numeric_1               0x000001af   Thumb Code     0  libinit2.o(.ARM.Collect$$libinit$$00000013)
    __rt_lib_init_lc_time_1                  0x000001af   Thumb Code     0  libinit2.o(.ARM.Collect$$libinit$$00000015)
    __rt_lib_init_rand_1                     0x000001af   Thumb Code     0  libinit2.o(.ARM.Collect$$libinit$$0000000A)
    __rt_lib_init_return                     0x000001af   Thumb Code     0  libinit2.o(.ARM.Collect$$libinit$$0000002F)
    __rt_lib_init_signal_1                   0x000001af   Thumb Code     0  libinit2.o(.ARM.Collect$$libinit$$00000019)
    __rt_lib_init_stdio_1                    0x000001af   Thumb Code     0  libinit2.o(.ARM.Collect$$libinit$$00000021)
    __rt_lib_init_user_alloc_1               0x000001af   Thumb Code     0  libinit2.o(.ARM.Collect$$libinit$$00000008)
    __rt_lib_shutdown                        0x000001b1   Thumb Code     0  libshutdown.o(.ARM.Collect$$libshutdown$$00000000)
    __rt_lib_shutdown_fp_trap_1              0x000001b3   Thumb Code     0  libshutdown2.o(.ARM.Collect$$libshutdown$$00000006)
    __rt_lib_shutdown_heap_1                 0x000001b3   Thumb Code     0  libshutdown2.o(.ARM.Collect$$libshutdown$$0000000E)
    __rt_lib_shutdown_return                 0x000001b3   Thumb Code     0  libshutdown2.o(.ARM.Collect$$libshutdown$$0000000F)
    __rt_lib_shutdown_signal_1               0x000001b3   Thumb Code     0  libshutdown2.o(.ARM.Collect$$libshutdown$$00000009)
    __rt_lib_shutdown_stdio_1                0x000001b3   Thumb Code     0  libshutdown2.o(.ARM.Collect$$libshutdown$$00000003)
    __rt_lib_shutdown_user_alloc_1           0x000001b3   Thumb Code     0  libshutdown2.o(.ARM.Collect$$libshutdown$$0000000B)
    __rt_entry                               0x000001b5   Thumb Code     0  rtentry.o(.ARM.Collect$$rtentry$$00000000)
    __rt_entry_presh_1                       0x000001b5   Thumb Code     0  rtentry2.o(.ARM.Collect$$rtentry$$00000002)
    __rt_entry_sh                            0x000001b5   Thumb Code     0  rtentry4.o(.ARM.Collect$$rtentry$$00000004)
    __rt_entry_li                            0x000001bb   Thumb Code     0  rtentry2.o(.ARM.Collect$$rtentry$$0000000A)
    __rt_entry_postsh_1                      0x000001bb   Thumb Code     0  rtentry2.o(.ARM.Collect$$rtentry$$00000009)
    __rt_entry_main                          0x000001bf   Thumb Code     0  rtentry2.o(.ARM.Collect$$rtentry$$0000000D)
    __rt_entry_postli_1                      0x000001bf   Thumb Code     0  rtentry2.o(.ARM.Collect$$rtentry$$0000000C)
    __rt_exit                                0x000001c7   Thumb Code     0  rtexit.o(.ARM.Collect$$rtexit$$00000000)
    __rt_exit_ls                             0x000001c9   Thumb Code     0  rtexit2.o(.ARM.Collect$$rtexit$$00000003)
    __rt_exit_prels_1                        0x000001c9   Thumb Code     0  rtexit2.o(.ARM.Collect$$rtexit$$00000002)
    __rt_exit_exit                           0x000001cd   Thumb Code     0  rtexit2.o(.ARM.Collect$$rtexit$$00000004)
    SystemCoreClockUpdate                    0x000001d5   Thumb Code   362  system_hhd32f1xx.o(.text)
    SystemInit                               0x0000033f   Thumb Code   250  system_hhd32f1xx.o(.text)
    Reset_Handler                            0x00000479   Thumb Code     4  startup_hhd32f1xx_s.o(.text)
    NMI_Handler                              0x0000047d   Thumb Code     2  startup_hhd32f1xx_s.o(.text)
    HardFault_Handler                        0x0000047f   Thumb Code     2  startup_hhd32f1xx_s.o(.text)
    MemoryManagement_Handler                 0x00000481   Thumb Code     2  startup_hhd32f1xx_s.o(.text)
    BusFault_Handler                         0x00000483   Thumb Code     2  startup_hhd32f1xx_s.o(.text)
    UsageFault_Handler                       0x00000485   Thumb Code     2  startup_hhd32f1xx_s.o(.text)
    SVC_Handler                              0x00000487   Thumb Code     2  startup_hhd32f1xx_s.o(.text)
    DebugMonitor_Handler                     0x00000489   Thumb Code     2  startup_hhd32f1xx_s.o(.text)
    PendSV_Handler                           0x0000048b   Thumb Code     2  startup_hhd32f1xx_s.o(.text)
    SysTick_Handler                          0x0000048d   Thumb Code     2  startup_hhd32f1xx_s.o(.text)
    ADC1_2_IRQHandler                        0x0000048f   Thumb Code     0  startup_hhd32f1xx_s.o(.text)
    ADC3_IRQHandler                          0x0000048f   Thumb Code     0  startup_hhd32f1xx_s.o(.text)
    BOD_IRQHandler                           0x0000048f   Thumb Code     0  startup_hhd32f1xx_s.o(.text)
    CAN_IRQHandler                           0x0000048f   Thumb Code     0  startup_hhd32f1xx_s.o(.text)
    DAC_IRQHandler                           0x0000048f   Thumb Code     0  startup_hhd32f1xx_s.o(.text)
    DMA1_CHANNEL1_IRQHandler                 0x0000048f   Thumb Code     0  startup_hhd32f1xx_s.o(.text)
    DMA1_CHANNEL2_IRQHandler                 0x0000048f   Thumb Code     0  startup_hhd32f1xx_s.o(.text)
    DMA1_CHANNEL3_IRQHandler                 0x0000048f   Thumb Code     0  startup_hhd32f1xx_s.o(.text)
    DMA1_CHANNEL4_IRQHandler                 0x0000048f   Thumb Code     0  startup_hhd32f1xx_s.o(.text)
    DMA1_CHANNEL5_IRQHandler                 0x0000048f   Thumb Code     0  startup_hhd32f1xx_s.o(.text)
    DMA1_CHANNEL6_IRQHandler                 0x0000048f   Thumb Code     0  startup_hhd32f1xx_s.o(.text)
    DMA1_CHANNEL7_IRQHandler                 0x0000048f   Thumb Code     0  startup_hhd32f1xx_s.o(.text)
    DMA2_CHANNEL1_IRQHandler                 0x0000048f   Thumb Code     0  startup_hhd32f1xx_s.o(.text)
    DMA2_CHANNEL2_IRQHandler                 0x0000048f   Thumb Code     0  startup_hhd32f1xx_s.o(.text)
    DMA2_CHANNEL3_IRQHandler                 0x0000048f   Thumb Code     0  startup_hhd32f1xx_s.o(.text)
    DMA2_CHANNEL4_5_IRQHandler               0x0000048f   Thumb Code     0  startup_hhd32f1xx_s.o(.text)
    EXTI0_IRQHandler                         0x0000048f   Thumb Code     0  startup_hhd32f1xx_s.o(.text)
    EXTI15_10_IRQHandler                     0x0000048f   Thumb Code     0  startup_hhd32f1xx_s.o(.text)
    EXTI1_IRQHandler                         0x0000048f   Thumb Code     0  startup_hhd32f1xx_s.o(.text)
    EXTI2_IRQHandler                         0x0000048f   Thumb Code     0  startup_hhd32f1xx_s.o(.text)
    EXTI3_IRQHandler                         0x0000048f   Thumb Code     0  startup_hhd32f1xx_s.o(.text)
    EXTI4_IRQHandler                         0x0000048f   Thumb Code     0  startup_hhd32f1xx_s.o(.text)
    EXTI9_5_IRQHandler                       0x0000048f   Thumb Code     0  startup_hhd32f1xx_s.o(.text)
    RTC_IRQHandler                           0x0000048f   Thumb Code     0  startup_hhd32f1xx_s.o(.text)
    SPI1_IRQHandler                          0x0000048f   Thumb Code     0  startup_hhd32f1xx_s.o(.text)
    SPI2_IRQHandler                          0x0000048f   Thumb Code     0  startup_hhd32f1xx_s.o(.text)
    SPI3_IRQHandler                          0x0000048f   Thumb Code     0  startup_hhd32f1xx_s.o(.text)
    TIM10_IRQHandler                         0x0000048f   Thumb Code     0  startup_hhd32f1xx_s.o(.text)
    TIM11_IRQHandler                         0x0000048f   Thumb Code     0  startup_hhd32f1xx_s.o(.text)
    TIM13_IRQHandler                         0x0000048f   Thumb Code     0  startup_hhd32f1xx_s.o(.text)
    TIM14_IRQHandler                         0x0000048f   Thumb Code     0  startup_hhd32f1xx_s.o(.text)
    TIM1FAULT_TIM9_IRQHandler                0x0000048f   Thumb Code     0  startup_hhd32f1xx_s.o(.text)
    TIM1_IRQHandler                          0x0000048f   Thumb Code     0  startup_hhd32f1xx_s.o(.text)
    TIM2_IRQHandler                          0x0000048f   Thumb Code     0  startup_hhd32f1xx_s.o(.text)
    TIM3_IRQHandler                          0x0000048f   Thumb Code     0  startup_hhd32f1xx_s.o(.text)
    TIM4_IRQHandler                          0x0000048f   Thumb Code     0  startup_hhd32f1xx_s.o(.text)
    TIM5_IRQHandler                          0x0000048f   Thumb Code     0  startup_hhd32f1xx_s.o(.text)
    TIM6_IRQHandler                          0x0000048f   Thumb Code     0  startup_hhd32f1xx_s.o(.text)
    TIM7_IRQHandler                          0x0000048f   Thumb Code     0  startup_hhd32f1xx_s.o(.text)
    TIM8FAULT_TIM12_IRQHandler               0x0000048f   Thumb Code     0  startup_hhd32f1xx_s.o(.text)
    TIM8_IRQHandler                          0x0000048f   Thumb Code     0  startup_hhd32f1xx_s.o(.text)
    UART1_IRQHandler                         0x0000048f   Thumb Code     0  startup_hhd32f1xx_s.o(.text)
    UART2_IRQHandler                         0x0000048f   Thumb Code     0  startup_hhd32f1xx_s.o(.text)
    UART3_IRQHandler                         0x0000048f   Thumb Code     0  startup_hhd32f1xx_s.o(.text)
    UART4_IRQHandler                         0x0000048f   Thumb Code     0  startup_hhd32f1xx_s.o(.text)
    UART5_IRQHandler                         0x0000048f   Thumb Code     0  startup_hhd32f1xx_s.o(.text)
    USBWAKEUP_IRQHandler                     0x0000048f   Thumb Code     0  startup_hhd32f1xx_s.o(.text)
    USB_IRQHandler                           0x0000048f   Thumb Code     0  startup_hhd32f1xx_s.o(.text)
    WWDT_IRQHandler                          0x0000048f   Thumb Code     0  startup_hhd32f1xx_s.o(.text)
    __user_initial_stackheap                 0x00000491   Thumb Code     0  startup_hhd32f1xx_s.o(.text)
    IIC_SendByte                             0x000004b1   Thumb Code     4  hhd_iic.o(.text)
    SendArry                                 0x000004b5   Thumb Code    26  hhd_iic.o(.text)
    IIC_Init                                 0x000004cf   Thumb Code   226  hhd_iic.o(.text)
    IIC_GetIICStatus                         0x000005b1   Thumb Code     8  hhd_iic.o(.text)
    IIC_ReadFlag                             0x000005b9   Thumb Code     8  hhd_iic.o(.text)
    IIC_SetFlag                              0x000005c1   Thumb Code     4  hhd_iic.o(.text)
    IIC_ClearFlag                            0x000005c5   Thumb Code     4  hhd_iic.o(.text)
    IIC_GetByte                              0x000005c9   Thumb Code     8  hhd_iic.o(.text)
    IIC_IRQHandler                           0x000005d1   Thumb Code   680  hhd_iic.o(.text)
    IIC1_IRQHandler                          0x00000879   Thumb Code   688  hhd_iic.o(.text)
    IIC2_IRQHandler                          0x00000b29   Thumb Code   682  hhd_iic.o(.text)
    IIC_WriteByte                            0x00000dd3   Thumb Code    74  hhd_iic.o(.text)
    IIC_WriteArray                           0x00000e1d   Thumb Code   100  hhd_iic.o(.text)
    IIC_ReadByte                             0x00000e81   Thumb Code    74  hhd_iic.o(.text)
    IIC_ReadArray                            0x00000ecb   Thumb Code   142  hhd_iic.o(.text)
    IIC_SlaveResponseRd                      0x00000f59   Thumb Code    62  hhd_iic.o(.text)
    IIC_SlaveGetData                         0x00000f97   Thumb Code    26  hhd_iic.o(.text)
    delaynstep                               0x00000fd5   Thumb Code    12  main.o(.text)
    LCD_DISP_BUF_UPDATE                      0x00000fe1   Thumb Code     2  main.o(.text)
    IIC_IOCONFIG                             0x00000fe3   Thumb Code    12  main.o(.text)
    main                                     0x00000fef   Thumb Code   142  main.o(.text)
    I2C1_IRQHandler                          0x0000107d   Thumb Code    10  main.o(.text)
    I2C2_IRQHandler                          0x00001087   Thumb Code    28  main.o(.text)
    __use_two_region_memory                  0x000010b5   Thumb Code     2  heapauxi.o(.text)
    __rt_heap_escrow$2region                 0x000010b7   Thumb Code     2  heapauxi.o(.text)
    __rt_heap_expand$2region                 0x000010b9   Thumb Code     2  heapauxi.o(.text)
    __user_setup_stackheap                   0x000010bb   Thumb Code    74  sys_stackheap_outer.o(.text)
    exit                                     0x00001105   Thumb Code    12  exit.o(.text)
    __user_libspace                          0x00001111   Thumb Code     8  libspace.o(.text)
    __user_perproc_libspace                  0x00001111   Thumb Code     0  libspace.o(.text)
    __user_perthread_libspace                0x00001111   Thumb Code     0  libspace.o(.text)
    __rt_fp_status_addr                      0x00001119   Thumb Code     8  rt_fp_status_addr_intlibspace.o(.text)
    _sys_exit                                0x00001121   Thumb Code     8  sys_exit.o(.text)
    __I$use$semihosting                      0x0000112d   Thumb Code     0  use_no_semi.o(.text)
    __use_no_semihosting_swi                 0x0000112d   Thumb Code     2  use_no_semi.o(.text)
    __semihosting_library_function           0x0000112f   Thumb Code     0  indicate_semi.o(.text)
    _fp_init                                 0x0000112f   Thumb Code    14  fpinit.o(x$fpl$fpinit)
    __fplib_config_pureend_doubles           0x0000113b   Thumb Code     0  fpinit.o(x$fpl$fpinit)
    Region$$Table$$Base                      0x0000113c   Number         0  anon$$obj.o(Region$$Table)
    Region$$Table$$Limit                     0x0000115c   Number         0  anon$$obj.o(Region$$Table)
    SystemCoreClock                          0x20000000   Data           4  system_hhd32f1xx.o(.data)
    MainClock                                0x20000004   Data           4  system_hhd32f1xx.o(.data)
    APB1Clock                                0x20000008   Data           4  system_hhd32f1xx.o(.data)
    APB2Clock                                0x2000000c   Data           4  system_hhd32f1xx.o(.data)
    SlaveSendArry                            0x20000010   Data           8  hhd_iic.o(.data)
    index                                    0x20000018   Data           1  hhd_iic.o(.data)
    LCD_disp_Buf                             0x200000cc   Data          12  main.o(.bss)
    __libspace_start                         0x200000d8   Data          96  libspace.o(.bss)
    __temporary_stack_top$libspace           0x20000138   Data           0  libspace.o(.bss)



==============================================================================

Memory Map of the image

  Image Entry point : 0x00000135

  Load Region LR_IROM1 (Base: 0x00000000, Size: 0x00001178, Max: 0x00010000, ABSOLUTE)

    Execution Region ER_IROM1 (Base: 0x00000000, Size: 0x0000115c, Max: 0x00010000, ABSOLUTE)

    Base Addr    Size         Type   Attr      Idx    E Section Name        Object

    0x00000000   0x00000134   Data   RO           44    RESET               startup_hhd32f1xx_s.o
    0x00000134   0x00000008   Code   RO          118  * !!!main             c_w.l(__main.o)
    0x0000013c   0x00000034   Code   RO          275    !!!scatter          c_w.l(__scatter.o)
    0x00000170   0x0000001a   Code   RO          277    !!handler_copy      c_w.l(__scatter_copy.o)
    0x0000018a   0x00000002   PAD
    0x0000018c   0x0000001c   Code   RO          279    !!handler_zi        c_w.l(__scatter_zi.o)
    0x000001a8   0x00000006   Code   RO          145    .ARM.Collect$$libinit$$00000000  c_w.l(libinit.o)
    0x000001ae   0x00000000   Code   RO          153    .ARM.Collect$$libinit$$00000006  c_w.l(libinit2.o)
    0x000001ae   0x00000000   Code   RO          155    .ARM.Collect$$libinit$$00000008  c_w.l(libinit2.o)
    0x000001ae   0x00000000   Code   RO          157    .ARM.Collect$$libinit$$0000000A  c_w.l(libinit2.o)
    0x000001ae   0x00000000   Code   RO          160    .ARM.Collect$$libinit$$0000000D  c_w.l(libinit2.o)
    0x000001ae   0x00000000   Code   RO          162    .ARM.Collect$$libinit$$0000000F  c_w.l(libinit2.o)
    0x000001ae   0x00000000   Code   RO          164    .ARM.Collect$$libinit$$00000011  c_w.l(libinit2.o)
    0x000001ae   0x00000000   Code   RO          166    .ARM.Collect$$libinit$$00000013  c_w.l(libinit2.o)
    0x000001ae   0x00000000   Code   RO          168    .ARM.Collect$$libinit$$00000015  c_w.l(libinit2.o)
    0x000001ae   0x00000000   Code   RO          170    .ARM.Collect$$libinit$$00000017  c_w.l(libinit2.o)
    0x000001ae   0x00000000   Code   RO          172    .ARM.Collect$$libinit$$00000019  c_w.l(libinit2.o)
    0x000001ae   0x00000000   Code   RO          174    .ARM.Collect$$libinit$$0000001B  c_w.l(libinit2.o)
    0x000001ae   0x00000000   Code   RO          176    .ARM.Collect$$libinit$$0000001D  c_w.l(libinit2.o)
    0x000001ae   0x00000000   Code   RO          178    .ARM.Collect$$libinit$$0000001F  c_w.l(libinit2.o)
    0x000001ae   0x00000000   Code   RO          180    .ARM.Collect$$libinit$$00000021  c_w.l(libinit2.o)
    0x000001ae   0x00000000   Code   RO          184    .ARM.Collect$$libinit$$00000028  c_w.l(libinit2.o)
    0x000001ae   0x00000000   Code   RO          186    .ARM.Collect$$libinit$$0000002A  c_w.l(libinit2.o)
    0x000001ae   0x00000000   Code   RO          188    .ARM.Collect$$libinit$$0000002C  c_w.l(libinit2.o)
    0x000001ae   0x00000000   Code   RO          190    .ARM.Collect$$libinit$$0000002E  c_w.l(libinit2.o)
    0x000001ae   0x00000002   Code   RO          191    .ARM.Collect$$libinit$$0000002F  c_w.l(libinit2.o)
    0x000001b0   0x00000002   Code   RO          216    .ARM.Collect$$libshutdown$$00000000  c_w.l(libshutdown.o)
    0x000001b2   0x00000000   Code   RO          230    .ARM.Collect$$libshutdown$$00000003  c_w.l(libshutdown2.o)
    0x000001b2   0x00000000   Code   RO          233    .ARM.Collect$$libshutdown$$00000006  c_w.l(libshutdown2.o)
    0x000001b2   0x00000000   Code   RO          236    .ARM.Collect$$libshutdown$$00000009  c_w.l(libshutdown2.o)
    0x000001b2   0x00000000   Code   RO          238    .ARM.Collect$$libshutdown$$0000000B  c_w.l(libshutdown2.o)
    0x000001b2   0x00000000   Code   RO          241    .ARM.Collect$$libshutdown$$0000000E  c_w.l(libshutdown2.o)
    0x000001b2   0x00000002   Code   RO          242    .ARM.Collect$$libshutdown$$0000000F  c_w.l(libshutdown2.o)
    0x000001b4   0x00000000   Code   RO          120    .ARM.Collect$$rtentry$$00000000  c_w.l(rtentry.o)
    0x000001b4   0x00000000   Code   RO          122    .ARM.Collect$$rtentry$$00000002  c_w.l(rtentry2.o)
    0x000001b4   0x00000006   Code   RO          134    .ARM.Collect$$rtentry$$00000004  c_w.l(rtentry4.o)
    0x000001ba   0x00000000   Code   RO          124    .ARM.Collect$$rtentry$$00000009  c_w.l(rtentry2.o)
    0x000001ba   0x00000004   Code   RO          125    .ARM.Collect$$rtentry$$0000000A  c_w.l(rtentry2.o)
    0x000001be   0x00000000   Code   RO          127    .ARM.Collect$$rtentry$$0000000C  c_w.l(rtentry2.o)
    0x000001be   0x00000008   Code   RO          128    .ARM.Collect$$rtentry$$0000000D  c_w.l(rtentry2.o)
    0x000001c6   0x00000002   Code   RO          149    .ARM.Collect$$rtexit$$00000000  c_w.l(rtexit.o)
    0x000001c8   0x00000000   Code   RO          195    .ARM.Collect$$rtexit$$00000002  c_w.l(rtexit2.o)
    0x000001c8   0x00000004   Code   RO          196    .ARM.Collect$$rtexit$$00000003  c_w.l(rtexit2.o)
    0x000001cc   0x00000006   Code   RO          197    .ARM.Collect$$rtexit$$00000004  c_w.l(rtexit2.o)
    0x000001d2   0x00000002   PAD
    0x000001d4   0x000002a4   Code   RO           17    .text               system_hhd32f1xx.o
    0x00000478   0x00000038   Code   RO           45    .text               startup_hhd32f1xx_s.o
    0x000004b0   0x00000b24   Code   RO           49    .text               hhd_iic.o
    0x00000fd4   0x000000e0   Code   RO           99    .text               main.o
    0x000010b4   0x00000006   Code   RO          116    .text               c_w.l(heapauxi.o)
    0x000010ba   0x0000004a   Code   RO          136    .text               c_w.l(sys_stackheap_outer.o)
    0x00001104   0x0000000c   Code   RO          138    .text               c_w.l(exit.o)
    0x00001110   0x00000008   Code   RO          146    .text               c_w.l(libspace.o)
    0x00001118   0x00000008   Code   RO          204    .text               c_w.l(rt_fp_status_addr_intlibspace.o)
    0x00001120   0x0000000c   Code   RO          208    .text               c_w.l(sys_exit.o)
    0x0000112c   0x00000002   Code   RO          219    .text               c_w.l(use_no_semi.o)
    0x0000112e   0x00000000   Code   RO          221    .text               c_w.l(indicate_semi.o)
    0x0000112e   0x0000000e   Code   RO          192    x$fpl$fpinit        fz_ws.l(fpinit.o)
    0x0000113c   0x00000020   Data   RO          273    Region$$Table       anon$$obj.o


    Execution Region RW_IRAM1 (Base: 0x20000000, Size: 0x00000738, Max: 0x00001000, ABSOLUTE)

    Base Addr    Size         Type   Attr      Idx    E Section Name        Object

    0x20000000   0x00000010   Data   RW           18    .data               system_hhd32f1xx.o
    0x20000010   0x00000009   Data   RW           51    .data               hhd_iic.o
    0x20000019   0x00000003   PAD
    0x2000001c   0x00000058   Zero   RW           50    .bss                hhd_iic.o
    0x20000074   0x00000064   Zero   RW          100    .bss                main.o
    0x200000d8   0x00000060   Zero   RW          147    .bss                c_w.l(libspace.o)
    0x20000138   0x00000200   Zero   RW           43    HEAP                startup_hhd32f1xx_s.o
    0x20000338   0x00000400   Zero   RW           42    STACK               startup_hhd32f1xx_s.o


==============================================================================

Image component sizes


      Code (inc. data)   RO Data    RW Data    ZI Data      Debug   Object Name

         0          0          0          0          0       4216   core_cm3.o
      2852         66          0          9         88      29044   hhd_iic.o
       224         18          0          0        100       2262   main.o
        56         22        308          0       1536        968   startup_hhd32f1xx_s.o
       676         64          0         16          0      13819   system_hhd32f1xx.o

    ----------------------------------------------------------------------
      3808        170        340         28       1724      50309   Object Totals
         0          0         32          0          0          0   (incl. Generated)
         0          0          0          3          0          0   (incl. Padding)

    ----------------------------------------------------------------------

      Code (inc. data)   RO Data    RW Data    ZI Data      Debug   Library Member Name

         8          0          0          0          0         68   __main.o
        52          8          0          0          0          0   __scatter.o
        26          0          0          0          0          0   __scatter_copy.o
        28          0          0          0          0          0   __scatter_zi.o
        12          0          0          0          0         72   exit.o
         6          0          0          0          0        152   heapauxi.o
         0          0          0          0          0          0   indicate_semi.o
         6          0          0          0          0          0   libinit.o
         2          0          0          0          0          0   libinit2.o
         2          0          0          0          0          0   libshutdown.o
         2          0          0          0          0          0   libshutdown2.o
         8          4          0          0         96         68   libspace.o
         8          4          0          0          0         68   rt_fp_status_addr_intlibspace.o
         0          0          0          0          0          0   rtentry.o
        12          0          0          0          0          0   rtentry2.o
         6          0          0          0          0          0   rtentry4.o
         2          0          0          0          0          0   rtexit.o
        10          0          0          0          0          0   rtexit2.o
        12          4          0          0          0         68   sys_exit.o
        74          0          0          0          0         80   sys_stackheap_outer.o
         2          0          0          0          0         68   use_no_semi.o
        14          0          0          0          0         76   fpinit.o

    ----------------------------------------------------------------------
       296         20          0          0         96        720   Library Totals
         4          0          0          0          0          0   (incl. Padding)

    ----------------------------------------------------------------------

      Code (inc. data)   RO Data    RW Data    ZI Data      Debug   Library Name

       278         20          0          0         96        644   c_w.l
        14          0          0          0          0         76   fz_ws.l

    ----------------------------------------------------------------------
       296         20          0          0         96        720   Library Totals

    ----------------------------------------------------------------------

==============================================================================


      Code (inc. data)   RO Data    RW Data    ZI Data      Debug   

      4104        190        340         28       1820      50353   Grand Totals
      4104        190        340         28       1820      50353   ELF Image Totals
      4104        190        340         28          0          0   ROM Totals

==============================================================================

    Total RO  Size (Code + RO Data)                 4444 (   4.34kB)
    Total RW  Size (RW Data + ZI Data)              1848 (   1.80kB)
    Total ROM Size (Code + RO Data + RW Data)       4472 (   4.37kB)

==============================================================================

