<html>
<body>
<pre>
<h1>礦ision Build Log</h1>
<h2>Project:</h2>
E:\汪魁工作档案\工作目录\设计资料\研制类产品\MCU\32F103\3 软件\DeBug\hhd32f103_Library_release20170702\Library\HHD32F1xx_examples\SPIFlash\demo.uvproj
Project File Date:  12/24/2015

<h2>Output:</h2>
Rebuild target 'Run In RAM'
compiling core_cm3.c...
compiling system_HHD32F1xx.c...
assembling startup_HHD32F1xx_s.s...
compiling hhd_sys.c...
compiling hhd_spi.c...
compiling main.c...
myapp\src\main.c(4): error:  #5: cannot open source input file "hhd_spiflash.h": No such file or directory
compiling gt_spiflash.c...
myapp\src\gt_spiflash.c(3): error:  #5: cannot open source input file "g32f1xx.h": No such file or directory
Target not created
Rebuild target 'Run In RAM'
compiling core_cm3.c...
compiling system_HHD32F1xx.c...
assembling startup_HHD32F1xx_s.s...
compiling hhd_sys.c...
compiling hhd_spi.c...
compiling main.c...
.\myapp\inc\hhd_spiflash.h(13): error:  #5: cannot open source input file "g32f1xx.h": No such file or directory
compiling gt_spiflash.c...
gt_spiflash.c: Error:  #5: cannot open source input file "myapp\src\gt_spiflash.c": No such file or directory
Target not created
Rebuild target 'Run In RAM'
compiling core_cm3.c...
compiling system_HHD32F1xx.c...
assembling startup_HHD32F1xx_s.s...
compiling hhd_sys.c...
compiling hhd_spi.c...
compiling main.c...
.\myapp\inc\hhd_spiflash.h(13): error:  #5: cannot open source input file "g32f1xx.h": No such file or directory
compiling hhd_spiflash.c...
myapp\src\hhd_spiflash.c(3): error:  #5: cannot open source input file "g32f1xx.h": No such file or directory
Target not created
Rebuild target 'Run In RAM'
compiling core_cm3.c...
compiling system_HHD32F1xx.c...
assembling startup_HHD32F1xx_s.s...
compiling hhd_sys.c...
compiling hhd_spi.c...
compiling main.c...
compiling hhd_spiflash.c...
myapp\src\hhd_spiflash.c(3): error:  #5: cannot open source input file "g32f1xx.h": No such file or directory
Target not created
Rebuild target 'Run In RAM'
compiling core_cm3.c...
compiling system_HHD32F1xx.c...
assembling startup_HHD32F1xx_s.s...
compiling hhd_sys.c...
compiling hhd_spi.c...
compiling main.c...
compiling hhd_spiflash.c...
linking...
Program Size: Code=2040 RO-data=340 RW-data=16 ZI-data=1632  
".\myapp\demo.axf" - 0 Error(s), 0 Warning(s).
