<html>
<body>
<pre>
<h1>µVision Build Log</h1>
<h2>Project:</h2>
C:\Demo\Demo-SPIFlash\demo.uvproj
Project File Date:  03/25/2013

<h2>Output:</h2>
Build target 'Run In RAM'
compiling core_cm0.c...
compiling system_XN12Lxxx.c...
assembling startup_XN12Lxxx.s...
compiling xn_spiflash.c...
compiling main.c...
linking...
Program Size: Code=876 RO-data=208 RW-data=0 ZI-data=864  
".\myapp\demo.axf" - 0 Error(s), 0 Warning(s).
Build target 'Run In RAM'
compiling core_cm0.c...
compiling system_XN12Lxxx.c...
assembling startup_XN12Lxxx.s...
compiling xn_spiflash.c...
compiling main.c...
linking...
Program Size: Code=880 RO-data=208 RW-data=0 ZI-data=864  
".\myapp\demo.axf" - 0 Error(s), 0 Warning(s).
"" 
--- Error: failed to execute '"" '
"" 
--- Error: failed to execute '"" '
"" 
--- Error: failed to execute '"" '
