<html>
<body>
<pre>
<h1>礦ision Build Log</h1>
<h2>Project:</h2>
E:\汪魁工作档案\工作目录\设计资料\研制类产品\MCU\32F103\3 软件\DeBug\hhd32f103_Library_release20170702\hhd32f103_Library_release20170731\Library\HHD32F1xx_examples\CAN(TxNew)\demo.uvproj
Project File Date:  08/07/2017

<h2>Output:</h2>
Rebuild target 'Run In Flash'
compiling core_cm3.c...
compiling system_HHD32F1xx.c...
assembling startup_HHD32F1xx_s.s...
compiling hhd_sys.c...
compiling hhd_can.c...
compiling USART_user.c...
compiling hhd_uart.c...
compiling system_user.c...
compiling main.c...
myapp\src\main.c(12): warning:  #177-D: variable "i" was declared but never referenced
                        int i;
myapp\src\main.c: 1 warning, 0 errors
linking...
Program Size: Code=4004 RO-data=340 RW-data=20 ZI-data=1036  
".\myapp\obj\demo.axf" - 0 Error(s), 1 Warning(s).
</pre>
</body>
</html>
: anonymous unions are only supported in --gnu mode, or when enabled with #pragma anon_unions
    };
myapp\src\main.c(12): warning:  #177-D: variable "i" was declared but never referenced
                        int i;
myapp\src\main.c: 1 warning, 1 error
".\myapp\obj\demo.axf" - 2 Error(s), 1 Warning(s).
Target not created
