<html>
<body>
<pre>
<h1>µVision Build Log</h1>
<h2>Project:</h2>
F:\MCU Debug\32F103Debug\A2\HHD32F103_Project-2017-07-31\Library\HHD32F1xx_examples\ADC_TempSensor(Test)\demo.uvproj
Project File Date:  07/08/2017

<h2>Output:</h2>
Rebuild target 'Run In Flash'
compiling core_cm3.c...
compiling system_HHD32F1xx.c...
assembling startup_HHD32F1xx_s.s...
compiling hhd_adc.c...
compiling hhd_gpio.c...
compiling hhd_sys.c...
compiling hhd_uart.c...
compiling main.c...
myapp\src\main.c(126): warning:  #111-D: statement is unreachable
          return 0;
myapp\src\main.c: 1 warning, 0 errors
linking...
Program Size: Code=7508 RO-data=340 RW-data=28 ZI-data=1028  
FromELF: creating hex file...
".\myapp\obj\demo.axf" - 0 Error(s), 1 Warning(s).
Load "F:\\MCU Debug\\32F103Debug\\A2\\HHD32F103_Project-2017-07-31\\Library\\HHD32F1xx_examples\\ADC_TempSensor(Test)\\myapp\\obj\\demo.axf" 
Set JLink Project File to "F:\MCU Debug\32F103Debug\A2\HHD32F103_Project-2017-07-31\Library\HHD32F1xx_examples\ADC_TempSensor(Test)\JLinkSettings.ini"
* JLink Info: Device "CORTEX-M3" selected (0 KB flash, 0 KB RAM).
 
JLink info:
------------
DLL: V4.80g, compiled Feb 13 2014 20:50:02
Firmware: J-Link ARM V8 compiled Jan 31 2018 18:34:52
Hardware: V8.00
S/N : 20080643 
Feature(s) : RDI,FlashDL,FlashBP,JFlash,GDBFull 
 
* JLink Info: TotalIRLen = 4, IRPrint = 0x01
* JLink Info: Found Cortex-M3 r2p0, Little endian.
* JLink Info: FPUnit: 0 code (BP) slots and 0 literal slots
ROMTableAddr = 0xE00FF003
Error: Flash Download failed  -  Target DLL has been cancelled
Load "F:\\MCU Debug\\32F103Debug\\A2\\HHD32F103_Project-2017-07-31\\Library\\HHD32F1xx_examples\\ADC_TempSensor(Test)\\myapp\\obj\\demo.axf" 
Set JLink Project File to "F:\MCU Debug\32F103Debug\A2\HHD32F103_Project-2017-07-31\Library\HHD32F1xx_examples\ADC_TempSensor(Test)\JLinkSettings.ini"
* JLink Info: Device "CORTEX-M3" selected (0 KB flash, 0 KB RAM).
 
JLink info:
------------
DLL: V4.80g, compiled Feb 13 2014 20:50:02
Firmware: J-Link ARM V8 compiled Jan 31 2018 18:34:52
Hardware: V8.00
S/N : 20080643 
Feature(s) : RDI,FlashDL,FlashBP,JFlash,GDBFull 
 
* JLink Info: TotalIRLen = 4, IRPrint = 0x01
* JLink Info: Found Cortex-M3 r2p0, Little endian.
* JLink Info: FPUnit: 0 code (BP) slots and 0 literal slots
ROMTableAddr = 0xE00FF003
Error: Flash Download failed  -  Target DLL has been cancelled
</pre>
</body>
</html>
