<html>
<body>
<pre>
<h1>礦ision Build Log</h1>
<h2>Project:</h2>
E:\汪魁工作档案\工作目录\设计资料\研制类产品\MCU\32F103\3 软件\DeBug\hhd32f103_Library_release20170702\Library\HHD32F1xx_examples\SPI\demo.uvproj
Project File Date:  12/25/2015

<h2>Output:</h2>
Rebuild target 'Run In Flash'
compiling core_cm3.c...
compiling system_HHD32F1xx.c...
assembling startup_HHD32F1xx_s.s...
compiling hhd_spi.c...
compiling hhd_sys.c...
compiling main.c...
linking...
Program Size: Code=1676 RO-data=340 RW-data=20 ZI-data=1636  
FromELF: creating hex file...
".\myapp\obj\demo.axf" - 0 Error(s), 0 Warning(s).
