<html>
<body>
<pre>
<h1>µVision Build Log</h1>
<h2>Project:</h2>
D:\homework\XN11L LIB\Demo-SPIFlash\demo.uvproj
Project File Date:  09/24/2015

<h2>Output:</h2>
Rebuild target 'Run In Flash'
compiling core_cm0.c...
compiling system_XN11Exxx.c...
assembling startup_XN11Exxx.s...
compiling xn_sys.c...
compiling xn_spi.c...
compiling main.c...
compiling xn_spiflash.c...
linking...
Program Size: Code=2952 RO-data=224 RW-data=8 ZI-data=864  
".\myapp\obj\demo.axf" - 0 Error(s), 0 Warning(s).
</pre>
</body>
</html>
