<html>
<body>
<pre>
<h1>礦ision Build Log</h1>
<h2>Project:</h2>
E:\汪魁工作档案\工作目录\设计资料\研制类产品\MCU\32F103\3 软件\DeBug\hhd32f103_Library_release20170702\hhd32f103_Library_release20170731\Library\HHD32F1xx_examples\CAN(RxTest)\demo.uvproj
Project File Date:  08/01/2017

<h2>Output:</h2>
Rebuild target 'Run In Flash'
compiling core_cm3.c...
compiling system_HHD32F1xx.c...
assembling startup_HHD32F1xx_s.s...
compiling hhd_sys.c...
compiling hhd_can.c...
compiling USART_user.c...
compiling hhd_uart.c...
compiling system_user.c...
compiling main.c...
myapp\src\main.c(192): warning:  #128-D: loop is not reachable from preceding code
myapp\src\main.c(62): warning:  #177-D: variable "temp" was declared but never referenced
linking...
Program Size: Code=4852 RO-data=340 RW-data=20 ZI-data=1036  
".\myapp\obj\demo.axf" - 0 Error(s), 2 Warning(s).
Rebuild target 'Run In Flash'
compiling core_cm3.c...
compiling system_HHD32F1xx.c...
assembling startup_HHD32F1xx_s.s...
compiling hhd_sys.c...
compiling hhd_can.c...
compiling USART_user.c...
compiling hhd_uart.c...
compiling system_user.c...
compiling main.c...
myapp\src\main.c(192): warning:  #128-D: loop is not reachable from preceding code
myapp\src\main.c(62): warning:  #177-D: variable "temp" was declared but never referenced
linking...
Program Size: Code=4852 RO-data=340 RW-data=20 ZI-data=1036  
".\myapp\obj\demo.axf" - 0 Error(s), 2 Warning(s).
Load "E:\\汪魁工作档案\\工作目录\\设计资料\\研制类产品\\MCU\\32F103\\3 软件\\DeBug\\hhd32f103_Library_release20170702\\hhd32f103_Library_release20170731\\Library\\HHD32F1xx_examples\\CAN(RxTest)\\myapp\\obj\\demo.AXF" 
Set JLink Project File to "E:\汪魁工作档案\工作目录\设计资料\研制类产品\MCU\32F103\3 软件\DeBug\hhd32f103_Library_release20170702\hhd32f103_Library_release20170731\Library\HHD32F1xx_examples\CAN(RxTest)\JLinkSettings.ini"
 
JLink info:
------------
DLL: V4.40c, compiled Jan 24 2012 09:30:33
Firmware: J-Link ARM V8 compiled Nov 25 2013 19:20:08
Hardware: V8.00
S/N : 304427281 
Feature(s) : RDI,FlashDL,FlashBP,JFlash,GDBFULL 
 
* JLink Info: TotalIRLen = 4, IRPrint = 0x01
* JLink Info: Found Cortex-M3 r2p0, Little endian.
* JLink Info: TPIU fitted.
* JLink Info: ETM fitted.
* JLink Info:   FPUnit: 6 code (BP) slots and 2 literal slots
ROMTableAddr = 0xE00FF003
* JLink Info: TotalIRLen = 4, IRPrint = 0x01
* JLink Info: Found Cortex-M3 r2p0, Little endian.
* JLink Info: TPIU fitted.
* JLink Info: ETM fitted.
* JLink Info:   FPUnit: 6 code (BP) slots and 2 literal slots
* JLink Info: Found Cortex-M3 r2p0, Little endian.
* JLink Info: TPIU fitted.
* JLink Info: ETM fitted.
* JLink Info:   FPUnit: 6 code (BP) slots and 2 literal slots
 
Target info:
------------
Device: Cortex-M3
VTarget = 3.345V
State of Pins: 
TCK: 1, TDI: 0, TDO: 1, TMS: 0, TRES: 1, TRST: 1
Hardware-Breakpoints: 6
Software-Breakpoints: 8192
Watchpoints:          4
JTAG speed: 2000 kHz
 
Erase Done.
Programming Done.
Verify OK.
* JLink Info: TotalIRLen = 4, IRPrint = 0x01
* JLink Info: Found Cortex-M3 r2p0, Little endian.
* JLink Info: TPIU fitted.
* JLink Info: ETM fitted.
* JLink Info:   FPUnit: 6 code (BP) slots and 2 literal slots
* JLink Info: Found Cortex-M3 r2p0, Little endian.
* JLink Info: TPIU fitted.
* JLink Info: ETM fitted.
* JLink Info:   FPUnit: 6 code (BP) slots and 2 literal slots
Application running ...
Rebuild target 'Run In Flash'
compiling core_cm3.c...
compiling system_HHD32F1xx.c...
assembling startup_HHD32F1xx_s.s...
compiling hhd_sys.c...
compiling hhd_can.c...
compiling USART_user.c...
compiling hhd_uart.c...
compiling system_user.c...
compiling main.c...
myapp\src\main.c(192): warning:  #128-D: loop is not reachable from preceding code
myapp\src\main.c(62): warning:  #177-D: variable "temp" was declared but never referenced
linking...
Program Size: Code=4860 RO-data=340 RW-data=20 ZI-data=1036  
".\myapp\obj\demo.axf" - 0 Error(s), 2 Warning(s).
Load "E:\\汪魁工作档案\\工作目录\\设计资料\\研制类产品\\MCU\\32F103\\3 软件\\DeBug\\hhd32f103_Library_release20170702\\hhd32f103_Library_release20170731\\Library\\HHD32F1xx_examples\\CAN(RxTest)\\myapp\\obj\\demo.AXF" 
Set JLink Project File to "E:\汪魁工作档案\工作目录\设计资料\研制类产品\MCU\32F103\3 软件\DeBug\hhd32f103_Library_release20170702\hhd32f103_Library_release20170731\Library\HHD32F1xx_examples\CAN(RxTest)\JLinkSettings.ini"
 
JLink info:
------------
DLL: V4.40c, compiled Jan 24 2012 09:30:33
Firmware: J-Link ARM V8 compiled Nov 25 2013 19:20:08
Hardware: V8.00
S/N : 304427281 
Feature(s) : RDI,FlashDL,FlashBP,JFlash,GDBFULL 
 
* JLink Info: TotalIRLen = 4, IRPrint = 0x01
* JLink Info: Found Cortex-M3 r2p0, Little endian.
* JLink Info: TPIU fitted.
* JLink Info: ETM fitted.
* JLink Info:   FPUnit: 6 code (BP) slots and 2 literal slots
ROMTableAddr = 0xE00FF003
* JLink Info: TotalIRLen = 4, IRPrint = 0x01
* JLink Info: Found Cortex-M3 r2p0, Little endian.
* JLink Info: TPIU fitted.
* JLink Info: ETM fitted.
* JLink Info:   FPUnit: 6 code (BP) slots and 2 literal slots
* JLink Info: Found Cortex-M3 r2p0, Little endian.
* JLink Info: TPIU fitted.
* JLink Info: ETM fitted.
* JLink Info:   FPUnit: 6 code (BP) slots and 2 literal slots
 
Target info:
------------
Device: Cortex-M3
VTarget = 3.345V
State of Pins: 
TCK: 1, TDI: 0, TDO: 1, TMS: 0, TRES: 1, TRST: 1
Hardware-Breakpoints: 6
Software-Breakpoints: 8192
Watchpoints:          4
JTAG speed: 2000 kHz
 
Erase Done.
Programming Done.
Verify OK.
* JLink Info: TotalIRLen = 4, IRPrint = 0x01
* JLink Info: Found Cortex-M3 r2p0, Little endian.
* JLink Info: TPIU fitted.
* JLink Info: ETM fitted.
* JLink Info:   FPUnit: 6 code (BP) slots and 2 literal slots
* JLink Info: Found Cortex-M3 r2p0, Little endian.
* JLink Info: TPIU fitted.
* JLink Info: ETM fitted.
* JLink Info:   FPUnit: 6 code (BP) slots and 2 literal slots
Application running ...
Rebuild target 'Run In Flash'
compiling core_cm3.c...
compiling system_HHD32F1xx.c...
assembling startup_HHD32F1xx_s.s...
compiling hhd_sys.c...
compiling hhd_can.c...
compiling USART_user.c...
compiling hhd_uart.c...
compiling system_user.c...
compiling main.c...
myapp\src\main.c(192): warning:  #128-D: loop is not reachable from preceding code
myapp\src\main.c(62): warning:  #177-D: variable "temp" was declared but never referenced
linking...
Program Size: Code=4852 RO-data=340 RW-data=20 ZI-data=1036  
".\myapp\obj\demo.axf" - 0 Error(s), 2 Warning(s).
Load "E:\\汪魁工作档案\\工作目录\\设计资料\\研制类产品\\MCU\\32F103\\3 软件\\DeBug\\hhd32f103_Library_release20170702\\hhd32f103_Library_release20170731\\Library\\HHD32F1xx_examples\\CAN(RxTest)\\myapp\\obj\\demo.AXF" 
Set JLink Project File to "E:\汪魁工作档案\工作目录\设计资料\研制类产品\MCU\32F103\3 软件\DeBug\hhd32f103_Library_release20170702\hhd32f103_Library_release20170731\Library\HHD32F1xx_examples\CAN(RxTest)\JLinkSettings.ini"
 
JLink info:
------------
DLL: V4.40c, compiled Jan 24 2012 09:30:33
Firmware: J-Link ARM V8 compiled Nov 25 2013 19:20:08
Hardware: V8.00
S/N : 304427281 
Feature(s) : RDI,FlashDL,FlashBP,JFlash,GDBFULL 
 
* JLink Info: TotalIRLen = 4, IRPrint = 0x01
* JLink Info: Found Cortex-M3 r2p0, Little endian.
* JLink Info: TPIU fitted.
* JLink Info: ETM fitted.
* JLink Info:   FPUnit: 6 code (BP) slots and 2 literal slots
ROMTableAddr = 0xE00FF003
* JLink Info: TotalIRLen = 4, IRPrint = 0x01
* JLink Info: Found Cortex-M3 r2p0, Little endian.
* JLink Info: TPIU fitted.
* JLink Info: ETM fitted.
* JLink Info:   FPUnit: 6 code (BP) slots and 2 literal slots
* JLink Info: Found Cortex-M3 r2p0, Little endian.
* JLink Info: TPIU fitted.
* JLink Info: ETM fitted.
* JLink Info:   FPUnit: 6 code (BP) slots and 2 literal slots
 
Target info:
------------
Device: Cortex-M3
VTarget = 3.345V
State of Pins: 
TCK: 1, TDI: 0, TDO: 1, TMS: 0, TRES: 1, TRST: 1
Hardware-Breakpoints: 6
Software-Breakpoints: 8192
Watchpoints:          4
JTAG speed: 2000 kHz
 
Erase Done.
Programming Done.
Verify OK.
* JLink Info: TotalIRLen = 4, IRPrint = 0x01
* JLink Info: Found Cortex-M3 r2p0, Little endian.
* JLink Info: TPIU fitted.
* JLink Info: ETM fitted.
* JLink Info:   FPUnit: 6 code (BP) slots and 2 literal slots
* JLink Info: Found Cortex-M3 r2p0, Little endian.
* JLink Info: TPIU fitted.
* JLink Info: ETM fitted.
* JLink Info:   FPUnit: 6 code (BP) slots and 2 literal slots
Application running ...
