<html>
<body>
<pre>
<h1>µVision Build Log</h1>
<h2>Project:</h2>
F:\MCU Debug\32F103Debug\Debug\HHD32F103_Project_Template£¨20181011£©\Project\project.uvproj
Project File Date:  10/10/2018

<h2>Output:</h2>
Rebuild target 'HHD32F103_RBT6'
compiling main.c...
..\Hardware\can.h(39): warning:  #1-D: last line of file ends without a newline
  #endif /*__CAN_H__*/
..\Hardware\flash.h(41): warning:  #1-D: last line of file ends without a newline
  /******************* (C) COPYRIGHT 2018  *****END OF FILE****/
..\User\main.c: 2 warnings, 0 errors
compiling hhd32f10x_it.c...
compiling Debug.c...
compiling delay.c...
compiling system.c...
compiling hal.c...
..\Hardware\can.h(39): warning:  #1-D: last line of file ends without a newline
  #endif /*__CAN_H__*/
..\Hardware\flash.h(41): warning:  #1-D: last line of file ends without a newline
  /******************* (C) COPYRIGHT 2018  *****END OF FILE****/
..\Hardware\hal.c: 2 warnings, 0 errors
compiling adc.c...
compiling gpio.c...
compiling i2c.c...
compiling spi.c...
compiling timer.c...
compiling uart.c...
compiling can.c...
..\Hardware\can.h(39): warning:  #1-D: last line of file ends without a newline
  #endif /*__CAN_H__*/
..\Hardware\can.c: 1 warning, 0 errors
compiling pwm.c...
..\Hardware\pwm.c(169): warning:  #1-D: last line of file ends without a newline
  }
..\Hardware\pwm.c: 1 warning, 0 errors
compiling flash.c...
..\Hardware\flash.h(41): warning:  #1-D: last line of file ends without a newline
  /******************* (C) COPYRIGHT 2018  *****END OF FILE****/
..\Hardware\flash.c(53): warning:  #186-D: pointless comparison of unsigned integer with zero
        if((WriteAddr<FLASH_BASE_ADDR) || (WriteAddr>=FLASH_MAX_ADDR)) 
..\Hardware\flash.c(182): warning:  #177-D: variable "temp" was declared but never referenced
        u16  temp = SIZE;
..\Hardware\flash.c(183): warning:  #177-D: variable "i" was declared but never referenced
        u16 i = 0;
..\Hardware\flash.c: 4 warnings, 0 errors
compiling hhd_adc.c...
compiling hhd_can.c...
compiling hhd_crc.c...
compiling hhd_dac.c...
compiling hhd_dma.c...
compiling hhd_gpio.c...
compiling hhd_iap.c...
compiling hhd_iic.c...
compiling hhd_pwm.c...
compiling hhd_rtc.c...
compiling hhd_spi.c...
compiling hhd_sys.c...
compiling hhd_timer.c...
compiling hhd_uart.c...
compiling hhd_wdt.c...
compiling core_cm3.c...
compiling system_HHD32F1xx.c...
assembling startup_HHD32F1xx_s.s...
linking...
Program Size: Code=20100 RO-data=340 RW-data=48 ZI-data=1224  
After Build - User command #1: D:\Program Files\ARM\\ARM\ARMCC\BIN\fromelf.exe Project.axf --bin -o Project.bin
".\project.axf" - 0 Error(s), 10 Warning(s).
</pre>
</body>
</html>
n.
* JLink Info: FPUnit: 6 code (BP) slots and 2 literal slots
* JLink Info: TPIU fitted.
* JLink Info: ETM fitted.
ROMTableAddr = 0xE00FF003
 
Target info:
------------
Device: Cortex-M3
VTarget = 3.280V
State of Pins: 
TCK: 1, TDI: 0, TDO: 1, TMS: 0, TRES: 1, TRST: 1
Hardware-Breakpoints: 6
Software-Breakpoints: 8192
Watchpoints:          4
JTAG speed: 2000 kHz
 
Erase Done.
Programming Done.
Verify OK.
Application running ...
