<html>
<body>
<pre>
<h1>礦ision Build Log</h1>
<h2>Project:</h2>
E:\汪魁工作档案\工作目录\设计资料\研制类产品\MCU\32F103\3 软件\DeBug\hhd32f103_Library_release20170702\Library\HHD32F1xx_examples\I2C_EEPROM\demo.uvproj
Project File Date:  12/09/2015

<h2>Output:</h2>
Rebuild target 'Run In Flash'
compiling core_cm3.c...
compiling system_HHD32F1xx.c...
assembling startup_HHD32F1xx_s.s...
compiling hhd_iic.c...
..\..\HHD32F1xx_library\Drivers\source\hhd_iic.c(12): error:  #5: cannot open source input file "hhd32f1xx.h": No such file or directory
compiling hhd_sys.c...
..\..\HHD32F1xx_library\Drivers\source\hhd_sys.c(3): error:  #5: cannot open source input file "hhd32f1xx.h": No such file or directory
compiling main.c...
myapp\src\main.c(7): error:  #5: cannot open source input file "hhd32f1xx.h": No such file or directory
Target not created
Rebuild target 'Run In Flash'
compiling core_cm3.c...
compiling system_HHD32F1xx.c...
assembling startup_HHD32F1xx_s.s...
compiling hhd_iic.c...
..\..\HHD32F1xx_library\Drivers\source\hhd_iic.c(470): warning:  #177-D: variable "temp" was declared but never referenced
..\..\HHD32F1xx_library\Drivers\source\hhd_iic.c(1234): warning:  #177-D: variable "i" was declared but never referenced
compiling hhd_sys.c...
compiling main.c...
myapp\src\main.c(107): warning:  #550-D: variable "i2c_rdata" was set but never used
linking...
Program Size: Code=4104 RO-data=340 RW-data=28 ZI-data=1820  
FromELF: creating hex file...
".\myapp\obj\demo.axf" - 0 Error(s), 3 Warning(s).
