<html>
<body>
<pre>
<h1>礦ision Build Log</h1>
<h2>Project:</h2>
E:\汪魁工作档案\工作目录\设计资料\研制类产品\MCU\32F103\3 软件\DeBug\hhd32f103_Library_release20170702\hhd32f103_Library_release20170807\Library\HHD32F1xx_examples\CAN(TxTxSelfTestNewLib)\demo.uvproj
Project File Date:  08/01/2017

<h2>Output:</h2>
Rebuild target 'Run In Flash'
compiling core_cm3.c...
compiling system_HHD32F1xx.c...
assembling startup_HHD32F1xx_s.s...
compiling hhd_sys.c...
compiling hhd_can.c...
compiling USART_user.c...
compiling hhd_uart.c...
compiling system_user.c...
compiling main.c...
myapp\src\main.c(18): warning:  #181-D: argument is incompatible with corresponding format string conversion
                                                        printf("CAN->RXFIFO[%d] = %x\r\n", i, CAN->RXFIFO[i]);
myapp\src\main.c(215): warning:  #128-D: loop is not reachable
    while (1)
myapp\src\main.c: 2 warnings, 0 errors
linking...
Program Size: Code=5096 RO-data=340 RW-data=20 ZI-data=1036  
".\myapp\obj\demo.axf" - 0 Error(s), 2 Warning(s).
Load "E:\\汪魁工作档案\\工作目录\\设计资料\\研制类产品\\MCU\\32F103\\3 软件\\DeBug\\hhd32f103_Library_release20170702\\hhd32f103_Library_release20170807\\Library\\HHD32F1xx_examples\\CAN(TxTxSelfTestNewLib)\\myapp\\obj\\demo.axf" 
Set JLink Project File to "E:\汪魁工作档案\工作目录\设计资料\研制类产品\MCU\32F103\3 软件\DeBug\hhd32f103_Library_release20170702\hhd32f103_Library_release20170807\Library\HHD32F1xx_examples\CAN(TxTxSelfTestNewLib)\JLinkSettings.ini"
* JLink Info: Device "CORTEX-M3" selected (0 KB flash, 0 KB RAM).
 
JLink info:
------------
DLL: V4.76d, compiled Sep 13 2013 16:35:06
Firmware: J-Link ARM V8 compiled Nov 25 2013 19:20:08
Hardware: V8.00
S/N : 304427281 
Feature(s) : RDI,FlashDL,FlashBP,JFlash,GDBFULL 
 
* JLink Info: TotalIRLen = 4, IRPrint = 0x01
* JLink Info: Found Cortex-M3 r2p0, Little endian.
* JLink Info: FPUnit: 6 code (BP) slots and 2 literal slots
* JLink Info: TPIU fitted.
* JLink Info: ETM fitted.
ROMTableAddr = 0xE00FF003
* JLink Info: Found Cortex-M3 r2p0, Little endian.
 
Target info:
------------
Device: Cortex-M3
VTarget = 3.345V
State of Pins: 
TCK: 1, TDI: 0, TDO: 1, TMS: 0, TRES: 1, TRST: 1
Hardware-Breakpoints: 0
Software-Breakpoints: 8192
Watchpoints:          0
JTAG speed: 2000 kHz
 
Erase Done.
Programming Done.
Verify OK.
* JLink Info: Found Cortex-M3 r2p0, Little endian.
Application running ...
