<html>
<body>
<pre>
<h1>礦ision Build Log</h1>
<h2>Project:</h2>
E:\汪魁工作档案\工作目录\设计资料\研制类产品\MCU\32F103\3 软件\DeBug\hhd32f103_Library_release20170702\Library\HHD32F1xx_examples\USB\BulkIn\demo.uvproj
Project File Date:  06/13/2016

<h2>Output:</h2>
Rebuild target 'Target 1'
compiling desc.c...
compiling endpoint.c...
compiling endpoint0.c...
..\..\..\HHD32F1xx_library\Drivers\source\usb\endpoint0.c(122): warning:  #550-D: variable "byType" was set but never used
compiling fifo.c...
compiling musbfsfc.c...
compiling reset.c...
compiling core_cm3.c...
compiling system_HHD32F1xx.c...
assembling startup_HHD32F1xx_s.s...
compiling hhd_sys.c...
..\..\..\HHD32F1xx_library\Drivers\source\hhd_sys.c(3): error:  #5: cannot open source input file "hhd32f1xx.h": No such file or directory
Target not created
Rebuild target 'Target 1'
compiling desc.c...
compiling endpoint.c...
compiling endpoint0.c...
..\..\..\HHD32F1xx_library\Drivers\source\usb\endpoint0.c(122): warning:  #550-D: variable "byType" was set but never used
compiling fifo.c...
compiling musbfsfc.c...
compiling reset.c...
compiling core_cm3.c...
compiling system_HHD32F1xx.c...
assembling startup_HHD32F1xx_s.s...
compiling hhd_sys.c...
..\..\..\HHD32F1xx_library\Drivers\source\hhd_sys.c(3): error:  #5: cannot open source input file "hhd32f1xx.h": No such file or directory
Target not created
Rebuild target 'Target 1'
compiling desc.c...
compiling endpoint.c...
compiling endpoint0.c...
..\..\..\HHD32F1xx_library\Drivers\source\usb\endpoint0.c(122): warning:  #550-D: variable "byType" was set but never used
compiling fifo.c...
compiling musbfsfc.c...
compiling reset.c...
compiling core_cm3.c...
compiling system_HHD32F1xx.c...
assembling startup_HHD32F1xx_s.s...
compiling hhd_sys.c...
..\..\..\HHD32F1xx_library\Drivers\source\hhd_sys.c(3): error:  #5: cannot open source input file "hhd32f1xx.h": No such file or directory
compiling main.c...
src\main.c(1): error:  #5: cannot open source input file "hhd32f1xx.h": No such file or directory
Target not created
Rebuild target 'Target 1'
compiling desc.c...
compiling endpoint.c...
compiling endpoint0.c...
..\..\..\HHD32F1xx_library\Drivers\source\usb\endpoint0.c(122): warning:  #550-D: variable "byType" was set but never used
compiling fifo.c...
compiling musbfsfc.c...
compiling reset.c...
compiling core_cm3.c...
compiling system_HHD32F1xx.c...
assembling startup_HHD32F1xx_s.s...
compiling hhd_sys.c...
..\..\..\HHD32F1xx_library\Drivers\source\hhd_sys.c(4): error:  #5: cannot open source input file "hhd_timer.h": No such file or directory
compiling main.c...
src\main.c(2): error:  #5: cannot open source input file "hhd_sys.h": No such file or directory
Target not created
Rebuild target 'Target 1'
compiling desc.c...
compiling endpoint.c...
compiling endpoint0.c...
..\..\..\HHD32F1xx_library\Drivers\source\usb\endpoint0.c(122): warning:  #550-D: variable "byType" was set but never used
compiling fifo.c...
compiling musbfsfc.c...
compiling reset.c...
compiling core_cm3.c...
compiling system_HHD32F1xx.c...
assembling startup_HHD32F1xx_s.s...
compiling hhd_sys.c...
compiling main.c...
linking...
Program Size: Code=4700 RO-data=340 RW-data=40 ZI-data=1928  
".\obj\demo.axf" - 0 Error(s), 1 Warning(s).
