<html>
<body>
<pre>
<h1>µVision Build Log</h1>
<h2>Project:</h2>
G:\ÅË¾º\panjingwork\cortex-m3\musbfsfc\usb_prj\demo.uvproj
Project File Date:  06/11/2016

<h2>Output:</h2>
Build target 'Target 1'
compiling desc.c...
compiling endpoint.c...
compiling endpoint0.c...
user\endpoint0.c(122): warning:  #550-D: variable "byType" was set but never used
  BYTE  byType;
user\endpoint0.c: 1 warning, 0 errors
compiling fifo.c...
compiling musbfsfc.c...
compiling reset.c...
compiling main.c...
user\main.c(16): warning:  #1-D: last line of file ends without a newline
  }
user\main.c: 1 warning, 0 errors
assembling startup_G32F1xx_s.s...
compiling gt_sys.c...
linking...
Program Size: Code=4468 RO-data=340 RW-data=32 ZI-data=1928  
".\obj\demo.axf" - 0 Error(s), 2 Warning(s).
</pre>
</body>
</html>
obj\demo.axf" - 1 Error(s), 1 Warning(s).
Target not created
r(s), 2 Warning(s).
Target not created
t ();
user\musbfsfc.h(112): warning:  #1295-D: Deprecated declaration InitialiseDesc - give arg types
  void InitialiseDesc ();
user\endpoint0.c(43): warning:  #1295-D: Deprecated declaration ConfigureIfs - give arg types
  int ConfigureIfs ();
user\endpoint0.c(122): warning:  #550-D: variable "byType" was set but never used
  BYTE  byType;
user\endpoint0.c: 4 warnings, 0 errors
compiling fifo.c...
user\musbfsfc.h(111): warning:  #1295-D: Deprecated declaration USBReset - give arg types
  void USBReset ();
user\musbfsfc.h(112): warning:  #1295-D: Deprecated declaration InitialiseDesc - give arg types
  void InitialiseDesc ();
user\fifo.c: 2 warnings, 0 errors
compiling musbfsfc.c...
user\musbfsfc.h(111): warning:  #1295-D: Deprecated declaration USBReset - give arg types
  void USBReset ();
user\musbfsfc.h(112): warning:  #1295-D: Deprecated declaration InitialiseDesc - give arg types
  void InitialiseDesc ();
user\musbfsfc.c: 2 warnings, 0 errors
compiling reset.c...
user\musbfsfc.h(111): warning:  #1295-D: Deprecated declaration USBReset - give arg types
  void USBReset ();
user\musbfsfc.h(112): warning:  #1295-D: Deprecated declaration InitialiseDesc - give arg types
  void InitialiseDesc ();
user\reset.c: 2 warnings, 0 errors
linking...
.\obj\demo.sct(7): error: L6236E: No section matches selector - no section to be FIRST/LAST.
Not enough information to list image symbols.
Not enough information to list the image map.
Finished: 2 information, 0 warning and 1 error messages.
".\obj\demo.axf" - 1 Error(s), 14 Warning(s).
Target not created
