Product: MDK-ARM Professional 5.10
Component: ARM Compiler 5.04 update 1 (build 49)
Tool: armlink [5040049]

==============================================================================

Section Cross References

    system_hhd32f1xx.o(.text) refers to system_hhd32f1xx.o(.data) for SystemCoreClock
    startup_hhd32f1xx_s.o(RESET) refers to startup_hhd32f1xx_s.o(STACK) for __initial_sp
    startup_hhd32f1xx_s.o(RESET) refers to startup_hhd32f1xx_s.o(.text) for Reset_Handler
    startup_hhd32f1xx_s.o(.text) refers to entry.o(.ARM.Collect$$$$00000000) for __main
    hhd_adc.o(.text) refers to system_hhd32f1xx.o(.data) for APB2Clock
    hhd_sys.o(.text) refers to system_hhd32f1xx.o(.text) for SystemInit
    hhd_uart.o(.text) refers to system_hhd32f1xx.o(.data) for MainClock
    main.o(.text) refers to system_hhd32f1xx.o(.text) for SystemInit
    main.o(.text) refers to hhd_gpio.o(.text) for GPIO_ConfigPinsAsOutput
    main.o(.text) refers to hhd_uart.o(.text) for UART_Open
    main.o(.text) refers to printfa.o(i.__0printf) for __2printf
    main.o(.text) refers to hhd_adc.o(.text) for ADC_Init
    main.o(.text) refers to dfltui.o(.text) for __aeabi_ui2d
    main.o(.text) refers to dadd.o(.text) for __aeabi_dsub
    main.o(.text) refers to ddiv.o(.text) for __aeabi_ddiv
    main.o(.text) refers to main.o(.data) for temp
    entry.o(.ARM.Collect$$$$00000000) refers (Special) to entry10a.o(.ARM.Collect$$$$0000000D) for __rt_final_cpp
    entry.o(.ARM.Collect$$$$00000000) refers (Special) to entry11a.o(.ARM.Collect$$$$0000000F) for __rt_final_exit
    entry.o(.ARM.Collect$$$$00000000) refers (Special) to entry7b.o(.ARM.Collect$$$$00000008) for _main_clock
    entry.o(.ARM.Collect$$$$00000000) refers (Special) to entry8b.o(.ARM.Collect$$$$0000000A) for _main_cpp_init
    entry.o(.ARM.Collect$$$$00000000) refers (Special) to entry9a.o(.ARM.Collect$$$$0000000B) for _main_init
    entry.o(.ARM.Collect$$$$00000000) refers (Special) to entry5.o(.ARM.Collect$$$$00000004) for _main_scatterload
    entry.o(.ARM.Collect$$$$00000000) refers (Special) to entry2.o(.ARM.Collect$$$$00000001) for _main_stk
    printfb.o(i.__0fprintf$bare) refers to printfb.o(i._printf_core) for _printf_core
    printfb.o(i.__0fprintf$bare) refers to main.o(.text) for fputc
    printfb.o(i.__0printf$bare) refers to printfb.o(i._printf_core) for _printf_core
    printfb.o(i.__0printf$bare) refers to main.o(.text) for fputc
    printfb.o(i.__0printf$bare) refers to stdout.o(.data) for __stdout
    printfb.o(i.__0snprintf$bare) refers to printfb.o(i._printf_core) for _printf_core
    printfb.o(i.__0snprintf$bare) refers to printfb.o(i._snputc) for _snputc
    printfb.o(i.__0sprintf$bare) refers to printfb.o(i._printf_core) for _printf_core
    printfb.o(i.__0sprintf$bare) refers to printfb.o(i._sputc) for _sputc
    printfb.o(i.__0vfprintf$bare) refers to printfb.o(i._printf_core) for _printf_core
    printfb.o(i.__0vfprintf$bare) refers to main.o(.text) for fputc
    printfb.o(i.__0vprintf$bare) refers to printfb.o(i._printf_core) for _printf_core
    printfb.o(i.__0vprintf$bare) refers to main.o(.text) for fputc
    printfb.o(i.__0vprintf$bare) refers to stdout.o(.data) for __stdout
    printfb.o(i.__0vsnprintf$bare) refers to printfb.o(i._printf_core) for _printf_core
    printfb.o(i.__0vsnprintf$bare) refers to printfb.o(i._snputc) for _snputc
    printfb.o(i.__0vsprintf$bare) refers to printfb.o(i._printf_core) for _printf_core
    printfb.o(i.__0vsprintf$bare) refers to printfb.o(i._sputc) for _sputc
    printf0.o(i.__0fprintf$0) refers to printf0.o(i._printf_core) for _printf_core
    printf0.o(i.__0fprintf$0) refers to main.o(.text) for fputc
    printf0.o(i.__0printf$0) refers to printf0.o(i._printf_core) for _printf_core
    printf0.o(i.__0printf$0) refers to main.o(.text) for fputc
    printf0.o(i.__0printf$0) refers to stdout.o(.data) for __stdout
    printf0.o(i.__0snprintf$0) refers to printf0.o(i._printf_core) for _printf_core
    printf0.o(i.__0snprintf$0) refers to printf0.o(i._snputc) for _snputc
    printf0.o(i.__0sprintf$0) refers to printf0.o(i._printf_core) for _printf_core
    printf0.o(i.__0sprintf$0) refers to printf0.o(i._sputc) for _sputc
    printf0.o(i.__0vfprintf$0) refers to printf0.o(i._printf_core) for _printf_core
    printf0.o(i.__0vfprintf$0) refers to main.o(.text) for fputc
    printf0.o(i.__0vprintf$0) refers to printf0.o(i._printf_core) for _printf_core
    printf0.o(i.__0vprintf$0) refers to main.o(.text) for fputc
    printf0.o(i.__0vprintf$0) refers to stdout.o(.data) for __stdout
    printf0.o(i.__0vsnprintf$0) refers to printf0.o(i._printf_core) for _printf_core
    printf0.o(i.__0vsnprintf$0) refers to printf0.o(i._snputc) for _snputc
    printf0.o(i.__0vsprintf$0) refers to printf0.o(i._printf_core) for _printf_core
    printf0.o(i.__0vsprintf$0) refers to printf0.o(i._sputc) for _sputc
    printf1.o(i.__0fprintf$1) refers to printf1.o(i._printf_core) for _printf_core
    printf1.o(i.__0fprintf$1) refers to main.o(.text) for fputc
    printf1.o(i.__0printf$1) refers to printf1.o(i._printf_core) for _printf_core
    printf1.o(i.__0printf$1) refers to main.o(.text) for fputc
    printf1.o(i.__0printf$1) refers to stdout.o(.data) for __stdout
    printf1.o(i.__0snprintf$1) refers to printf1.o(i._printf_core) for _printf_core
    printf1.o(i.__0snprintf$1) refers to printf1.o(i._snputc) for _snputc
    printf1.o(i.__0sprintf$1) refers to printf1.o(i._printf_core) for _printf_core
    printf1.o(i.__0sprintf$1) refers to printf1.o(i._sputc) for _sputc
    printf1.o(i.__0vfprintf$1) refers to printf1.o(i._printf_core) for _printf_core
    printf1.o(i.__0vfprintf$1) refers to main.o(.text) for fputc
    printf1.o(i.__0vprintf$1) refers to printf1.o(i._printf_core) for _printf_core
    printf1.o(i.__0vprintf$1) refers to main.o(.text) for fputc
    printf1.o(i.__0vprintf$1) refers to stdout.o(.data) for __stdout
    printf1.o(i.__0vsnprintf$1) refers to printf1.o(i._printf_core) for _printf_core
    printf1.o(i.__0vsnprintf$1) refers to printf1.o(i._snputc) for _snputc
    printf1.o(i.__0vsprintf$1) refers to printf1.o(i._printf_core) for _printf_core
    printf1.o(i.__0vsprintf$1) refers to printf1.o(i._sputc) for _sputc
    printf1.o(i._printf_core) refers to uidiv.o(.text) for __aeabi_uidivmod
    printf2.o(i.__0fprintf$2) refers to printf2.o(i._printf_core) for _printf_core
    printf2.o(i.__0fprintf$2) refers to main.o(.text) for fputc
    printf2.o(i.__0printf$2) refers to printf2.o(i._printf_core) for _printf_core
    printf2.o(i.__0printf$2) refers to main.o(.text) for fputc
    printf2.o(i.__0printf$2) refers to stdout.o(.data) for __stdout
    printf2.o(i.__0snprintf$2) refers to printf2.o(i._printf_core) for _printf_core
    printf2.o(i.__0snprintf$2) refers to printf2.o(i._snputc) for _snputc
    printf2.o(i.__0sprintf$2) refers to printf2.o(i._printf_core) for _printf_core
    printf2.o(i.__0sprintf$2) refers to printf2.o(i._sputc) for _sputc
    printf2.o(i.__0vfprintf$2) refers to printf2.o(i._printf_core) for _printf_core
    printf2.o(i.__0vfprintf$2) refers to main.o(.text) for fputc
    printf2.o(i.__0vprintf$2) refers to printf2.o(i._printf_core) for _printf_core
    printf2.o(i.__0vprintf$2) refers to main.o(.text) for fputc
    printf2.o(i.__0vprintf$2) refers to stdout.o(.data) for __stdout
    printf2.o(i.__0vsnprintf$2) refers to printf2.o(i._printf_core) for _printf_core
    printf2.o(i.__0vsnprintf$2) refers to printf2.o(i._snputc) for _snputc
    printf2.o(i.__0vsprintf$2) refers to printf2.o(i._printf_core) for _printf_core
    printf2.o(i.__0vsprintf$2) refers to printf2.o(i._sputc) for _sputc
    printf3.o(i.__0fprintf$3) refers to printf3.o(i._printf_core) for _printf_core
    printf3.o(i.__0fprintf$3) refers to main.o(.text) for fputc
    printf3.o(i.__0printf$3) refers to printf3.o(i._printf_core) for _printf_core
    printf3.o(i.__0printf$3) refers to main.o(.text) for fputc
    printf3.o(i.__0printf$3) refers to stdout.o(.data) for __stdout
    printf3.o(i.__0snprintf$3) refers to printf3.o(i._printf_core) for _printf_core
    printf3.o(i.__0snprintf$3) refers to printf3.o(i._snputc) for _snputc
    printf3.o(i.__0sprintf$3) refers to printf3.o(i._printf_core) for _printf_core
    printf3.o(i.__0sprintf$3) refers to printf3.o(i._sputc) for _sputc
    printf3.o(i.__0vfprintf$3) refers to printf3.o(i._printf_core) for _printf_core
    printf3.o(i.__0vfprintf$3) refers to main.o(.text) for fputc
    printf3.o(i.__0vprintf$3) refers to printf3.o(i._printf_core) for _printf_core
    printf3.o(i.__0vprintf$3) refers to main.o(.text) for fputc
    printf3.o(i.__0vprintf$3) refers to stdout.o(.data) for __stdout
    printf3.o(i.__0vsnprintf$3) refers to printf3.o(i._printf_core) for _printf_core
    printf3.o(i.__0vsnprintf$3) refers to printf3.o(i._snputc) for _snputc
    printf3.o(i.__0vsprintf$3) refers to printf3.o(i._printf_core) for _printf_core
    printf3.o(i.__0vsprintf$3) refers to printf3.o(i._sputc) for _sputc
    printf3.o(i._printf_core) refers to uidiv.o(.text) for __aeabi_uidivmod
    printf4.o(i.__0fprintf$4) refers to printf4.o(i._printf_core) for _printf_core
    printf4.o(i.__0fprintf$4) refers to main.o(.text) for fputc
    printf4.o(i.__0printf$4) refers to printf4.o(i._printf_core) for _printf_core
    printf4.o(i.__0printf$4) refers to main.o(.text) for fputc
    printf4.o(i.__0printf$4) refers to stdout.o(.data) for __stdout
    printf4.o(i.__0snprintf$4) refers to printf4.o(i._printf_core) for _printf_core
    printf4.o(i.__0snprintf$4) refers to printf4.o(i._snputc) for _snputc
    printf4.o(i.__0sprintf$4) refers to printf4.o(i._printf_core) for _printf_core
    printf4.o(i.__0sprintf$4) refers to printf4.o(i._sputc) for _sputc
    printf4.o(i.__0vfprintf$4) refers to printf4.o(i._printf_core) for _printf_core
    printf4.o(i.__0vfprintf$4) refers to main.o(.text) for fputc
    printf4.o(i.__0vprintf$4) refers to printf4.o(i._printf_core) for _printf_core
    printf4.o(i.__0vprintf$4) refers to main.o(.text) for fputc
    printf4.o(i.__0vprintf$4) refers to stdout.o(.data) for __stdout
    printf4.o(i.__0vsnprintf$4) refers to printf4.o(i._printf_core) for _printf_core
    printf4.o(i.__0vsnprintf$4) refers to printf4.o(i._snputc) for _snputc
    printf4.o(i.__0vsprintf$4) refers to printf4.o(i._printf_core) for _printf_core
    printf4.o(i.__0vsprintf$4) refers to printf4.o(i._sputc) for _sputc
    printf4.o(i._printf_core) refers to uldiv.o(.text) for __aeabi_uldivmod
    printf5.o(i.__0fprintf$5) refers to printf5.o(i._printf_core) for _printf_core
    printf5.o(i.__0fprintf$5) refers to main.o(.text) for fputc
    printf5.o(i.__0printf$5) refers to printf5.o(i._printf_core) for _printf_core
    printf5.o(i.__0printf$5) refers to main.o(.text) for fputc
    printf5.o(i.__0printf$5) refers to stdout.o(.data) for __stdout
    printf5.o(i.__0snprintf$5) refers to printf5.o(i._printf_core) for _printf_core
    printf5.o(i.__0snprintf$5) refers to printf5.o(i._snputc) for _snputc
    printf5.o(i.__0sprintf$5) refers to printf5.o(i._printf_core) for _printf_core
    printf5.o(i.__0sprintf$5) refers to printf5.o(i._sputc) for _sputc
    printf5.o(i.__0vfprintf$5) refers to printf5.o(i._printf_core) for _printf_core
    printf5.o(i.__0vfprintf$5) refers to main.o(.text) for fputc
    printf5.o(i.__0vprintf$5) refers to printf5.o(i._printf_core) for _printf_core
    printf5.o(i.__0vprintf$5) refers to main.o(.text) for fputc
    printf5.o(i.__0vprintf$5) refers to stdout.o(.data) for __stdout
    printf5.o(i.__0vsnprintf$5) refers to printf5.o(i._printf_core) for _printf_core
    printf5.o(i.__0vsnprintf$5) refers to printf5.o(i._snputc) for _snputc
    printf5.o(i.__0vsprintf$5) refers to printf5.o(i._printf_core) for _printf_core
    printf5.o(i.__0vsprintf$5) refers to printf5.o(i._sputc) for _sputc
    printf5.o(i._printf_core) refers to uldiv.o(.text) for __aeabi_uldivmod
    printf6.o(i.__0fprintf$6) refers to printf6.o(i._printf_core) for _printf_core
    printf6.o(i.__0fprintf$6) refers to main.o(.text) for fputc
    printf6.o(i.__0printf$6) refers to printf6.o(i._printf_core) for _printf_core
    printf6.o(i.__0printf$6) refers to main.o(.text) for fputc
    printf6.o(i.__0printf$6) refers to stdout.o(.data) for __stdout
    printf6.o(i.__0snprintf$6) refers to printf6.o(i._printf_core) for _printf_core
    printf6.o(i.__0snprintf$6) refers to printf6.o(i._snputc) for _snputc
    printf6.o(i.__0sprintf$6) refers to printf6.o(i._printf_core) for _printf_core
    printf6.o(i.__0sprintf$6) refers to printf6.o(i._sputc) for _sputc
    printf6.o(i.__0vfprintf$6) refers to printf6.o(i._printf_core) for _printf_core
    printf6.o(i.__0vfprintf$6) refers to main.o(.text) for fputc
    printf6.o(i.__0vprintf$6) refers to printf6.o(i._printf_core) for _printf_core
    printf6.o(i.__0vprintf$6) refers to main.o(.text) for fputc
    printf6.o(i.__0vprintf$6) refers to stdout.o(.data) for __stdout
    printf6.o(i.__0vsnprintf$6) refers to printf6.o(i._printf_core) for _printf_core
    printf6.o(i.__0vsnprintf$6) refers to printf6.o(i._snputc) for _snputc
    printf6.o(i.__0vsprintf$6) refers to printf6.o(i._printf_core) for _printf_core
    printf6.o(i.__0vsprintf$6) refers to printf6.o(i._sputc) for _sputc
    printf6.o(i._printf_core) refers to printf6.o(i._printf_pre_padding) for _printf_pre_padding
    printf6.o(i._printf_core) refers to uidiv.o(.text) for __aeabi_uidivmod
    printf6.o(i._printf_core) refers to printf6.o(i._printf_post_padding) for _printf_post_padding
    printf7.o(i.__0fprintf$7) refers to printf7.o(i._printf_core) for _printf_core
    printf7.o(i.__0fprintf$7) refers to main.o(.text) for fputc
    printf7.o(i.__0printf$7) refers to printf7.o(i._printf_core) for _printf_core
    printf7.o(i.__0printf$7) refers to main.o(.text) for fputc
    printf7.o(i.__0printf$7) refers to stdout.o(.data) for __stdout
    printf7.o(i.__0snprintf$7) refers to printf7.o(i._printf_core) for _printf_core
    printf7.o(i.__0snprintf$7) refers to printf7.o(i._snputc) for _snputc
    printf7.o(i.__0sprintf$7) refers to printf7.o(i._printf_core) for _printf_core
    printf7.o(i.__0sprintf$7) refers to printf7.o(i._sputc) for _sputc
    printf7.o(i.__0vfprintf$7) refers to printf7.o(i._printf_core) for _printf_core
    printf7.o(i.__0vfprintf$7) refers to main.o(.text) for fputc
    printf7.o(i.__0vprintf$7) refers to printf7.o(i._printf_core) for _printf_core
    printf7.o(i.__0vprintf$7) refers to main.o(.text) for fputc
    printf7.o(i.__0vprintf$7) refers to stdout.o(.data) for __stdout
    printf7.o(i.__0vsnprintf$7) refers to printf7.o(i._printf_core) for _printf_core
    printf7.o(i.__0vsnprintf$7) refers to printf7.o(i._snputc) for _snputc
    printf7.o(i.__0vsprintf$7) refers to printf7.o(i._printf_core) for _printf_core
    printf7.o(i.__0vsprintf$7) refers to printf7.o(i._sputc) for _sputc
    printf7.o(i._printf_core) refers to printf7.o(i._printf_pre_padding) for _printf_pre_padding
    printf7.o(i._printf_core) refers to uldiv.o(.text) for __aeabi_uldivmod
    printf7.o(i._printf_core) refers to printf7.o(i._printf_post_padding) for _printf_post_padding
    printf8.o(i.__0fprintf$8) refers to printf8.o(i._printf_core) for _printf_core
    printf8.o(i.__0fprintf$8) refers to main.o(.text) for fputc
    printf8.o(i.__0printf$8) refers to printf8.o(i._printf_core) for _printf_core
    printf8.o(i.__0printf$8) refers to main.o(.text) for fputc
    printf8.o(i.__0printf$8) refers to stdout.o(.data) for __stdout
    printf8.o(i.__0snprintf$8) refers to printf8.o(i._printf_core) for _printf_core
    printf8.o(i.__0snprintf$8) refers to printf8.o(i._snputc) for _snputc
    printf8.o(i.__0sprintf$8) refers to printf8.o(i._printf_core) for _printf_core
    printf8.o(i.__0sprintf$8) refers to printf8.o(i._sputc) for _sputc
    printf8.o(i.__0vfprintf$8) refers to printf8.o(i._printf_core) for _printf_core
    printf8.o(i.__0vfprintf$8) refers to main.o(.text) for fputc
    printf8.o(i.__0vprintf$8) refers to printf8.o(i._printf_core) for _printf_core
    printf8.o(i.__0vprintf$8) refers to main.o(.text) for fputc
    printf8.o(i.__0vprintf$8) refers to stdout.o(.data) for __stdout
    printf8.o(i.__0vsnprintf$8) refers to printf8.o(i._printf_core) for _printf_core
    printf8.o(i.__0vsnprintf$8) refers to printf8.o(i._snputc) for _snputc
    printf8.o(i.__0vsprintf$8) refers to printf8.o(i._printf_core) for _printf_core
    printf8.o(i.__0vsprintf$8) refers to printf8.o(i._sputc) for _sputc
    printf8.o(i._printf_core) refers to printf8.o(i._printf_pre_padding) for _printf_pre_padding
    printf8.o(i._printf_core) refers to uldiv.o(.text) for __aeabi_uldivmod
    printf8.o(i._printf_core) refers to printf8.o(i._printf_post_padding) for _printf_post_padding
    printfa.o(i.__0fprintf) refers (Special) to iusefp.o(.text) for __I$use$fp
    printfa.o(i.__0fprintf) refers to printfa.o(i._printf_core) for _printf_core
    printfa.o(i.__0fprintf) refers to main.o(.text) for fputc
    printfa.o(i.__0printf) refers (Special) to iusefp.o(.text) for __I$use$fp
    printfa.o(i.__0printf) refers to printfa.o(i._printf_core) for _printf_core
    printfa.o(i.__0printf) refers to main.o(.text) for fputc
    printfa.o(i.__0printf) refers to stdout.o(.data) for __stdout
    printfa.o(i.__0snprintf) refers (Special) to iusefp.o(.text) for __I$use$fp
    printfa.o(i.__0snprintf) refers to printfa.o(i._printf_core) for _printf_core
    printfa.o(i.__0snprintf) refers to printfa.o(i._snputc) for _snputc
    printfa.o(i.__0sprintf) refers (Special) to iusefp.o(.text) for __I$use$fp
    printfa.o(i.__0sprintf) refers to printfa.o(i._printf_core) for _printf_core
    printfa.o(i.__0sprintf) refers to printfa.o(i._sputc) for _sputc
    printfa.o(i.__0vfprintf) refers (Special) to iusefp.o(.text) for __I$use$fp
    printfa.o(i.__0vfprintf) refers to printfa.o(i._printf_core) for _printf_core
    printfa.o(i.__0vfprintf) refers to main.o(.text) for fputc
    printfa.o(i.__0vprintf) refers (Special) to iusefp.o(.text) for __I$use$fp
    printfa.o(i.__0vprintf) refers to printfa.o(i._printf_core) for _printf_core
    printfa.o(i.__0vprintf) refers to main.o(.text) for fputc
    printfa.o(i.__0vprintf) refers to stdout.o(.data) for __stdout
    printfa.o(i.__0vsnprintf) refers (Special) to iusefp.o(.text) for __I$use$fp
    printfa.o(i.__0vsnprintf) refers to printfa.o(i._printf_core) for _printf_core
    printfa.o(i.__0vsnprintf) refers to printfa.o(i._snputc) for _snputc
    printfa.o(i.__0vsprintf) refers (Special) to iusefp.o(.text) for __I$use$fp
    printfa.o(i.__0vsprintf) refers to printfa.o(i._printf_core) for _printf_core
    printfa.o(i.__0vsprintf) refers to printfa.o(i._sputc) for _sputc
    printfa.o(i._fp_digits) refers (Special) to iusefp.o(.text) for __I$use$fp
    printfa.o(i._fp_digits) refers to dmul.o(.text) for __aeabi_dmul
    printfa.o(i._fp_digits) refers to ddiv.o(.text) for __aeabi_ddiv
    printfa.o(i._fp_digits) refers to cdrcmple.o(.text) for __aeabi_cdrcmple
    printfa.o(i._fp_digits) refers to dadd.o(.text) for __aeabi_dadd
    printfa.o(i._fp_digits) refers to dfixul.o(.text) for __aeabi_d2ulz
    printfa.o(i._fp_digits) refers to uldiv.o(.text) for __aeabi_uldivmod
    printfa.o(i._printf_core) refers (Special) to iusefp.o(.text) for __I$use$fp
    printfa.o(i._printf_core) refers to printfa.o(i._printf_pre_padding) for _printf_pre_padding
    printfa.o(i._printf_core) refers to uldiv.o(.text) for __aeabi_uldivmod
    printfa.o(i._printf_core) refers to printfa.o(i._printf_post_padding) for _printf_post_padding
    printfa.o(i._printf_core) refers to printfa.o(i._fp_digits) for _fp_digits
    printfa.o(i._printf_core) refers to uidiv.o(.text) for __aeabi_uidivmod
    printfa.o(i._printf_post_padding) refers (Special) to iusefp.o(.text) for __I$use$fp
    printfa.o(i._printf_pre_padding) refers (Special) to iusefp.o(.text) for __I$use$fp
    printfa.o(i._snputc) refers (Special) to iusefp.o(.text) for __I$use$fp
    printfa.o(i._sputc) refers (Special) to iusefp.o(.text) for __I$use$fp
    dadd.o(.text) refers (Special) to iusefp.o(.text) for __I$use$fp
    dadd.o(.text) refers to llshl.o(.text) for __aeabi_llsl
    dadd.o(.text) refers to llsshr.o(.text) for __aeabi_lasr
    dadd.o(.text) refers to depilogue.o(.text) for _double_epilogue
    ddiv.o(.text) refers (Special) to iusefp.o(.text) for __I$use$fp
    ddiv.o(.text) refers to depilogue.o(.text) for _double_round
    dfltui.o(.text) refers (Special) to iusefp.o(.text) for __I$use$fp
    dfltui.o(.text) refers to depilogue.o(.text) for _double_epilogue
    entry2.o(.ARM.Collect$$$$00000001) refers to entry2.o(.ARM.Collect$$$$00002712) for __lit__00000000
    entry2.o(.ARM.Collect$$$$00002712) refers to startup_hhd32f1xx_s.o(STACK) for __initial_sp
    entry2.o(__vectab_stack_and_reset_area) refers to startup_hhd32f1xx_s.o(STACK) for __initial_sp
    entry2.o(__vectab_stack_and_reset_area) refers to entry.o(.ARM.Collect$$$$00000000) for __main
    entry5.o(.ARM.Collect$$$$00000004) refers to init.o(.text) for __scatterload
    entry9a.o(.ARM.Collect$$$$0000000B) refers to main.o(.text) for main
    entry9b.o(.ARM.Collect$$$$0000000C) refers to main.o(.text) for main
    uldiv.o(.text) refers to llushr.o(.text) for __aeabi_llsr
    uldiv.o(.text) refers to llshl.o(.text) for __aeabi_llsl
    depilogue.o(.text) refers to llshl.o(.text) for __aeabi_llsl
    depilogue.o(.text) refers to llushr.o(.text) for __aeabi_llsr
    dmul.o(.text) refers to depilogue.o(.text) for _double_epilogue
    dfixul.o(.text) refers to llushr.o(.text) for __aeabi_llsr
    dfixul.o(.text) refers to llshl.o(.text) for __aeabi_llsl
    init.o(.text) refers to entry5.o(.ARM.Collect$$$$00000004) for __main_after_scatterload


==============================================================================

Removing Unused input sections from the image.

    Removing core_cm3.o(.emb_text), (32 bytes).
    Removing startup_hhd32f1xx_s.o(HEAP), (512 bytes).
    Removing hhd_sys.o(.text), (1038 bytes).

3 unused section(s) (total 1582 bytes) removed from the image.

==============================================================================

Image Symbol Table

    Local Symbols

    Symbol Name                              Value     Ov Type        Size  Object(Section)

    RESET                                    0x00000000   Section      308  startup_hhd32f1xx_s.o(RESET)
    ../clib/microlib/division.c              0x00000000   Number         0  uldiv.o ABSOLUTE
    ../clib/microlib/division.c              0x00000000   Number         0  uidiv.o ABSOLUTE
    ../clib/microlib/init/entry.s            0x00000000   Number         0  entry10b.o ABSOLUTE
    ../clib/microlib/init/entry.s            0x00000000   Number         0  entry11a.o ABSOLUTE
    ../clib/microlib/init/entry.s            0x00000000   Number         0  entry11b.o ABSOLUTE
    ../clib/microlib/init/entry.s            0x00000000   Number         0  entry9a.o ABSOLUTE
    ../clib/microlib/init/entry.s            0x00000000   Number         0  entry2.o ABSOLUTE
    ../clib/microlib/init/entry.s            0x00000000   Number         0  entry5.o ABSOLUTE
    ../clib/microlib/init/entry.s            0x00000000   Number         0  entry.o ABSOLUTE
    ../clib/microlib/init/entry.s            0x00000000   Number         0  entry7a.o ABSOLUTE
    ../clib/microlib/init/entry.s            0x00000000   Number         0  entry7b.o ABSOLUTE
    ../clib/microlib/init/entry.s            0x00000000   Number         0  entry8a.o ABSOLUTE
    ../clib/microlib/init/entry.s            0x00000000   Number         0  entry9b.o ABSOLUTE
    ../clib/microlib/init/entry.s            0x00000000   Number         0  entry10a.o ABSOLUTE
    ../clib/microlib/init/entry.s            0x00000000   Number         0  entry8b.o ABSOLUTE
    ../clib/microlib/longlong.c              0x00000000   Number         0  llushr.o ABSOLUTE
    ../clib/microlib/longlong.c              0x00000000   Number         0  llshl.o ABSOLUTE
    ../clib/microlib/longlong.c              0x00000000   Number         0  llsshr.o ABSOLUTE
    ../clib/microlib/printf/printf.c         0x00000000   Number         0  printfb.o ABSOLUTE
    ../clib/microlib/printf/printf.c         0x00000000   Number         0  printf0.o ABSOLUTE
    ../clib/microlib/printf/printf.c         0x00000000   Number         0  printf1.o ABSOLUTE
    ../clib/microlib/printf/printf.c         0x00000000   Number         0  printf2.o ABSOLUTE
    ../clib/microlib/printf/printf.c         0x00000000   Number         0  printf3.o ABSOLUTE
    ../clib/microlib/printf/printf.c         0x00000000   Number         0  printf4.o ABSOLUTE
    ../clib/microlib/printf/printf.c         0x00000000   Number         0  printf5.o ABSOLUTE
    ../clib/microlib/printf/printf.c         0x00000000   Number         0  printf6.o ABSOLUTE
    ../clib/microlib/printf/printf.c         0x00000000   Number         0  printf7.o ABSOLUTE
    ../clib/microlib/printf/printf.c         0x00000000   Number         0  printf8.o ABSOLUTE
    ../clib/microlib/printf/printf.c         0x00000000   Number         0  printfa.o ABSOLUTE
    ../clib/microlib/printf/stubs.s          0x00000000   Number         0  stubs.o ABSOLUTE
    ../clib/microlib/stdio/streams.c         0x00000000   Number         0  stdout.o ABSOLUTE
    ../clib/microlib/stubs.s                 0x00000000   Number         0  iusefp.o ABSOLUTE
    ../fplib/microlib/fpadd.c                0x00000000   Number         0  dadd.o ABSOLUTE
    ../fplib/microlib/fpdiv.c                0x00000000   Number         0  ddiv.o ABSOLUTE
    ../fplib/microlib/fpepilogue.c           0x00000000   Number         0  depilogue.o ABSOLUTE
    ../fplib/microlib/fpfix.c                0x00000000   Number         0  dfixul.o ABSOLUTE
    ../fplib/microlib/fpflt.c                0x00000000   Number         0  dfltui.o ABSOLUTE
    ../fplib/microlib/fpmul.c                0x00000000   Number         0  dmul.o ABSOLUTE
    ..\..\HHD32F1xx_library\Core\CM3\CoreSupport\core_cm3.c 0x00000000   Number         0  core_cm3.o ABSOLUTE
    ..\..\HHD32F1xx_library\Core\CM3\DeviceSupport\HHD32F1xx\Startup\rvds\startup_HHD32F1xx_s.s 0x00000000   Number         0  startup_hhd32f1xx_s.o ABSOLUTE
    ..\..\HHD32F1xx_library\Core\CM3\DeviceSupport\HHD32F1xx\system_HHD32F1xx.c 0x00000000   Number         0  system_hhd32f1xx.o ABSOLUTE
    ..\..\HHD32F1xx_library\Drivers\source\hhd_adc.c 0x00000000   Number         0  hhd_adc.o ABSOLUTE
    ..\..\HHD32F1xx_library\Drivers\source\hhd_gpio.c 0x00000000   Number         0  hhd_gpio.o ABSOLUTE
    ..\..\HHD32F1xx_library\Drivers\source\hhd_sys.c 0x00000000   Number         0  hhd_sys.o ABSOLUTE
    ..\..\HHD32F1xx_library\Drivers\source\hhd_uart.c 0x00000000   Number         0  hhd_uart.o ABSOLUTE
    ..\\..\\HHD32F1xx_library\\Core\\CM3\\CoreSupport\\core_cm3.c 0x00000000   Number         0  core_cm3.o ABSOLUTE
    cdrcmple.s                               0x00000000   Number         0  cdrcmple.o ABSOLUTE
    dc.s                                     0x00000000   Number         0  dc.o ABSOLUTE
    handlers.s                               0x00000000   Number         0  handlers.o ABSOLUTE
    init.s                                   0x00000000   Number         0  init.o ABSOLUTE
    myapp\src\main.c                         0x00000000   Number         0  main.o ABSOLUTE
    .ARM.Collect$$$$00000000                 0x00000134   Section        0  entry.o(.ARM.Collect$$$$00000000)
    .ARM.Collect$$$$00000001                 0x00000134   Section        4  entry2.o(.ARM.Collect$$$$00000001)
    .ARM.Collect$$$$00000004                 0x00000138   Section        4  entry5.o(.ARM.Collect$$$$00000004)
    .ARM.Collect$$$$00000008                 0x0000013c   Section        0  entry7b.o(.ARM.Collect$$$$00000008)
    .ARM.Collect$$$$0000000A                 0x0000013c   Section        0  entry8b.o(.ARM.Collect$$$$0000000A)
    .ARM.Collect$$$$0000000B                 0x0000013c   Section        8  entry9a.o(.ARM.Collect$$$$0000000B)
    .ARM.Collect$$$$0000000D                 0x00000144   Section        0  entry10a.o(.ARM.Collect$$$$0000000D)
    .ARM.Collect$$$$0000000F                 0x00000144   Section        0  entry11a.o(.ARM.Collect$$$$0000000F)
    .ARM.Collect$$$$00002712                 0x00000144   Section        4  entry2.o(.ARM.Collect$$$$00002712)
    __lit__00000000                          0x00000144   Data           4  entry2.o(.ARM.Collect$$$$00002712)
    .text                                    0x00000148   Section        0  system_hhd32f1xx.o(.text)
    .text                                    0x000003ec   Section       28  startup_hhd32f1xx_s.o(.text)
    .text                                    0x00000408   Section        0  hhd_adc.o(.text)
    .text                                    0x000006fc   Section        0  hhd_gpio.o(.text)
    NVIC_EnableIRQ                           0x00000a27   Thumb Code    22  hhd_gpio.o(.text)
    NVIC_DisableIRQ                          0x00000a3d   Thumb Code    18  hhd_gpio.o(.text)
    .text                                    0x00000a74   Section        0  hhd_uart.o(.text)
    NVIC_DisableIRQ                          0x00000d77   Thumb Code    18  hhd_uart.o(.text)
    .text                                    0x00000da0   Section        0  main.o(.text)
    .text                                    0x00001068   Section        0  dadd.o(.text)
    .text                                    0x000011b6   Section        0  ddiv.o(.text)
    .text                                    0x00001294   Section        0  dfltui.o(.text)
    .text                                    0x000012ae   Section        0  uidiv.o(.text)
    .text                                    0x000012da   Section        0  uldiv.o(.text)
    .text                                    0x0000133c   Section        0  llshl.o(.text)
    .text                                    0x0000135a   Section        0  llsshr.o(.text)
    .text                                    0x0000137e   Section        0  depilogue.o(.text)
    .text                                    0x0000137e   Section        0  iusefp.o(.text)
    .text                                    0x00001434   Section        0  dmul.o(.text)
    .text                                    0x00001518   Section        0  dfixul.o(.text)
    .text                                    0x00001548   Section       40  cdrcmple.o(.text)
    .text                                    0x00001570   Section       36  init.o(.text)
    .text                                    0x00001594   Section        0  llushr.o(.text)
    i.__0printf                              0x000015b4   Section        0  printfa.o(i.__0printf)
    i.__scatterload_copy                     0x000015d4   Section       14  handlers.o(i.__scatterload_copy)
    i.__scatterload_null                     0x000015e2   Section        2  handlers.o(i.__scatterload_null)
    i.__scatterload_zeroinit                 0x000015e4   Section       14  handlers.o(i.__scatterload_zeroinit)
    i._fp_digits                             0x000015f4   Section        0  printfa.o(i._fp_digits)
    _fp_digits                               0x000015f5   Thumb Code   334  printfa.o(i._fp_digits)
    i._printf_core                           0x00001758   Section        0  printfa.o(i._printf_core)
    _printf_core                             0x00001759   Thumb Code  1744  printfa.o(i._printf_core)
    i._printf_post_padding                   0x00001e34   Section        0  printfa.o(i._printf_post_padding)
    _printf_post_padding                     0x00001e35   Thumb Code    36  printfa.o(i._printf_post_padding)
    i._printf_pre_padding                    0x00001e58   Section        0  printfa.o(i._printf_pre_padding)
    _printf_pre_padding                      0x00001e59   Thumb Code    46  printfa.o(i._printf_pre_padding)
    .data                                    0x20000000   Section       16  system_hhd32f1xx.o(.data)
    .data                                    0x20000010   Section        6  main.o(.data)
    .data                                    0x20000018   Section        4  stdout.o(.data)
    STACK                                    0x20000020   Section     1024  startup_hhd32f1xx_s.o(STACK)

    Global Symbols

    Symbol Name                              Value     Ov Type        Size  Object(Section)

    BuildAttributes$$THM_ISAv4$P$D$K$B$S$PE$A:L22UL41UL21$X:L11$S22US41US21$IEEE1$IW$USESV6$~STKCKD$USESV7$~SHL$OSPACE$ROPI$EBA8$MICROLIB$REQ8$PRES8$EABIv2 0x00000000   Number         0  anon$$obj.o ABSOLUTE
    __ARM_use_no_argv                        0x00000000   Number         0  main.o ABSOLUTE
    __Vectors                                0x00000000   Data           4  startup_hhd32f1xx_s.o(RESET)
    _printf_a                                0x00000000   Number         0  stubs.o ABSOLUTE
    _printf_c                                0x00000000   Number         0  stubs.o ABSOLUTE
    _printf_charcount                        0x00000000   Number         0  stubs.o ABSOLUTE
    _printf_d                                0x00000000   Number         0  stubs.o ABSOLUTE
    _printf_e                                0x00000000   Number         0  stubs.o ABSOLUTE
    _printf_f                                0x00000000   Number         0  stubs.o ABSOLUTE
    _printf_flags                            0x00000000   Number         0  stubs.o ABSOLUTE
    _printf_fp_dec                           0x00000000   Number         0  stubs.o ABSOLUTE
    _printf_fp_hex                           0x00000000   Number         0  stubs.o ABSOLUTE
    _printf_g                                0x00000000   Number         0  stubs.o ABSOLUTE
    _printf_i                                0x00000000   Number         0  stubs.o ABSOLUTE
    _printf_int_dec                          0x00000000   Number         0  stubs.o ABSOLUTE
    _printf_l                                0x00000000   Number         0  stubs.o ABSOLUTE
    _printf_lc                               0x00000000   Number         0  stubs.o ABSOLUTE
    _printf_ll                               0x00000000   Number         0  stubs.o ABSOLUTE
    _printf_lld                              0x00000000   Number         0  stubs.o ABSOLUTE
    _printf_lli                              0x00000000   Number         0  stubs.o ABSOLUTE
    _printf_llo                              0x00000000   Number         0  stubs.o ABSOLUTE
    _printf_llu                              0x00000000   Number         0  stubs.o ABSOLUTE
    _printf_llx                              0x00000000   Number         0  stubs.o ABSOLUTE
    _printf_longlong_dec                     0x00000000   Number         0  stubs.o ABSOLUTE
    _printf_longlong_hex                     0x00000000   Number         0  stubs.o ABSOLUTE
    _printf_longlong_oct                     0x00000000   Number         0  stubs.o ABSOLUTE
    _printf_ls                               0x00000000   Number         0  stubs.o ABSOLUTE
    _printf_mbtowc                           0x00000000   Number         0  stubs.o ABSOLUTE
    _printf_n                                0x00000000   Number         0  stubs.o ABSOLUTE
    _printf_o                                0x00000000   Number         0  stubs.o ABSOLUTE
    _printf_p                                0x00000000   Number         0  stubs.o ABSOLUTE
    _printf_percent                          0x00000000   Number         0  stubs.o ABSOLUTE
    _printf_pre_padding                      0x00000000   Number         0  stubs.o ABSOLUTE
    _printf_return_value                     0x00000000   Number         0  stubs.o ABSOLUTE
    _printf_s                                0x00000000   Number         0  stubs.o ABSOLUTE
    _printf_sizespec                         0x00000000   Number         0  stubs.o ABSOLUTE
    _printf_str                              0x00000000   Number         0  stubs.o ABSOLUTE
    _printf_truncate_signed                  0x00000000   Number         0  stubs.o ABSOLUTE
    _printf_truncate_unsigned                0x00000000   Number         0  stubs.o ABSOLUTE
    _printf_u                                0x00000000   Number         0  stubs.o ABSOLUTE
    _printf_wc                               0x00000000   Number         0  stubs.o ABSOLUTE
    _printf_wctomb                           0x00000000   Number         0  stubs.o ABSOLUTE
    _printf_widthprec                        0x00000000   Number         0  stubs.o ABSOLUTE
    _printf_x                                0x00000000   Number         0  stubs.o ABSOLUTE
    __cpp_initialize__aeabi_                  - Undefined Weak Reference
    __cxa_finalize                            - Undefined Weak Reference
    __decompress                              - Undefined Weak Reference
    _clock_init                               - Undefined Weak Reference
    _microlib_exit                            - Undefined Weak Reference
    __Vectors_End                            0x00000134   Data           0  startup_hhd32f1xx_s.o(RESET)
    __Vectors_Size                           0x00000134   Number         0  startup_hhd32f1xx_s.o ABSOLUTE
    __main                                   0x00000135   Thumb Code     0  entry.o(.ARM.Collect$$$$00000000)
    _main_stk                                0x00000135   Thumb Code     0  entry2.o(.ARM.Collect$$$$00000001)
    _main_scatterload                        0x00000139   Thumb Code     0  entry5.o(.ARM.Collect$$$$00000004)
    __main_after_scatterload                 0x0000013d   Thumb Code     0  entry5.o(.ARM.Collect$$$$00000004)
    _main_clock                              0x0000013d   Thumb Code     0  entry7b.o(.ARM.Collect$$$$00000008)
    _main_cpp_init                           0x0000013d   Thumb Code     0  entry8b.o(.ARM.Collect$$$$0000000A)
    _main_init                               0x0000013d   Thumb Code     0  entry9a.o(.ARM.Collect$$$$0000000B)
    __rt_final_cpp                           0x00000145   Thumb Code     0  entry10a.o(.ARM.Collect$$$$0000000D)
    __rt_final_exit                          0x00000145   Thumb Code     0  entry11a.o(.ARM.Collect$$$$0000000F)
    SystemCoreClockUpdate                    0x00000149   Thumb Code   378  system_hhd32f1xx.o(.text)
    SystemInit                               0x000002c3   Thumb Code   244  system_hhd32f1xx.o(.text)
    Reset_Handler                            0x000003ed   Thumb Code     4  startup_hhd32f1xx_s.o(.text)
    NMI_Handler                              0x000003f1   Thumb Code     2  startup_hhd32f1xx_s.o(.text)
    HardFault_Handler                        0x000003f3   Thumb Code     2  startup_hhd32f1xx_s.o(.text)
    MemoryManagement_Handler                 0x000003f5   Thumb Code     2  startup_hhd32f1xx_s.o(.text)
    BusFault_Handler                         0x000003f7   Thumb Code     2  startup_hhd32f1xx_s.o(.text)
    UsageFault_Handler                       0x000003f9   Thumb Code     2  startup_hhd32f1xx_s.o(.text)
    SVC_Handler                              0x000003fb   Thumb Code     2  startup_hhd32f1xx_s.o(.text)
    DebugMonitor_Handler                     0x000003fd   Thumb Code     2  startup_hhd32f1xx_s.o(.text)
    PendSV_Handler                           0x000003ff   Thumb Code     2  startup_hhd32f1xx_s.o(.text)
    SysTick_Handler                          0x00000401   Thumb Code     2  startup_hhd32f1xx_s.o(.text)
    ADC1_2_IRQHandler                        0x00000403   Thumb Code     0  startup_hhd32f1xx_s.o(.text)
    ADC3_IRQHandler                          0x00000403   Thumb Code     0  startup_hhd32f1xx_s.o(.text)
    BOD_IRQHandler                           0x00000403   Thumb Code     0  startup_hhd32f1xx_s.o(.text)
    CAN_IRQHandler                           0x00000403   Thumb Code     0  startup_hhd32f1xx_s.o(.text)
    DAC_IRQHandler                           0x00000403   Thumb Code     0  startup_hhd32f1xx_s.o(.text)
    DMA1_CHANNEL1_IRQHandler                 0x00000403   Thumb Code     0  startup_hhd32f1xx_s.o(.text)
    DMA1_CHANNEL2_IRQHandler                 0x00000403   Thumb Code     0  startup_hhd32f1xx_s.o(.text)
    DMA1_CHANNEL3_IRQHandler                 0x00000403   Thumb Code     0  startup_hhd32f1xx_s.o(.text)
    DMA1_CHANNEL4_IRQHandler                 0x00000403   Thumb Code     0  startup_hhd32f1xx_s.o(.text)
    DMA1_CHANNEL5_IRQHandler                 0x00000403   Thumb Code     0  startup_hhd32f1xx_s.o(.text)
    DMA1_CHANNEL6_IRQHandler                 0x00000403   Thumb Code     0  startup_hhd32f1xx_s.o(.text)
    DMA1_CHANNEL7_IRQHandler                 0x00000403   Thumb Code     0  startup_hhd32f1xx_s.o(.text)
    DMA2_CHANNEL1_IRQHandler                 0x00000403   Thumb Code     0  startup_hhd32f1xx_s.o(.text)
    DMA2_CHANNEL2_IRQHandler                 0x00000403   Thumb Code     0  startup_hhd32f1xx_s.o(.text)
    DMA2_CHANNEL3_IRQHandler                 0x00000403   Thumb Code     0  startup_hhd32f1xx_s.o(.text)
    DMA2_CHANNEL4_5_IRQHandler               0x00000403   Thumb Code     0  startup_hhd32f1xx_s.o(.text)
    EXTI0_IRQHandler                         0x00000403   Thumb Code     0  startup_hhd32f1xx_s.o(.text)
    EXTI15_10_IRQHandler                     0x00000403   Thumb Code     0  startup_hhd32f1xx_s.o(.text)
    EXTI1_IRQHandler                         0x00000403   Thumb Code     0  startup_hhd32f1xx_s.o(.text)
    EXTI2_IRQHandler                         0x00000403   Thumb Code     0  startup_hhd32f1xx_s.o(.text)
    EXTI3_IRQHandler                         0x00000403   Thumb Code     0  startup_hhd32f1xx_s.o(.text)
    EXTI4_IRQHandler                         0x00000403   Thumb Code     0  startup_hhd32f1xx_s.o(.text)
    EXTI9_5_IRQHandler                       0x00000403   Thumb Code     0  startup_hhd32f1xx_s.o(.text)
    I2C1_IRQHandler                          0x00000403   Thumb Code     0  startup_hhd32f1xx_s.o(.text)
    I2C2_IRQHandler                          0x00000403   Thumb Code     0  startup_hhd32f1xx_s.o(.text)
    RTC_IRQHandler                           0x00000403   Thumb Code     0  startup_hhd32f1xx_s.o(.text)
    SPI1_IRQHandler                          0x00000403   Thumb Code     0  startup_hhd32f1xx_s.o(.text)
    SPI2_IRQHandler                          0x00000403   Thumb Code     0  startup_hhd32f1xx_s.o(.text)
    SPI3_IRQHandler                          0x00000403   Thumb Code     0  startup_hhd32f1xx_s.o(.text)
    TIM10_IRQHandler                         0x00000403   Thumb Code     0  startup_hhd32f1xx_s.o(.text)
    TIM11_IRQHandler                         0x00000403   Thumb Code     0  startup_hhd32f1xx_s.o(.text)
    TIM13_IRQHandler                         0x00000403   Thumb Code     0  startup_hhd32f1xx_s.o(.text)
    TIM14_IRQHandler                         0x00000403   Thumb Code     0  startup_hhd32f1xx_s.o(.text)
    TIM1FAULT_TIM9_IRQHandler                0x00000403   Thumb Code     0  startup_hhd32f1xx_s.o(.text)
    TIM1_IRQHandler                          0x00000403   Thumb Code     0  startup_hhd32f1xx_s.o(.text)
    TIM2_IRQHandler                          0x00000403   Thumb Code     0  startup_hhd32f1xx_s.o(.text)
    TIM3_IRQHandler                          0x00000403   Thumb Code     0  startup_hhd32f1xx_s.o(.text)
    TIM4_IRQHandler                          0x00000403   Thumb Code     0  startup_hhd32f1xx_s.o(.text)
    TIM5_IRQHandler                          0x00000403   Thumb Code     0  startup_hhd32f1xx_s.o(.text)
    TIM6_IRQHandler                          0x00000403   Thumb Code     0  startup_hhd32f1xx_s.o(.text)
    TIM7_IRQHandler                          0x00000403   Thumb Code     0  startup_hhd32f1xx_s.o(.text)
    TIM8FAULT_TIM12_IRQHandler               0x00000403   Thumb Code     0  startup_hhd32f1xx_s.o(.text)
    TIM8_IRQHandler                          0x00000403   Thumb Code     0  startup_hhd32f1xx_s.o(.text)
    UART1_IRQHandler                         0x00000403   Thumb Code     0  startup_hhd32f1xx_s.o(.text)
    UART2_IRQHandler                         0x00000403   Thumb Code     0  startup_hhd32f1xx_s.o(.text)
    UART3_IRQHandler                         0x00000403   Thumb Code     0  startup_hhd32f1xx_s.o(.text)
    UART4_IRQHandler                         0x00000403   Thumb Code     0  startup_hhd32f1xx_s.o(.text)
    UART5_IRQHandler                         0x00000403   Thumb Code     0  startup_hhd32f1xx_s.o(.text)
    USBWAKEUP_IRQHandler                     0x00000403   Thumb Code     0  startup_hhd32f1xx_s.o(.text)
    USB_IRQHandler                           0x00000403   Thumb Code     0  startup_hhd32f1xx_s.o(.text)
    WWDT_IRQHandler                          0x00000403   Thumb Code     0  startup_hhd32f1xx_s.o(.text)
    ADC_Init                                 0x00000409   Thumb Code   430  hhd_adc.o(.text)
    ADC_DeInit                               0x000005b7   Thumb Code    28  hhd_adc.o(.text)
    ADC_SetupChannels                        0x000005d3   Thumb Code    98  hhd_adc.o(.text)
    ADC_SetTrigger                           0x00000635   Thumb Code    30  hhd_adc.o(.text)
    ADC_SetHighCmp0                          0x00000653   Thumb Code    24  hhd_adc.o(.text)
    ADC_SetHighCmp1                          0x0000066b   Thumb Code    24  hhd_adc.o(.text)
    ADC_SetLowCmp0                           0x00000683   Thumb Code    24  hhd_adc.o(.text)
    ADC_SetLowCmp1                           0x0000069b   Thumb Code    24  hhd_adc.o(.text)
    ADC_EnableConversionInt                  0x000006b3   Thumb Code     4  hhd_adc.o(.text)
    ADC_GetConversionData                    0x000006b7   Thumb Code    28  hhd_adc.o(.text)
    GPIO_ConfigPinsAsInput                   0x000006fd   Thumb Code     8  hhd_gpio.o(.text)
    GPIO_ConfigPinsAsOutput                  0x00000705   Thumb Code     4  hhd_gpio.o(.text)
    GPIO_SetPin                              0x00000709   Thumb Code     8  hhd_gpio.o(.text)
    GPIO_ResetPin                            0x00000711   Thumb Code     8  hhd_gpio.o(.text)
    GPIO_InvertOutPin                        0x00000719   Thumb Code     8  hhd_gpio.o(.text)
    GPIO_GetPinState                         0x00000721   Thumb Code    16  hhd_gpio.o(.text)
    GPIO_GetPortState                        0x00000731   Thumb Code     8  hhd_gpio.o(.text)
    GPIO_SetPortMask                         0x00000739   Thumb Code     8  hhd_gpio.o(.text)
    GPIO_ResetPortMask                       0x00000741   Thumb Code     8  hhd_gpio.o(.text)
    GPIO_ReadPort                            0x00000749   Thumb Code     8  hhd_gpio.o(.text)
    GPIO_WritePort                           0x00000751   Thumb Code     4  hhd_gpio.o(.text)
    GPIO_EnableInt                           0x00000755   Thumb Code   462  hhd_gpio.o(.text)
    GPIO_ClrIntflag                          0x00000923   Thumb Code    16  hhd_gpio.o(.text)
    GPIO_DisableInt                          0x00000933   Thumb Code   244  hhd_gpio.o(.text)
    UART_Open                                0x00000a75   Thumb Code   358  hhd_uart.o(.text)
    UART_ClearIntFlag                        0x00000bdb   Thumb Code    10  hhd_uart.o(.text)
    UART_DisableInt                          0x00000be5   Thumb Code    10  hhd_uart.o(.text)
    UART_Close                               0x00000bef   Thumb Code   118  hhd_uart.o(.text)
    UART_ByteRead                            0x00000c65   Thumb Code    22  hhd_uart.o(.text)
    UART_Read                                0x00000c7b   Thumb Code    38  hhd_uart.o(.text)
    UART_ByteWrite                           0x00000ca1   Thumb Code    26  hhd_uart.o(.text)
    UART_Write                               0x00000cbb   Thumb Code    46  hhd_uart.o(.text)
    UART_Send                                0x00000ce9   Thumb Code    38  hhd_uart.o(.text)
    UART_PutString                           0x00000d0f   Thumb Code    28  hhd_uart.o(.text)
    UART_PutHex                              0x00000d2b   Thumb Code    54  hhd_uart.o(.text)
    UART_EnableInt                           0x00000d61   Thumb Code     8  hhd_uart.o(.text)
    UART_GetStatus                           0x00000d69   Thumb Code     8  hhd_uart.o(.text)
    UART_ClearFIFO                           0x00000d71   Thumb Code     6  hhd_uart.o(.text)
    delay1us                                 0x00000da1   Thumb Code    12  main.o(.text)
    UART1_IOCFG                              0x00000dad   Thumb Code    52  main.o(.text)
    main                                     0x00000de1   Thumb Code   400  main.o(.text)
    fputc                                    0x00000f71   Thumb Code    34  main.o(.text)
    __aeabi_dadd                             0x00001069   Thumb Code   322  dadd.o(.text)
    __aeabi_dsub                             0x000011ab   Thumb Code     6  dadd.o(.text)
    __aeabi_drsub                            0x000011b1   Thumb Code     6  dadd.o(.text)
    __aeabi_ddiv                             0x000011b7   Thumb Code   222  ddiv.o(.text)
    __aeabi_ui2d                             0x00001295   Thumb Code    26  dfltui.o(.text)
    __aeabi_uidiv                            0x000012af   Thumb Code     0  uidiv.o(.text)
    __aeabi_uidivmod                         0x000012af   Thumb Code    44  uidiv.o(.text)
    __aeabi_uldivmod                         0x000012db   Thumb Code    98  uldiv.o(.text)
    __aeabi_llsl                             0x0000133d   Thumb Code    30  llshl.o(.text)
    _ll_shift_l                              0x0000133d   Thumb Code     0  llshl.o(.text)
    __aeabi_lasr                             0x0000135b   Thumb Code    36  llsshr.o(.text)
    _ll_sshift_r                             0x0000135b   Thumb Code     0  llsshr.o(.text)
    __I$use$fp                               0x0000137f   Thumb Code     0  iusefp.o(.text)
    _double_round                            0x0000137f   Thumb Code    26  depilogue.o(.text)
    _double_epilogue                         0x00001399   Thumb Code   156  depilogue.o(.text)
    __aeabi_dmul                             0x00001435   Thumb Code   228  dmul.o(.text)
    __aeabi_d2ulz                            0x00001519   Thumb Code    48  dfixul.o(.text)
    __aeabi_cdrcmple                         0x00001549   Thumb Code    38  cdrcmple.o(.text)
    __scatterload                            0x00001571   Thumb Code    28  init.o(.text)
    __scatterload_rt2                        0x00001571   Thumb Code     0  init.o(.text)
    __aeabi_llsr                             0x00001595   Thumb Code    32  llushr.o(.text)
    _ll_ushift_r                             0x00001595   Thumb Code     0  llushr.o(.text)
    __0printf                                0x000015b5   Thumb Code    22  printfa.o(i.__0printf)
    __1printf                                0x000015b5   Thumb Code     0  printfa.o(i.__0printf)
    __2printf                                0x000015b5   Thumb Code     0  printfa.o(i.__0printf)
    __c89printf                              0x000015b5   Thumb Code     0  printfa.o(i.__0printf)
    printf                                   0x000015b5   Thumb Code     0  printfa.o(i.__0printf)
    __scatterload_copy                       0x000015d5   Thumb Code    14  handlers.o(i.__scatterload_copy)
    __scatterload_null                       0x000015e3   Thumb Code     2  handlers.o(i.__scatterload_null)
    __scatterload_zeroinit                   0x000015e5   Thumb Code    14  handlers.o(i.__scatterload_zeroinit)
    Region$$Table$$Base                      0x00001e88   Number         0  anon$$obj.o(Region$$Table)
    Region$$Table$$Limit                     0x00001ea8   Number         0  anon$$obj.o(Region$$Table)
    SystemCoreClock                          0x20000000   Data           4  system_hhd32f1xx.o(.data)
    MainClock                                0x20000004   Data           4  system_hhd32f1xx.o(.data)
    APB1Clock                                0x20000008   Data           4  system_hhd32f1xx.o(.data)
    APB2Clock                                0x2000000c   Data           4  system_hhd32f1xx.o(.data)
    temp                                     0x20000010   Data           4  main.o(.data)
    led                                      0x20000014   Data           2  main.o(.data)
    __stdout                                 0x20000018   Data           4  stdout.o(.data)
    __initial_sp                             0x20000420   Data           0  startup_hhd32f1xx_s.o(STACK)



==============================================================================

Memory Map of the image

  Image Entry point : 0x00000135

  Load Region LR_IROM1 (Base: 0x00000000, Size: 0x00001ec4, Max: 0x00010000, ABSOLUTE)

    Execution Region ER_IROM1 (Base: 0x00000000, Size: 0x00001ea8, Max: 0x00010000, ABSOLUTE)

    Base Addr    Size         Type   Attr      Idx    E Section Name        Object

    0x00000000   0x00000134   Data   RO           44    RESET               startup_hhd32f1xx_s.o
    0x00000134   0x00000000   Code   RO          151  * .ARM.Collect$$$$00000000  mc_w.l(entry.o)
    0x00000134   0x00000004   Code   RO          421    .ARM.Collect$$$$00000001  mc_w.l(entry2.o)
    0x00000138   0x00000004   Code   RO          424    .ARM.Collect$$$$00000004  mc_w.l(entry5.o)
    0x0000013c   0x00000000   Code   RO          426    .ARM.Collect$$$$00000008  mc_w.l(entry7b.o)
    0x0000013c   0x00000000   Code   RO          428    .ARM.Collect$$$$0000000A  mc_w.l(entry8b.o)
    0x0000013c   0x00000008   Code   RO          429    .ARM.Collect$$$$0000000B  mc_w.l(entry9a.o)
    0x00000144   0x00000000   Code   RO          431    .ARM.Collect$$$$0000000D  mc_w.l(entry10a.o)
    0x00000144   0x00000000   Code   RO          433    .ARM.Collect$$$$0000000F  mc_w.l(entry11a.o)
    0x00000144   0x00000004   Code   RO          422    .ARM.Collect$$$$00002712  mc_w.l(entry2.o)
    0x00000148   0x000002a4   Code   RO           17    .text               system_hhd32f1xx.o
    0x000003ec   0x0000001c   Code   RO           45    .text               startup_hhd32f1xx_s.o
    0x00000408   0x000002f4   Code   RO           49    .text               hhd_adc.o
    0x000006fc   0x00000378   Code   RO           72    .text               hhd_gpio.o
    0x00000a74   0x0000032c   Code   RO          110    .text               hhd_uart.o
    0x00000da0   0x000002c8   Code   RO          129    .text               main.o
    0x00001068   0x0000014e   Code   RO          415    .text               mf_w.l(dadd.o)
    0x000011b6   0x000000de   Code   RO          417    .text               mf_w.l(ddiv.o)
    0x00001294   0x0000001a   Code   RO          419    .text               mf_w.l(dfltui.o)
    0x000012ae   0x0000002c   Code   RO          436    .text               mc_w.l(uidiv.o)
    0x000012da   0x00000062   Code   RO          438    .text               mc_w.l(uldiv.o)
    0x0000133c   0x0000001e   Code   RO          440    .text               mc_w.l(llshl.o)
    0x0000135a   0x00000024   Code   RO          442    .text               mc_w.l(llsshr.o)
    0x0000137e   0x00000000   Code   RO          444    .text               mc_w.l(iusefp.o)
    0x0000137e   0x000000b6   Code   RO          445    .text               mf_w.l(depilogue.o)
    0x00001434   0x000000e4   Code   RO          447    .text               mf_w.l(dmul.o)
    0x00001518   0x00000030   Code   RO          449    .text               mf_w.l(dfixul.o)
    0x00001548   0x00000028   Code   RO          451    .text               mf_w.l(cdrcmple.o)
    0x00001570   0x00000024   Code   RO          453    .text               mc_w.l(init.o)
    0x00001594   0x00000020   Code   RO          455    .text               mc_w.l(llushr.o)
    0x000015b4   0x00000020   Code   RO          387    i.__0printf         mc_w.l(printfa.o)
    0x000015d4   0x0000000e   Code   RO          459    i.__scatterload_copy  mc_w.l(handlers.o)
    0x000015e2   0x00000002   Code   RO          460    i.__scatterload_null  mc_w.l(handlers.o)
    0x000015e4   0x0000000e   Code   RO          461    i.__scatterload_zeroinit  mc_w.l(handlers.o)
    0x000015f2   0x00000002   PAD
    0x000015f4   0x00000164   Code   RO          394    i._fp_digits        mc_w.l(printfa.o)
    0x00001758   0x000006dc   Code   RO          395    i._printf_core      mc_w.l(printfa.o)
    0x00001e34   0x00000024   Code   RO          396    i._printf_post_padding  mc_w.l(printfa.o)
    0x00001e58   0x0000002e   Code   RO          397    i._printf_pre_padding  mc_w.l(printfa.o)
    0x00001e86   0x00000002   PAD
    0x00001e88   0x00000020   Data   RO          457    Region$$Table       anon$$obj.o


    Execution Region RW_IRAM1 (Base: 0x20000000, Size: 0x00000420, Max: 0x00004000, ABSOLUTE)

    Base Addr    Size         Type   Attr      Idx    E Section Name        Object

    0x20000000   0x00000010   Data   RW           18    .data               system_hhd32f1xx.o
    0x20000010   0x00000006   Data   RW          130    .data               main.o
    0x20000016   0x00000002   PAD
    0x20000018   0x00000004   Data   RW          435    .data               mc_w.l(stdout.o)
    0x2000001c   0x00000004   PAD
    0x20000020   0x00000400   Zero   RW           42    STACK               startup_hhd32f1xx_s.o


==============================================================================

Image component sizes


      Code (inc. data)   RO Data    RW Data    ZI Data      Debug   Object Name

         0          0          0          0          0       4320   core_cm3.o
       756         42          0          0          0      13071   hhd_adc.o
       888         38          0          0          0      24355   hhd_gpio.o
       812         24          0          0          0      23580   hhd_uart.o
       712        214          0          6          0       2861   main.o
        28          4        308          0       1024        968   startup_hhd32f1xx_s.o
       676         54          0         16          0      14419   system_hhd32f1xx.o

    ----------------------------------------------------------------------
      3872        376        340         24       1024      83574   Object Totals
         0          0         32          0          0          0   (incl. Generated)
         0          0          0          2          0          0   (incl. Padding)

    ----------------------------------------------------------------------

      Code (inc. data)   RO Data    RW Data    ZI Data      Debug   Library Member Name

         0          0          0          0          0          0   entry.o
         0          0          0          0          0          0   entry10a.o
         0          0          0          0          0          0   entry11a.o
         8          4          0          0          0          0   entry2.o
         4          0          0          0          0          0   entry5.o
         0          0          0          0          0          0   entry7b.o
         0          0          0          0          0          0   entry8b.o
         8          4          0          0          0          0   entry9a.o
        30          0          0          0          0          0   handlers.o
        36          8          0          0          0         68   init.o
         0          0          0          0          0          0   iusefp.o
        30          0          0          0          0         68   llshl.o
        36          0          0          0          0         68   llsshr.o
        32          0          0          0          0         68   llushr.o
      2226         90          0          0          0        444   printfa.o
         0          0          0          4          0          0   stdout.o
        44          0          0          0          0         80   uidiv.o
        98          0          0          0          0         92   uldiv.o
        40          2          0          0          0         68   cdrcmple.o
       334          0          0          0          0        148   dadd.o
       222          0          0          0          0        100   ddiv.o
       182          0          0          0          0        176   depilogue.o
        48          0          0          0          0         68   dfixul.o
        26          0          0          0          0         76   dfltui.o
       228          0          0          0          0         96   dmul.o

    ----------------------------------------------------------------------
      3636        108          0          4          4       1620   Library Totals
         4          0          0          0          4          0   (incl. Padding)

    ----------------------------------------------------------------------

      Code (inc. data)   RO Data    RW Data    ZI Data      Debug   Library Name

      2552        106          0          4          0        888   mc_w.l
      1080          2          0          0          0        732   mf_w.l

    ----------------------------------------------------------------------
      3636        108          0          4          4       1620   Library Totals

    ----------------------------------------------------------------------

==============================================================================


      Code (inc. data)   RO Data    RW Data    ZI Data      Debug   

      7508        484        340         28       1028      83942   Grand Totals
      7508        484        340         28       1028      83942   ELF Image Totals
      7508        484        340         28          0          0   ROM Totals

==============================================================================

    Total RO  Size (Code + RO Data)                 7848 (   7.66kB)
    Total RW  Size (RW Data + ZI Data)              1056 (   1.03kB)
    Total ROM Size (Code + RO Data + RW Data)       7876 (   7.69kB)

==============================================================================

