<html>
<body>
<pre>
<h1>µVision Build Log</h1>
<h2>Project:</h2>
F:\MCU Debug\32F103Debug\A2\HHD32F103_Project-2017-07-31\Library\HHD32F1xx_examples\TIMER(Test)\demo.uvproj
Project File Date:  08/12/2017

<h2>Output:</h2>
Rebuild target 'Run In Flash'
compiling core_cm3.c...
compiling system_HHD32F1xx.c...
assembling startup_HHD32F1xx_s.s...
compiling hhd_gpio.c...
compiling hhd_timer.c...
compiling hhd_sys.c...
compiling main.c...
linking...
Program Size: Code=4612 RO-data=340 RW-data=16 ZI-data=1632  
FromELF: creating hex file...
".\myapp\obj\demo.axf" - 0 Error(s), 0 Warning(s).
Load "F:\\MCU Debug\\32F103Debug\\A2\\HHD32F103_Project-2017-07-31\\Library\\HHD32F1xx_examples\\TIMER(Test)\\myapp\\obj\\demo.axf" 
Set JLink Project File to "F:\MCU Debug\32F103Debug\A2\HHD32F103_Project-2017-07-31\Library\HHD32F1xx_examples\TIMER(Test)\JLinkSettings.ini"
* JLink Info: Device "CORTEX-M3" selected (0 KB flash, 0 KB RAM).
 
JLink info:
------------
DLL: V4.80g, compiled Feb 13 2014 20:50:02
Firmware: J-Link ARM V8 compiled Jan 31 2018 18:34:52
Hardware: V8.00
S/N : 20080643 
Feature(s) : RDI,FlashDL,FlashBP,JFlash,GDBFull 
 
* JLink Info: Found SWD-DP with ID 0x2BA01477
* JLink Info: Found Cortex-M3 r2p0, Little endian.
* JLink Info: FPUnit: 6 code (BP) slots and 2 literal slots
* JLink Info: TPIU fitted.
* JLink Info: ETM fitted.
ROMTableAddr = 0xE00FF003
 
Target info:
------------
Device: Cortex-M3
VTarget = 3.332V
State of Pins: 
TCK: 0, TDI: 1, TDO: 1, TMS: 0, TRES: 1, TRST: 1
Hardware-Breakpoints: 6
Software-Breakpoints: 8192
Watchpoints:          4
JTAG speed: 1000 kHz
 
Erase Done.
Programming Done.
Verify OK.
Application running ...
</pre>
</body>
</html>
3Debug\\A2\\HHD32F103_Project-2017-07-31\\Library\\HHD32F1xx_examples\\TIMER(Test)\\myapp\\obj\\demo.axf" 
Set JLink Project File to "F:\MCU Debug\32F103Debug\A2\HHD32F103_Project-2017-07-31\Library\HHD32F1xx_examples\TIMER(Test)\JLinkSettings.ini"
* JLink Info: Device "CORTEX-M3" selected (0 KB flash, 0 KB RAM).
 
JLink info:
------------
DLL: V4.80g, compiled Feb 13 2014 20:50:02
Firmware: J-Link ARM V8 compiled Jan 31 2018 18:34:52
Hardware: V8.00
S/N : 20080643 
Feature(s) : RDI,FlashDL,FlashBP,JFlash,GDBFull 
 
* JLink Info: Found SWD-DP with ID 0x2BA01477
* JLink Info: Found Cortex-M3 r2p0, Little endian.
* JLink Info: FPUnit: 6 code (BP) slots and 2 literal slots
* JLink Info: TPIU fitted.
* JLink Info: ETM fitted.
ROMTableAddr = 0xE00FF003
 
Target info:
------------
Device: Cortex-M3
VTarget = 3.332V
State of Pins: 
TCK: 0, TDI: 1, TDO: 1, TMS: 0, TRES: 1, TRST: 1
Hardware-Breakpoints: 6
Software-Breakpoints: 8192
Watchpoints:          4
JTAG speed: 1000 kHz
 
Erase Done.
Programming Done.
Verify OK.
Application running ...
