<html>
<body>
<pre>
<h1>礦ision Build Log</h1>
<h2>Project:</h2>
E:\汪魁工作档案\工作目录\设计资料\研制类产品\MCU\32F103\3 软件\DeBug\hhd32f103_Library_release20170702\Library\HHD32F1xx_examples\LED\demo.uvproj
Project File Date:  12/03/2015

<h2>Output:</h2>
Rebuild target 'Run In Flash'
compiling core_cm3.c...
compiling system_HHD32F1xx.c...
assembling startup_HHD32F1xx_s.s...
compiling hhd_sys.c...
..\..\HHD32F1xx_library\Drivers\source\hhd_sys.c(3): error:  #5: cannot open source input file "hhd32f1xx.h": No such file or directory
compiling hhd_gpio.c...
..\..\HHD32F1xx_library\Drivers\source\hhd_gpio.c(11): error:  #5: cannot open source input file "hhd_gpio.h": No such file or directory
compiling main.c...
myapp\src\main.c(7): error:  #5: cannot open source input file "g32f1xx.h": No such file or directory
Target not created
Rebuild target 'Run In Flash'
compiling core_cm3.c...
compiling system_HHD32F1xx.c...
assembling startup_HHD32F1xx_s.s...
compiling hhd_sys.c...
..\..\HHD32F1xx_library\Drivers\source\hhd_sys.c(3): error:  #5: cannot open source input file "hhd32f1xx.h": No such file or directory
compiling hhd_gpio.c...
..\..\HHD32F1xx_library\Drivers\source\hhd_gpio.c(11): error:  #5: cannot open source input file "hhd_gpio.h": No such file or directory
compiling main.c...
myapp\src\main.c(7): error:  #5: cannot open source input file "hhd32f1xx.h": No such file or directory
Target not created
Rebuild target 'Run In Flash'
compiling core_cm3.c...
compiling system_HHD32F1xx.c...
assembling startup_HHD32F1xx_s.s...
compiling hhd_sys.c...
compiling hhd_gpio.c...
compiling main.c...
linking...
Program Size: Code=3096 RO-data=340 RW-data=16 ZI-data=1632  
FromELF: creating hex file...
".\myapp\obj\demo.axf" - 0 Error(s), 0 Warning(s).
