ARM Linker, 5.03 [Build 24] [MDK-ARM Professional]

==============================================================================

Section Cross References

    system_hhd32f1xx.o(.text) refers to system_hhd32f1xx.o(.data) for SystemCoreClock
    startup_hhd32f1xx_s.o(STACK) refers (Special) to heapauxi.o(.text) for __use_two_region_memory
    startup_hhd32f1xx_s.o(HEAP) refers (Special) to heapauxi.o(.text) for __use_two_region_memory
    startup_hhd32f1xx_s.o(RESET) refers (Special) to heapauxi.o(.text) for __use_two_region_memory
    startup_hhd32f1xx_s.o(RESET) refers to startup_hhd32f1xx_s.o(STACK) for __initial_sp
    startup_hhd32f1xx_s.o(RESET) refers to startup_hhd32f1xx_s.o(.text) for Reset_Handler
    startup_hhd32f1xx_s.o(.text) refers (Special) to heapauxi.o(.text) for __use_two_region_memory
    startup_hhd32f1xx_s.o(.text) refers to __main.o(!!!main) for __main
    startup_hhd32f1xx_s.o(.text) refers to startup_hhd32f1xx_s.o(HEAP) for Heap_Mem
    startup_hhd32f1xx_s.o(.text) refers to startup_hhd32f1xx_s.o(STACK) for Stack_Mem
    hhd_sys.o(.text) refers to system_hhd32f1xx.o(.text) for SystemInit
    main.o(.text) refers to hhd_sys.o(.text) for SYS_SystemInitial
    main.o(.text) refers to hhd_gpio.o(.text) for GPIO_ConfigPinsAsOutput
    __main.o(!!!main) refers to rtentry.o(.ARM.Collect$$rtentry$$00000000) for __rt_entry
    rtentry.o(.ARM.Collect$$rtentry$$00000000) refers (Special) to rtentry2.o(.ARM.Collect$$rtentry$$0000000A) for __rt_entry_li
    rtentry.o(.ARM.Collect$$rtentry$$00000000) refers (Special) to rtentry2.o(.ARM.Collect$$rtentry$$0000000D) for __rt_entry_main
    rtentry.o(.ARM.Collect$$rtentry$$00000000) refers (Special) to rtentry2.o(.ARM.Collect$$rtentry$$0000000C) for __rt_entry_postli_1
    rtentry.o(.ARM.Collect$$rtentry$$00000000) refers (Special) to rtentry2.o(.ARM.Collect$$rtentry$$00000009) for __rt_entry_postsh_1
    rtentry.o(.ARM.Collect$$rtentry$$00000000) refers (Special) to rtentry2.o(.ARM.Collect$$rtentry$$00000002) for __rt_entry_presh_1
    rtentry.o(.ARM.Collect$$rtentry$$00000000) refers (Special) to rtentry4.o(.ARM.Collect$$rtentry$$00000004) for __rt_entry_sh
    rtentry2.o(.ARM.Collect$$rtentry$$00000008) refers to boardinit2.o(.text) for _platform_post_stackheap_init
    rtentry2.o(.ARM.Collect$$rtentry$$0000000A) refers to libinit.o(.ARM.Collect$$libinit$$00000000) for __rt_lib_init
    rtentry2.o(.ARM.Collect$$rtentry$$0000000B) refers to boardinit3.o(.text) for _platform_post_lib_init
    rtentry2.o(.ARM.Collect$$rtentry$$0000000D) refers to main.o(.text) for main
    rtentry2.o(.ARM.Collect$$rtentry$$0000000D) refers to exit.o(.text) for exit
    rtentry2.o(.ARM.exidx) refers to rtentry2.o(.ARM.Collect$$rtentry$$00000001) for .ARM.Collect$$rtentry$$00000001
    rtentry2.o(.ARM.exidx) refers to rtentry2.o(.ARM.Collect$$rtentry$$00000008) for .ARM.Collect$$rtentry$$00000008
    rtentry2.o(.ARM.exidx) refers to rtentry2.o(.ARM.Collect$$rtentry$$0000000A) for .ARM.Collect$$rtentry$$0000000A
    rtentry2.o(.ARM.exidx) refers to rtentry2.o(.ARM.Collect$$rtentry$$0000000B) for .ARM.Collect$$rtentry$$0000000B
    rtentry2.o(.ARM.exidx) refers to rtentry2.o(.ARM.Collect$$rtentry$$0000000D) for .ARM.Collect$$rtentry$$0000000D
    rtentry4.o(.ARM.Collect$$rtentry$$00000004) refers to sys_stackheap_outer.o(.text) for __user_setup_stackheap
    rtentry4.o(.ARM.exidx) refers to rtentry4.o(.ARM.Collect$$rtentry$$00000004) for .ARM.Collect$$rtentry$$00000004
    sys_stackheap_outer.o(.text) refers to libspace.o(.text) for __user_perproc_libspace
    sys_stackheap_outer.o(.text) refers to startup_hhd32f1xx_s.o(.text) for __user_initial_stackheap
    exit.o(.text) refers to rtexit.o(.ARM.Collect$$rtexit$$00000000) for __rt_exit
    libinit.o(.ARM.Collect$$libinit$$00000000) refers (Special) to libinit2.o(.ARM.Collect$$libinit$$0000002C) for __rt_lib_init_alloca_1
    libinit.o(.ARM.Collect$$libinit$$00000000) refers (Special) to libinit2.o(.ARM.Collect$$libinit$$0000002A) for __rt_lib_init_argv_1
    libinit.o(.ARM.Collect$$libinit$$00000000) refers (Special) to libinit2.o(.ARM.Collect$$libinit$$00000019) for __rt_lib_init_atexit_1
    libinit.o(.ARM.Collect$$libinit$$00000000) refers (Special) to libinit2.o(.ARM.Collect$$libinit$$0000001F) for __rt_lib_init_clock_1
    libinit.o(.ARM.Collect$$libinit$$00000000) refers (Special) to libinit2.o(.ARM.Collect$$libinit$$00000030) for __rt_lib_init_cpp_1
    libinit.o(.ARM.Collect$$libinit$$00000000) refers (Special) to libinit2.o(.ARM.Collect$$libinit$$0000002E) for __rt_lib_init_exceptions_1
    libinit.o(.ARM.Collect$$libinit$$00000000) refers (Special) to libinit2.o(.ARM.Collect$$libinit$$00000002) for __rt_lib_init_fp_1
    libinit.o(.ARM.Collect$$libinit$$00000000) refers (Special) to libinit2.o(.ARM.Collect$$libinit$$0000001D) for __rt_lib_init_fp_trap_1
    libinit.o(.ARM.Collect$$libinit$$00000000) refers (Special) to libinit2.o(.ARM.Collect$$libinit$$00000021) for __rt_lib_init_getenv_1
    libinit.o(.ARM.Collect$$libinit$$00000000) refers (Special) to libinit2.o(.ARM.Collect$$libinit$$00000008) for __rt_lib_init_heap_1
    libinit.o(.ARM.Collect$$libinit$$00000000) refers (Special) to libinit2.o(.ARM.Collect$$libinit$$0000000F) for __rt_lib_init_lc_collate_1
    libinit.o(.ARM.Collect$$libinit$$00000000) refers (Special) to libinit2.o(.ARM.Collect$$libinit$$00000011) for __rt_lib_init_lc_ctype_1
    libinit.o(.ARM.Collect$$libinit$$00000000) refers (Special) to libinit2.o(.ARM.Collect$$libinit$$00000013) for __rt_lib_init_lc_monetary_1
    libinit.o(.ARM.Collect$$libinit$$00000000) refers (Special) to libinit2.o(.ARM.Collect$$libinit$$00000015) for __rt_lib_init_lc_numeric_1
    libinit.o(.ARM.Collect$$libinit$$00000000) refers (Special) to libinit2.o(.ARM.Collect$$libinit$$00000017) for __rt_lib_init_lc_time_1
    libinit.o(.ARM.Collect$$libinit$$00000000) refers (Special) to libinit2.o(.ARM.Collect$$libinit$$0000000C) for __rt_lib_init_rand_1
    libinit.o(.ARM.Collect$$libinit$$00000000) refers (Special) to libinit2.o(.ARM.Collect$$libinit$$00000031) for __rt_lib_init_return
    libinit.o(.ARM.Collect$$libinit$$00000000) refers (Special) to libinit2.o(.ARM.Collect$$libinit$$0000001B) for __rt_lib_init_signal_1
    libinit.o(.ARM.Collect$$libinit$$00000000) refers (Special) to libinit2.o(.ARM.Collect$$libinit$$00000023) for __rt_lib_init_stdio_1
    libinit.o(.ARM.Collect$$libinit$$00000000) refers (Special) to libinit2.o(.ARM.Collect$$libinit$$0000000A) for __rt_lib_init_user_alloc_1
    libspace.o(.text) refers to libspace.o(.bss) for __libspace_start
    rtexit.o(.ARM.Collect$$rtexit$$00000000) refers (Special) to rtexit2.o(.ARM.Collect$$rtexit$$00000004) for __rt_exit_exit
    rtexit.o(.ARM.Collect$$rtexit$$00000000) refers (Special) to rtexit2.o(.ARM.Collect$$rtexit$$00000003) for __rt_exit_ls
    rtexit.o(.ARM.Collect$$rtexit$$00000000) refers (Special) to rtexit2.o(.ARM.Collect$$rtexit$$00000002) for __rt_exit_prels_1
    rtexit.o(.ARM.exidx) refers (Special) to rtexit2.o(.ARM.Collect$$rtexit$$00000004) for __rt_exit_exit
    rtexit.o(.ARM.exidx) refers (Special) to rtexit2.o(.ARM.Collect$$rtexit$$00000003) for __rt_exit_ls
    rtexit.o(.ARM.exidx) refers (Special) to rtexit2.o(.ARM.Collect$$rtexit$$00000002) for __rt_exit_prels_1
    rtexit.o(.ARM.exidx) refers to rtexit.o(.ARM.Collect$$rtexit$$00000000) for .ARM.Collect$$rtexit$$00000000
    libinit2.o(.ARM.Collect$$libinit$$0000000E) refers to libinit2.o(.ARM.Collect$$libinit$$0000000D) for .ARM.Collect$$libinit$$0000000D
    libinit2.o(.ARM.Collect$$libinit$$00000010) refers to libinit2.o(.ARM.Collect$$libinit$$0000000D) for .ARM.Collect$$libinit$$0000000D
    libinit2.o(.ARM.Collect$$libinit$$00000012) refers to libinit2.o(.ARM.Collect$$libinit$$0000000D) for .ARM.Collect$$libinit$$0000000D
    libinit2.o(.ARM.Collect$$libinit$$00000014) refers to libinit2.o(.ARM.Collect$$libinit$$0000000D) for .ARM.Collect$$libinit$$0000000D
    libinit2.o(.ARM.Collect$$libinit$$00000016) refers to libinit2.o(.ARM.Collect$$libinit$$0000000D) for .ARM.Collect$$libinit$$0000000D
    libinit2.o(.ARM.Collect$$libinit$$00000024) refers to argv_veneer.o(.emb_text) for __ARM_argv_veneer
    libinit2.o(.ARM.Collect$$libinit$$00000025) refers to argv_veneer.o(.emb_text) for __ARM_argv_veneer
    rtexit2.o(.ARM.Collect$$rtexit$$00000003) refers to libshutdown.o(.ARM.Collect$$libshutdown$$00000000) for __rt_lib_shutdown
    rtexit2.o(.ARM.Collect$$rtexit$$00000004) refers to sys_exit.o(.text) for _sys_exit
    rtexit2.o(.ARM.exidx) refers to rtexit2.o(.ARM.Collect$$rtexit$$00000001) for .ARM.Collect$$rtexit$$00000001
    rtexit2.o(.ARM.exidx) refers to rtexit2.o(.ARM.Collect$$rtexit$$00000003) for .ARM.Collect$$rtexit$$00000003
    rtexit2.o(.ARM.exidx) refers to rtexit2.o(.ARM.Collect$$rtexit$$00000004) for .ARM.Collect$$rtexit$$00000004
    argv_veneer.o(.emb_text) refers to no_argv.o(.text) for __ARM_get_argv
    sys_exit.o(.text) refers (Special) to use_no_semi.o(.text) for __I$use$semihosting
    sys_exit.o(.text) refers (Special) to indicate_semi.o(.text) for __semihosting_library_function
    _get_argv_nomalloc.o(.text) refers (Special) to hrguard.o(.text) for __heap_region$guard
    _get_argv_nomalloc.o(.text) refers to defsig_rtmem_outer.o(.text) for __rt_SIGRTMEM
    _get_argv_nomalloc.o(.text) refers to sys_command.o(.text) for _sys_command_string
    libshutdown.o(.ARM.Collect$$libshutdown$$00000000) refers (Special) to libshutdown2.o(.ARM.Collect$$libshutdown$$00000006) for __rt_lib_shutdown_fp_trap_1
    libshutdown.o(.ARM.Collect$$libshutdown$$00000000) refers (Special) to libshutdown2.o(.ARM.Collect$$libshutdown$$0000000E) for __rt_lib_shutdown_heap_1
    libshutdown.o(.ARM.Collect$$libshutdown$$00000000) refers (Special) to libshutdown2.o(.ARM.Collect$$libshutdown$$0000000F) for __rt_lib_shutdown_return
    libshutdown.o(.ARM.Collect$$libshutdown$$00000000) refers (Special) to libshutdown2.o(.ARM.Collect$$libshutdown$$00000009) for __rt_lib_shutdown_signal_1
    libshutdown.o(.ARM.Collect$$libshutdown$$00000000) refers (Special) to libshutdown2.o(.ARM.Collect$$libshutdown$$00000003) for __rt_lib_shutdown_stdio_1
    libshutdown.o(.ARM.Collect$$libshutdown$$00000000) refers (Special) to libshutdown2.o(.ARM.Collect$$libshutdown$$0000000B) for __rt_lib_shutdown_user_alloc_1
    sys_command.o(.text) refers (Special) to use_no_semi.o(.text) for __I$use$semihosting
    sys_command.o(.text) refers (Special) to indicate_semi.o(.text) for __semihosting_library_function
    defsig_rtmem_outer.o(.text) refers to defsig_rtmem_inner.o(.text) for __rt_SIGRTMEM_inner
    defsig_rtmem_outer.o(.text) refers to defsig_exit.o(.text) for __sig_exit
    defsig_rtmem_formal.o(.text) refers to rt_raise.o(.text) for __rt_raise
    rt_raise.o(.text) refers to __raise.o(.text) for __raise
    rt_raise.o(.text) refers to sys_exit.o(.text) for _sys_exit
    defsig_exit.o(.text) refers to sys_exit.o(.text) for _sys_exit
    defsig_rtmem_inner.o(.text) refers to defsig_general.o(.text) for __default_signal_display
    __raise.o(.text) refers to defsig.o(CL$$defsig) for __default_signal_handler
    defsig_general.o(.text) refers to sys_wrch.o(.text) for _ttywrch
    sys_wrch.o(.text) refers (Special) to use_no_semi.o(.text) for __I$use$semihosting
    sys_wrch.o(.text) refers (Special) to indicate_semi.o(.text) for __semihosting_library_function
    defsig.o(CL$$defsig) refers to defsig_rtmem_inner.o(.text) for __rt_SIGRTMEM_inner
    defsig_abrt_inner.o(.text) refers to defsig_general.o(.text) for __default_signal_display
    defsig_fpe_inner.o(.text) refers to defsig_general.o(.text) for __default_signal_display
    defsig_rtred_inner.o(.text) refers to defsig_general.o(.text) for __default_signal_display
    defsig_stak_inner.o(.text) refers to defsig_general.o(.text) for __default_signal_display
    defsig_pvfn_inner.o(.text) refers to defsig_general.o(.text) for __default_signal_display
    defsig_cppl_inner.o(.text) refers to defsig_general.o(.text) for __default_signal_display
    defsig_segv_inner.o(.text) refers to defsig_general.o(.text) for __default_signal_display
    defsig_other.o(.text) refers to defsig_general.o(.text) for __default_signal_display


==============================================================================

Removing Unused input sections from the image.

    Removing core_cm3.o(.emb_text), (32 bytes).

1 unused section(s) (total 32 bytes) removed from the image.

==============================================================================

Image Symbol Table

    Local Symbols

    Symbol Name                              Value     Ov Type        Size  Object(Section)

    RESET                                    0x00000000   Section      308  startup_hhd32f1xx_s.o(RESET)
    ../clib/angel/boardlib.s                 0x00000000   Number         0  boardshut.o ABSOLUTE
    ../clib/angel/boardlib.s                 0x00000000   Number         0  boardinit1.o ABSOLUTE
    ../clib/angel/boardlib.s                 0x00000000   Number         0  boardinit2.o ABSOLUTE
    ../clib/angel/boardlib.s                 0x00000000   Number         0  boardinit3.o ABSOLUTE
    ../clib/angel/handlers.s                 0x00000000   Number         0  __scatter_zi.o ABSOLUTE
    ../clib/angel/handlers.s                 0x00000000   Number         0  __scatter_copy.o ABSOLUTE
    ../clib/angel/kernel.s                   0x00000000   Number         0  rtentry.o ABSOLUTE
    ../clib/angel/kernel.s                   0x00000000   Number         0  rtentry2.o ABSOLUTE
    ../clib/angel/kernel.s                   0x00000000   Number         0  rtentry4.o ABSOLUTE
    ../clib/angel/kernel.s                   0x00000000   Number         0  rtexit2.o ABSOLUTE
    ../clib/angel/kernel.s                   0x00000000   Number         0  rtexit.o ABSOLUTE
    ../clib/angel/rt.s                       0x00000000   Number         0  rt_raise.o ABSOLUTE
    ../clib/angel/scatter.s                  0x00000000   Number         0  __scatter.o ABSOLUTE
    ../clib/angel/startup.s                  0x00000000   Number         0  __main.o ABSOLUTE
    ../clib/angel/sys.s                      0x00000000   Number         0  indicate_semi.o ABSOLUTE
    ../clib/angel/sys.s                      0x00000000   Number         0  use_no_semi.o ABSOLUTE
    ../clib/angel/sys.s                      0x00000000   Number         0  sys_stackheap_outer.o ABSOLUTE
    ../clib/angel/sys.s                      0x00000000   Number         0  libspace.o ABSOLUTE
    ../clib/angel/sysapp.c                   0x00000000   Number         0  sys_wrch.o ABSOLUTE
    ../clib/angel/sysapp.c                   0x00000000   Number         0  sys_command.o ABSOLUTE
    ../clib/angel/sysapp.c                   0x00000000   Number         0  sys_exit.o ABSOLUTE
    ../clib/armsys.c                         0x00000000   Number         0  no_argv.o ABSOLUTE
    ../clib/armsys.c                         0x00000000   Number         0  _get_argv_nomalloc.o ABSOLUTE
    ../clib/armsys.c                         0x00000000   Number         0  argv_veneer.o ABSOLUTE
    ../clib/armsys.c                         0x00000000   Number         0  argv_veneer.o ABSOLUTE
    ../clib/heapalloc.c                      0x00000000   Number         0  hrguard.o ABSOLUTE
    ../clib/heapaux.c                        0x00000000   Number         0  heapauxi.o ABSOLUTE
    ../clib/libinit.s                        0x00000000   Number         0  libinit2.o ABSOLUTE
    ../clib/libinit.s                        0x00000000   Number         0  libshutdown.o ABSOLUTE
    ../clib/libinit.s                        0x00000000   Number         0  libshutdown2.o ABSOLUTE
    ../clib/libinit.s                        0x00000000   Number         0  libinit.o ABSOLUTE
    ../clib/signal.c                         0x00000000   Number         0  defsig_rtmem_outer.o ABSOLUTE
    ../clib/signal.c                         0x00000000   Number         0  defsig_cppl_inner.o ABSOLUTE
    ../clib/signal.c                         0x00000000   Number         0  defsig_pvfn_inner.o ABSOLUTE
    ../clib/signal.c                         0x00000000   Number         0  defsig_stak_inner.o ABSOLUTE
    ../clib/signal.c                         0x00000000   Number         0  defsig_fpe_inner.o ABSOLUTE
    ../clib/signal.c                         0x00000000   Number         0  defsig_general.o ABSOLUTE
    ../clib/signal.c                         0x00000000   Number         0  __raise.o ABSOLUTE
    ../clib/signal.c                         0x00000000   Number         0  defsig_rtmem_inner.o ABSOLUTE
    ../clib/signal.c                         0x00000000   Number         0  defsig_exit.o ABSOLUTE
    ../clib/signal.c                         0x00000000   Number         0  defsig_rtred_inner.o ABSOLUTE
    ../clib/signal.c                         0x00000000   Number         0  defsig_rtmem_formal.o ABSOLUTE
    ../clib/signal.c                         0x00000000   Number         0  defsig_abrt_inner.o ABSOLUTE
    ../clib/signal.c                         0x00000000   Number         0  defsig_other.o ABSOLUTE
    ../clib/signal.c                         0x00000000   Number         0  defsig_segv_inner.o ABSOLUTE
    ../clib/signal.s                         0x00000000   Number         0  defsig.o ABSOLUTE
    ../clib/stdlib.c                         0x00000000   Number         0  exit.o ABSOLUTE
    ../fplib/fpinit.s                        0x00000000   Number         0  fpinit.o ABSOLUTE
    ..\..\HHD32F1xx_library\Core\CM3\CoreSupport\core_cm3.c 0x00000000   Number         0  core_cm3.o ABSOLUTE
    ..\..\HHD32F1xx_library\Core\CM3\DeviceSupport\HHD32F1xx\Startup\rvds\startup_HHD32F1xx_s.s 0x00000000   Number         0  startup_hhd32f1xx_s.o ABSOLUTE
    ..\..\HHD32F1xx_library\Core\CM3\DeviceSupport\HHD32F1xx\system_HHD32F1xx.c 0x00000000   Number         0  system_hhd32f1xx.o ABSOLUTE
    ..\..\HHD32F1xx_library\Drivers\source\hhd_gpio.c 0x00000000   Number         0  hhd_gpio.o ABSOLUTE
    ..\..\HHD32F1xx_library\Drivers\source\hhd_sys.c 0x00000000   Number         0  hhd_sys.o ABSOLUTE
    ..\\..\\HHD32F1xx_library\\Core\\CM3\\CoreSupport\\core_cm3.c 0x00000000   Number         0  core_cm3.o ABSOLUTE
    dc.s                                     0x00000000   Number         0  dc.o ABSOLUTE
    myapp\src\main.c                         0x00000000   Number         0  main.o ABSOLUTE
    !!!main                                  0x00000134   Section        8  __main.o(!!!main)
    !!!scatter                               0x0000013c   Section       52  __scatter.o(!!!scatter)
    !!handler_copy                           0x00000170   Section       26  __scatter_copy.o(!!handler_copy)
    !!handler_zi                             0x0000018c   Section       28  __scatter_zi.o(!!handler_zi)
    .ARM.Collect$$libinit$$00000000          0x000001a8   Section        2  libinit.o(.ARM.Collect$$libinit$$00000000)
    .ARM.Collect$$libinit$$00000002          0x000001aa   Section        0  libinit2.o(.ARM.Collect$$libinit$$00000002)
    .ARM.Collect$$libinit$$00000008          0x000001aa   Section        0  libinit2.o(.ARM.Collect$$libinit$$00000008)
    .ARM.Collect$$libinit$$0000000A          0x000001aa   Section        0  libinit2.o(.ARM.Collect$$libinit$$0000000A)
    .ARM.Collect$$libinit$$0000000C          0x000001aa   Section        0  libinit2.o(.ARM.Collect$$libinit$$0000000C)
    .ARM.Collect$$libinit$$0000000F          0x000001aa   Section        0  libinit2.o(.ARM.Collect$$libinit$$0000000F)
    .ARM.Collect$$libinit$$00000011          0x000001aa   Section        0  libinit2.o(.ARM.Collect$$libinit$$00000011)
    .ARM.Collect$$libinit$$00000013          0x000001aa   Section        0  libinit2.o(.ARM.Collect$$libinit$$00000013)
    .ARM.Collect$$libinit$$00000015          0x000001aa   Section        0  libinit2.o(.ARM.Collect$$libinit$$00000015)
    .ARM.Collect$$libinit$$00000017          0x000001aa   Section        0  libinit2.o(.ARM.Collect$$libinit$$00000017)
    .ARM.Collect$$libinit$$00000019          0x000001aa   Section        0  libinit2.o(.ARM.Collect$$libinit$$00000019)
    .ARM.Collect$$libinit$$0000001B          0x000001aa   Section        0  libinit2.o(.ARM.Collect$$libinit$$0000001B)
    .ARM.Collect$$libinit$$0000001D          0x000001aa   Section        0  libinit2.o(.ARM.Collect$$libinit$$0000001D)
    .ARM.Collect$$libinit$$0000001F          0x000001aa   Section        0  libinit2.o(.ARM.Collect$$libinit$$0000001F)
    .ARM.Collect$$libinit$$00000021          0x000001aa   Section        0  libinit2.o(.ARM.Collect$$libinit$$00000021)
    .ARM.Collect$$libinit$$00000023          0x000001aa   Section        0  libinit2.o(.ARM.Collect$$libinit$$00000023)
    .ARM.Collect$$libinit$$0000002A          0x000001aa   Section        0  libinit2.o(.ARM.Collect$$libinit$$0000002A)
    .ARM.Collect$$libinit$$0000002C          0x000001aa   Section        0  libinit2.o(.ARM.Collect$$libinit$$0000002C)
    .ARM.Collect$$libinit$$0000002E          0x000001aa   Section        0  libinit2.o(.ARM.Collect$$libinit$$0000002E)
    .ARM.Collect$$libinit$$00000030          0x000001aa   Section        0  libinit2.o(.ARM.Collect$$libinit$$00000030)
    .ARM.Collect$$libinit$$00000031          0x000001aa   Section        2  libinit2.o(.ARM.Collect$$libinit$$00000031)
    .ARM.Collect$$libshutdown$$00000000      0x000001ac   Section        2  libshutdown.o(.ARM.Collect$$libshutdown$$00000000)
    .ARM.Collect$$libshutdown$$00000003      0x000001ae   Section        0  libshutdown2.o(.ARM.Collect$$libshutdown$$00000003)
    .ARM.Collect$$libshutdown$$00000006      0x000001ae   Section        0  libshutdown2.o(.ARM.Collect$$libshutdown$$00000006)
    .ARM.Collect$$libshutdown$$00000009      0x000001ae   Section        0  libshutdown2.o(.ARM.Collect$$libshutdown$$00000009)
    .ARM.Collect$$libshutdown$$0000000B      0x000001ae   Section        0  libshutdown2.o(.ARM.Collect$$libshutdown$$0000000B)
    .ARM.Collect$$libshutdown$$0000000E      0x000001ae   Section        0  libshutdown2.o(.ARM.Collect$$libshutdown$$0000000E)
    .ARM.Collect$$libshutdown$$0000000F      0x000001ae   Section        2  libshutdown2.o(.ARM.Collect$$libshutdown$$0000000F)
    .ARM.Collect$$rtentry$$00000000          0x000001b0   Section        0  rtentry.o(.ARM.Collect$$rtentry$$00000000)
    .ARM.Collect$$rtentry$$00000002          0x000001b0   Section        0  rtentry2.o(.ARM.Collect$$rtentry$$00000002)
    .ARM.Collect$$rtentry$$00000004          0x000001b0   Section        6  rtentry4.o(.ARM.Collect$$rtentry$$00000004)
    .ARM.Collect$$rtentry$$00000009          0x000001b6   Section        0  rtentry2.o(.ARM.Collect$$rtentry$$00000009)
    .ARM.Collect$$rtentry$$0000000A          0x000001b6   Section        4  rtentry2.o(.ARM.Collect$$rtentry$$0000000A)
    .ARM.Collect$$rtentry$$0000000C          0x000001ba   Section        0  rtentry2.o(.ARM.Collect$$rtentry$$0000000C)
    .ARM.Collect$$rtentry$$0000000D          0x000001ba   Section        8  rtentry2.o(.ARM.Collect$$rtentry$$0000000D)
    .ARM.Collect$$rtexit$$00000000           0x000001c2   Section        2  rtexit.o(.ARM.Collect$$rtexit$$00000000)
    .ARM.Collect$$rtexit$$00000002           0x000001c4   Section        0  rtexit2.o(.ARM.Collect$$rtexit$$00000002)
    .ARM.Collect$$rtexit$$00000003           0x000001c4   Section        4  rtexit2.o(.ARM.Collect$$rtexit$$00000003)
    .ARM.Collect$$rtexit$$00000004           0x000001c8   Section        6  rtexit2.o(.ARM.Collect$$rtexit$$00000004)
    .text                                    0x000001d0   Section        0  system_hhd32f1xx.o(.text)
    .text                                    0x00000474   Section       56  startup_hhd32f1xx_s.o(.text)
    .text                                    0x000004ac   Section        0  hhd_sys.o(.text)
    .text                                    0x000008e4   Section        0  hhd_gpio.o(.text)
    NVIC_EnableIRQ                           0x00000c11   Thumb Code    24  hhd_gpio.o(.text)
    NVIC_DisableIRQ                          0x00000c29   Thumb Code    18  hhd_gpio.o(.text)
    .text                                    0x00000c68   Section        0  main.o(.text)
    .text                                    0x00000cc0   Section        0  heapauxi.o(.text)
    .text                                    0x00000cc6   Section       74  sys_stackheap_outer.o(.text)
    .text                                    0x00000d10   Section        0  exit.o(.text)
    .text                                    0x00000d1c   Section        8  libspace.o(.text)
    .text                                    0x00000d24   Section        0  sys_exit.o(.text)
    .text                                    0x00000d30   Section        2  use_no_semi.o(.text)
    .text                                    0x00000d32   Section        0  indicate_semi.o(.text)
    .data                                    0x20000000   Section       16  system_hhd32f1xx.o(.data)
    .bss                                     0x20000010   Section       96  libspace.o(.bss)
    HEAP                                     0x20000070   Section      512  startup_hhd32f1xx_s.o(HEAP)
    Heap_Mem                                 0x20000070   Data         512  startup_hhd32f1xx_s.o(HEAP)
    STACK                                    0x20000270   Section     1024  startup_hhd32f1xx_s.o(STACK)
    Stack_Mem                                0x20000270   Data        1024  startup_hhd32f1xx_s.o(STACK)
    __initial_sp                             0x20000670   Data           0  startup_hhd32f1xx_s.o(STACK)

    Global Symbols

    Symbol Name                              Value     Ov Type        Size  Object(Section)

    BuildAttributes$$THM_ISAv4$P$D$K$B$S$PE$A:L22UL41UL21$X:L11$S22US41US21$IEEE1$IW$USESV6$~STKCKD$USESV7$~SHL$OSPACE$ROPI$EBA8$UX$STANDARDLIB$REQ8$PRES8$EABIv2 0x00000000   Number         0  anon$$obj.o ABSOLUTE
    __ARM_use_no_argv                        0x00000000   Number         0  main.o ABSOLUTE
    __Vectors                                0x00000000   Data           4  startup_hhd32f1xx_s.o(RESET)
    __ARM_exceptions_init                     - Undefined Weak Reference
    __alloca_initialize                       - Undefined Weak Reference
    __cpp_initialize__aeabi_                  - Undefined Weak Reference
    __cxa_finalize                            - Undefined Weak Reference
    __rt_locale                               - Undefined Weak Reference
    __sigvec_lookup                           - Undefined Weak Reference
    _atexit_init                              - Undefined Weak Reference
    _call_atexit_fns                          - Undefined Weak Reference
    _clock_init                               - Undefined Weak Reference
    _fp_trap_init                             - Undefined Weak Reference
    _fp_trap_shutdown                         - Undefined Weak Reference
    _get_lc_collate                           - Undefined Weak Reference
    _get_lc_ctype                             - Undefined Weak Reference
    _get_lc_monetary                          - Undefined Weak Reference
    _get_lc_numeric                           - Undefined Weak Reference
    _get_lc_time                              - Undefined Weak Reference
    _getenv_init                              - Undefined Weak Reference
    _handle_redirection                       - Undefined Weak Reference
    _init_alloc                               - Undefined Weak Reference
    _init_user_alloc                          - Undefined Weak Reference
    _initio                                   - Undefined Weak Reference
    _rand_init                                - Undefined Weak Reference
    _signal_finish                            - Undefined Weak Reference
    _signal_init                              - Undefined Weak Reference
    _terminate_alloc                          - Undefined Weak Reference
    _terminate_user_alloc                     - Undefined Weak Reference
    _terminateio                              - Undefined Weak Reference
    __Vectors_End                            0x00000134   Data           0  startup_hhd32f1xx_s.o(RESET)
    __Vectors_Size                           0x00000134   Number         0  startup_hhd32f1xx_s.o ABSOLUTE
    __main                                   0x00000135   Thumb Code     8  __main.o(!!!main)
    __scatterload                            0x0000013d   Thumb Code     0  __scatter.o(!!!scatter)
    __scatterload_rt2                        0x0000013d   Thumb Code    44  __scatter.o(!!!scatter)
    __scatterload_rt2_thumb_only             0x0000013d   Thumb Code     0  __scatter.o(!!!scatter)
    __scatterload_null                       0x0000014b   Thumb Code     0  __scatter.o(!!!scatter)
    __scatterload_copy                       0x00000171   Thumb Code    26  __scatter_copy.o(!!handler_copy)
    __scatterload_zeroinit                   0x0000018d   Thumb Code    28  __scatter_zi.o(!!handler_zi)
    __rt_lib_init                            0x000001a9   Thumb Code     0  libinit.o(.ARM.Collect$$libinit$$00000000)
    __rt_lib_init_alloca_1                   0x000001ab   Thumb Code     0  libinit2.o(.ARM.Collect$$libinit$$0000002C)
    __rt_lib_init_argv_1                     0x000001ab   Thumb Code     0  libinit2.o(.ARM.Collect$$libinit$$0000002A)
    __rt_lib_init_atexit_1                   0x000001ab   Thumb Code     0  libinit2.o(.ARM.Collect$$libinit$$00000019)
    __rt_lib_init_clock_1                    0x000001ab   Thumb Code     0  libinit2.o(.ARM.Collect$$libinit$$0000001F)
    __rt_lib_init_cpp_1                      0x000001ab   Thumb Code     0  libinit2.o(.ARM.Collect$$libinit$$00000030)
    __rt_lib_init_exceptions_1               0x000001ab   Thumb Code     0  libinit2.o(.ARM.Collect$$libinit$$0000002E)
    __rt_lib_init_fp_1                       0x000001ab   Thumb Code     0  libinit2.o(.ARM.Collect$$libinit$$00000002)
    __rt_lib_init_fp_trap_1                  0x000001ab   Thumb Code     0  libinit2.o(.ARM.Collect$$libinit$$0000001D)
    __rt_lib_init_getenv_1                   0x000001ab   Thumb Code     0  libinit2.o(.ARM.Collect$$libinit$$00000021)
    __rt_lib_init_heap_1                     0x000001ab   Thumb Code     0  libinit2.o(.ARM.Collect$$libinit$$00000008)
    __rt_lib_init_lc_collate_1               0x000001ab   Thumb Code     0  libinit2.o(.ARM.Collect$$libinit$$0000000F)
    __rt_lib_init_lc_ctype_1                 0x000001ab   Thumb Code     0  libinit2.o(.ARM.Collect$$libinit$$00000011)
    __rt_lib_init_lc_monetary_1              0x000001ab   Thumb Code     0  libinit2.o(.ARM.Collect$$libinit$$00000013)
    __rt_lib_init_lc_numeric_1               0x000001ab   Thumb Code     0  libinit2.o(.ARM.Collect$$libinit$$00000015)
    __rt_lib_init_lc_time_1                  0x000001ab   Thumb Code     0  libinit2.o(.ARM.Collect$$libinit$$00000017)
    __rt_lib_init_rand_1                     0x000001ab   Thumb Code     0  libinit2.o(.ARM.Collect$$libinit$$0000000C)
    __rt_lib_init_return                     0x000001ab   Thumb Code     0  libinit2.o(.ARM.Collect$$libinit$$00000031)
    __rt_lib_init_signal_1                   0x000001ab   Thumb Code     0  libinit2.o(.ARM.Collect$$libinit$$0000001B)
    __rt_lib_init_stdio_1                    0x000001ab   Thumb Code     0  libinit2.o(.ARM.Collect$$libinit$$00000023)
    __rt_lib_init_user_alloc_1               0x000001ab   Thumb Code     0  libinit2.o(.ARM.Collect$$libinit$$0000000A)
    __rt_lib_shutdown                        0x000001ad   Thumb Code     0  libshutdown.o(.ARM.Collect$$libshutdown$$00000000)
    __rt_lib_shutdown_fp_trap_1              0x000001af   Thumb Code     0  libshutdown2.o(.ARM.Collect$$libshutdown$$00000006)
    __rt_lib_shutdown_heap_1                 0x000001af   Thumb Code     0  libshutdown2.o(.ARM.Collect$$libshutdown$$0000000E)
    __rt_lib_shutdown_return                 0x000001af   Thumb Code     0  libshutdown2.o(.ARM.Collect$$libshutdown$$0000000F)
    __rt_lib_shutdown_signal_1               0x000001af   Thumb Code     0  libshutdown2.o(.ARM.Collect$$libshutdown$$00000009)
    __rt_lib_shutdown_stdio_1                0x000001af   Thumb Code     0  libshutdown2.o(.ARM.Collect$$libshutdown$$00000003)
    __rt_lib_shutdown_user_alloc_1           0x000001af   Thumb Code     0  libshutdown2.o(.ARM.Collect$$libshutdown$$0000000B)
    __rt_entry                               0x000001b1   Thumb Code     0  rtentry.o(.ARM.Collect$$rtentry$$00000000)
    __rt_entry_presh_1                       0x000001b1   Thumb Code     0  rtentry2.o(.ARM.Collect$$rtentry$$00000002)
    __rt_entry_sh                            0x000001b1   Thumb Code     0  rtentry4.o(.ARM.Collect$$rtentry$$00000004)
    __rt_entry_li                            0x000001b7   Thumb Code     0  rtentry2.o(.ARM.Collect$$rtentry$$0000000A)
    __rt_entry_postsh_1                      0x000001b7   Thumb Code     0  rtentry2.o(.ARM.Collect$$rtentry$$00000009)
    __rt_entry_main                          0x000001bb   Thumb Code     0  rtentry2.o(.ARM.Collect$$rtentry$$0000000D)
    __rt_entry_postli_1                      0x000001bb   Thumb Code     0  rtentry2.o(.ARM.Collect$$rtentry$$0000000C)
    __rt_exit                                0x000001c3   Thumb Code     0  rtexit.o(.ARM.Collect$$rtexit$$00000000)
    __rt_exit_ls                             0x000001c5   Thumb Code     0  rtexit2.o(.ARM.Collect$$rtexit$$00000003)
    __rt_exit_prels_1                        0x000001c5   Thumb Code     0  rtexit2.o(.ARM.Collect$$rtexit$$00000002)
    __rt_exit_exit                           0x000001c9   Thumb Code     0  rtexit2.o(.ARM.Collect$$rtexit$$00000004)
    SystemCoreClockUpdate                    0x000001d1   Thumb Code   362  system_hhd32f1xx.o(.text)
    SystemInit                               0x0000033b   Thumb Code   250  system_hhd32f1xx.o(.text)
    Reset_Handler                            0x00000475   Thumb Code     4  startup_hhd32f1xx_s.o(.text)
    NMI_Handler                              0x00000479   Thumb Code     2  startup_hhd32f1xx_s.o(.text)
    HardFault_Handler                        0x0000047b   Thumb Code     2  startup_hhd32f1xx_s.o(.text)
    MemoryManagement_Handler                 0x0000047d   Thumb Code     2  startup_hhd32f1xx_s.o(.text)
    BusFault_Handler                         0x0000047f   Thumb Code     2  startup_hhd32f1xx_s.o(.text)
    UsageFault_Handler                       0x00000481   Thumb Code     2  startup_hhd32f1xx_s.o(.text)
    SVC_Handler                              0x00000483   Thumb Code     2  startup_hhd32f1xx_s.o(.text)
    DebugMonitor_Handler                     0x00000485   Thumb Code     2  startup_hhd32f1xx_s.o(.text)
    PendSV_Handler                           0x00000487   Thumb Code     2  startup_hhd32f1xx_s.o(.text)
    SysTick_Handler                          0x00000489   Thumb Code     2  startup_hhd32f1xx_s.o(.text)
    ADC1_2_IRQHandler                        0x0000048b   Thumb Code     0  startup_hhd32f1xx_s.o(.text)
    ADC3_IRQHandler                          0x0000048b   Thumb Code     0  startup_hhd32f1xx_s.o(.text)
    BOD_IRQHandler                           0x0000048b   Thumb Code     0  startup_hhd32f1xx_s.o(.text)
    CAN_IRQHandler                           0x0000048b   Thumb Code     0  startup_hhd32f1xx_s.o(.text)
    DAC_IRQHandler                           0x0000048b   Thumb Code     0  startup_hhd32f1xx_s.o(.text)
    DMA1_CHANNEL1_IRQHandler                 0x0000048b   Thumb Code     0  startup_hhd32f1xx_s.o(.text)
    DMA1_CHANNEL2_IRQHandler                 0x0000048b   Thumb Code     0  startup_hhd32f1xx_s.o(.text)
    DMA1_CHANNEL3_IRQHandler                 0x0000048b   Thumb Code     0  startup_hhd32f1xx_s.o(.text)
    DMA1_CHANNEL4_IRQHandler                 0x0000048b   Thumb Code     0  startup_hhd32f1xx_s.o(.text)
    DMA1_CHANNEL5_IRQHandler                 0x0000048b   Thumb Code     0  startup_hhd32f1xx_s.o(.text)
    DMA1_CHANNEL6_IRQHandler                 0x0000048b   Thumb Code     0  startup_hhd32f1xx_s.o(.text)
    DMA1_CHANNEL7_IRQHandler                 0x0000048b   Thumb Code     0  startup_hhd32f1xx_s.o(.text)
    DMA2_CHANNEL1_IRQHandler                 0x0000048b   Thumb Code     0  startup_hhd32f1xx_s.o(.text)
    DMA2_CHANNEL2_IRQHandler                 0x0000048b   Thumb Code     0  startup_hhd32f1xx_s.o(.text)
    DMA2_CHANNEL3_IRQHandler                 0x0000048b   Thumb Code     0  startup_hhd32f1xx_s.o(.text)
    DMA2_CHANNEL4_5_IRQHandler               0x0000048b   Thumb Code     0  startup_hhd32f1xx_s.o(.text)
    EXTI0_IRQHandler                         0x0000048b   Thumb Code     0  startup_hhd32f1xx_s.o(.text)
    EXTI15_10_IRQHandler                     0x0000048b   Thumb Code     0  startup_hhd32f1xx_s.o(.text)
    EXTI1_IRQHandler                         0x0000048b   Thumb Code     0  startup_hhd32f1xx_s.o(.text)
    EXTI2_IRQHandler                         0x0000048b   Thumb Code     0  startup_hhd32f1xx_s.o(.text)
    EXTI3_IRQHandler                         0x0000048b   Thumb Code     0  startup_hhd32f1xx_s.o(.text)
    EXTI4_IRQHandler                         0x0000048b   Thumb Code     0  startup_hhd32f1xx_s.o(.text)
    EXTI9_5_IRQHandler                       0x0000048b   Thumb Code     0  startup_hhd32f1xx_s.o(.text)
    I2C1_IRQHandler                          0x0000048b   Thumb Code     0  startup_hhd32f1xx_s.o(.text)
    I2C2_IRQHandler                          0x0000048b   Thumb Code     0  startup_hhd32f1xx_s.o(.text)
    RTC_IRQHandler                           0x0000048b   Thumb Code     0  startup_hhd32f1xx_s.o(.text)
    SPI1_IRQHandler                          0x0000048b   Thumb Code     0  startup_hhd32f1xx_s.o(.text)
    SPI2_IRQHandler                          0x0000048b   Thumb Code     0  startup_hhd32f1xx_s.o(.text)
    SPI3_IRQHandler                          0x0000048b   Thumb Code     0  startup_hhd32f1xx_s.o(.text)
    TIM10_IRQHandler                         0x0000048b   Thumb Code     0  startup_hhd32f1xx_s.o(.text)
    TIM11_IRQHandler                         0x0000048b   Thumb Code     0  startup_hhd32f1xx_s.o(.text)
    TIM13_IRQHandler                         0x0000048b   Thumb Code     0  startup_hhd32f1xx_s.o(.text)
    TIM14_IRQHandler                         0x0000048b   Thumb Code     0  startup_hhd32f1xx_s.o(.text)
    TIM1FAULT_TIM9_IRQHandler                0x0000048b   Thumb Code     0  startup_hhd32f1xx_s.o(.text)
    TIM1_IRQHandler                          0x0000048b   Thumb Code     0  startup_hhd32f1xx_s.o(.text)
    TIM2_IRQHandler                          0x0000048b   Thumb Code     0  startup_hhd32f1xx_s.o(.text)
    TIM3_IRQHandler                          0x0000048b   Thumb Code     0  startup_hhd32f1xx_s.o(.text)
    TIM4_IRQHandler                          0x0000048b   Thumb Code     0  startup_hhd32f1xx_s.o(.text)
    TIM5_IRQHandler                          0x0000048b   Thumb Code     0  startup_hhd32f1xx_s.o(.text)
    TIM6_IRQHandler                          0x0000048b   Thumb Code     0  startup_hhd32f1xx_s.o(.text)
    TIM7_IRQHandler                          0x0000048b   Thumb Code     0  startup_hhd32f1xx_s.o(.text)
    TIM8FAULT_TIM12_IRQHandler               0x0000048b   Thumb Code     0  startup_hhd32f1xx_s.o(.text)
    TIM8_IRQHandler                          0x0000048b   Thumb Code     0  startup_hhd32f1xx_s.o(.text)
    UART1_IRQHandler                         0x0000048b   Thumb Code     0  startup_hhd32f1xx_s.o(.text)
    UART2_IRQHandler                         0x0000048b   Thumb Code     0  startup_hhd32f1xx_s.o(.text)
    UART3_IRQHandler                         0x0000048b   Thumb Code     0  startup_hhd32f1xx_s.o(.text)
    UART4_IRQHandler                         0x0000048b   Thumb Code     0  startup_hhd32f1xx_s.o(.text)
    UART5_IRQHandler                         0x0000048b   Thumb Code     0  startup_hhd32f1xx_s.o(.text)
    USBWAKEUP_IRQHandler                     0x0000048b   Thumb Code     0  startup_hhd32f1xx_s.o(.text)
    USB_IRQHandler                           0x0000048b   Thumb Code     0  startup_hhd32f1xx_s.o(.text)
    WWDT_IRQHandler                          0x0000048b   Thumb Code     0  startup_hhd32f1xx_s.o(.text)
    __user_initial_stackheap                 0x0000048d   Thumb Code     0  startup_hhd32f1xx_s.o(.text)
    SYS_SystemInitial                        0x000004ad   Thumb Code    22  hhd_sys.o(.text)
    SYS_SelectMainClkSrc                     0x000004c3   Thumb Code    68  hhd_sys.o(.text)
    SYS_SetAHBClkDivider                     0x00000507   Thumb Code    22  hhd_sys.o(.text)
    SYS_SelectWDTClkSrc                      0x0000051d   Thumb Code    38  hhd_sys.o(.text)
    SYS_SelectClkOutSrc                      0x00000543   Thumb Code    88  hhd_sys.o(.text)
    SYS_SetClkOutDivider                     0x0000059b   Thumb Code    16  hhd_sys.o(.text)
    SYS_EnableClkOut                         0x000005ab   Thumb Code    10  hhd_sys.o(.text)
    SYS_DisableClkOut                        0x000005b5   Thumb Code    24  hhd_sys.o(.text)
    SYS_SetIOFilter                          0x000005cd   Thumb Code    16  hhd_sys.o(.text)
    SYS_PowerDownAngIP                       0x000005dd   Thumb Code    16  hhd_sys.o(.text)
    SYS_PowerUpAngIP                         0x000005ed   Thumb Code    16  hhd_sys.o(.text)
    SYS_EnablePhrClk                         0x000005fd   Thumb Code    44  hhd_sys.o(.text)
    SYS_DisablePhrClk                        0x00000629   Thumb Code    16  hhd_sys.o(.text)
    SYS_ResetPhr                             0x00000639   Thumb Code    58  hhd_sys.o(.text)
    SYS_ResetSystem                          0x00000673   Thumb Code    30  hhd_sys.o(.text)
    SYS_BODResetSystem                       0x00000691   Thumb Code    56  hhd_sys.o(.text)
    SYS_GetResetStatus                       0x000006c9   Thumb Code     6  hhd_sys.o(.text)
    SYS_ClearResetStatus                     0x000006cf   Thumb Code     8  hhd_sys.o(.text)
    SYS_EnterSleep                           0x000006d7   Thumb Code    32  hhd_sys.o(.text)
    SYS_SetDeepSleepWakeupPin                0x000006f7   Thumb Code    64  hhd_sys.o(.text)
    SYS_ResetDeepSleepWakeupPin              0x00000737   Thumb Code    18  hhd_sys.o(.text)
    SYS_EnterDeepSleep                       0x00000749   Thumb Code   164  hhd_sys.o(.text)
    SYS_EnterPowerDown                       0x000007ed   Thumb Code   106  hhd_sys.o(.text)
    SYS_IOConfig                             0x00000857   Thumb Code     4  hhd_sys.o(.text)
    SYS_IOSetPullup                          0x0000085b   Thumb Code    20  hhd_sys.o(.text)
    SYS_IOSetPulldown                        0x0000086f   Thumb Code    20  hhd_sys.o(.text)
    SYS_IOEnableFilter                       0x00000883   Thumb Code    86  hhd_sys.o(.text)
    SYS_IODisableFilter                      0x000008d9   Thumb Code    10  hhd_sys.o(.text)
    GPIO_ConfigPinsAsInput                   0x000008e5   Thumb Code     8  hhd_gpio.o(.text)
    GPIO_ConfigPinsAsOutput                  0x000008ed   Thumb Code     4  hhd_gpio.o(.text)
    GPIO_SetPin                              0x000008f1   Thumb Code     8  hhd_gpio.o(.text)
    GPIO_ResetPin                            0x000008f9   Thumb Code     8  hhd_gpio.o(.text)
    GPIO_InvertOutPin                        0x00000901   Thumb Code     8  hhd_gpio.o(.text)
    GPIO_GetPinState                         0x00000909   Thumb Code    16  hhd_gpio.o(.text)
    GPIO_GetPortState                        0x00000919   Thumb Code     8  hhd_gpio.o(.text)
    GPIO_SetPortMask                         0x00000921   Thumb Code     8  hhd_gpio.o(.text)
    GPIO_ResetPortMask                       0x00000929   Thumb Code     8  hhd_gpio.o(.text)
    GPIO_ReadPort                            0x00000931   Thumb Code     8  hhd_gpio.o(.text)
    GPIO_WritePort                           0x00000939   Thumb Code     4  hhd_gpio.o(.text)
    GPIO_EnableInt                           0x0000093d   Thumb Code   464  hhd_gpio.o(.text)
    GPIO_ClrIntflag                          0x00000b0d   Thumb Code    16  hhd_gpio.o(.text)
    GPIO_DisableInt                          0x00000b1d   Thumb Code   244  hhd_gpio.o(.text)
    dly1us                                   0x00000c69   Thumb Code    12  main.o(.text)
    main                                     0x00000c75   Thumb Code    60  main.o(.text)
    __use_two_region_memory                  0x00000cc1   Thumb Code     2  heapauxi.o(.text)
    __rt_heap_escrow$2region                 0x00000cc3   Thumb Code     2  heapauxi.o(.text)
    __rt_heap_expand$2region                 0x00000cc5   Thumb Code     2  heapauxi.o(.text)
    __user_setup_stackheap                   0x00000cc7   Thumb Code    74  sys_stackheap_outer.o(.text)
    exit                                     0x00000d11   Thumb Code    12  exit.o(.text)
    __user_libspace                          0x00000d1d   Thumb Code     8  libspace.o(.text)
    __user_perproc_libspace                  0x00000d1d   Thumb Code     0  libspace.o(.text)
    __user_perthread_libspace                0x00000d1d   Thumb Code     0  libspace.o(.text)
    _sys_exit                                0x00000d25   Thumb Code     8  sys_exit.o(.text)
    __I$use$semihosting                      0x00000d31   Thumb Code     0  use_no_semi.o(.text)
    __use_no_semihosting_swi                 0x00000d31   Thumb Code     2  use_no_semi.o(.text)
    __semihosting_library_function           0x00000d33   Thumb Code     0  indicate_semi.o(.text)
    Region$$Table$$Base                      0x00000d34   Number         0  anon$$obj.o(Region$$Table)
    Region$$Table$$Limit                     0x00000d54   Number         0  anon$$obj.o(Region$$Table)
    SystemCoreClock                          0x20000000   Data           4  system_hhd32f1xx.o(.data)
    MainClock                                0x20000004   Data           4  system_hhd32f1xx.o(.data)
    APB1Clock                                0x20000008   Data           4  system_hhd32f1xx.o(.data)
    APB2Clock                                0x2000000c   Data           4  system_hhd32f1xx.o(.data)
    __libspace_start                         0x20000010   Data          96  libspace.o(.bss)
    __temporary_stack_top$libspace           0x20000070   Data           0  libspace.o(.bss)



==============================================================================

Memory Map of the image

  Image Entry point : 0x00000135

  Load Region LR_IROM1 (Base: 0x00000000, Size: 0x00000d64, Max: 0x00010000, ABSOLUTE)

    Execution Region ER_IROM1 (Base: 0x00000000, Size: 0x00000d54, Max: 0x00010000, ABSOLUTE)

    Base Addr    Size         Type   Attr      Idx    E Section Name        Object

    0x00000000   0x00000134   Data   RO           44    RESET               startup_hhd32f1xx_s.o
    0x00000134   0x00000008   Code   RO          110  * !!!main             c_w.l(__main.o)
    0x0000013c   0x00000034   Code   RO          264    !!!scatter          c_w.l(__scatter.o)
    0x00000170   0x0000001a   Code   RO          266    !!handler_copy      c_w.l(__scatter_copy.o)
    0x0000018a   0x00000002   PAD
    0x0000018c   0x0000001c   Code   RO          268    !!handler_zi        c_w.l(__scatter_zi.o)
    0x000001a8   0x00000002   Code   RO          137    .ARM.Collect$$libinit$$00000000  c_w.l(libinit.o)
    0x000001aa   0x00000000   Code   RO          144    .ARM.Collect$$libinit$$00000002  c_w.l(libinit2.o)
    0x000001aa   0x00000000   Code   RO          147    .ARM.Collect$$libinit$$00000008  c_w.l(libinit2.o)
    0x000001aa   0x00000000   Code   RO          149    .ARM.Collect$$libinit$$0000000A  c_w.l(libinit2.o)
    0x000001aa   0x00000000   Code   RO          151    .ARM.Collect$$libinit$$0000000C  c_w.l(libinit2.o)
    0x000001aa   0x00000000   Code   RO          154    .ARM.Collect$$libinit$$0000000F  c_w.l(libinit2.o)
    0x000001aa   0x00000000   Code   RO          156    .ARM.Collect$$libinit$$00000011  c_w.l(libinit2.o)
    0x000001aa   0x00000000   Code   RO          158    .ARM.Collect$$libinit$$00000013  c_w.l(libinit2.o)
    0x000001aa   0x00000000   Code   RO          160    .ARM.Collect$$libinit$$00000015  c_w.l(libinit2.o)
    0x000001aa   0x00000000   Code   RO          162    .ARM.Collect$$libinit$$00000017  c_w.l(libinit2.o)
    0x000001aa   0x00000000   Code   RO          164    .ARM.Collect$$libinit$$00000019  c_w.l(libinit2.o)
    0x000001aa   0x00000000   Code   RO          166    .ARM.Collect$$libinit$$0000001B  c_w.l(libinit2.o)
    0x000001aa   0x00000000   Code   RO          168    .ARM.Collect$$libinit$$0000001D  c_w.l(libinit2.o)
    0x000001aa   0x00000000   Code   RO          170    .ARM.Collect$$libinit$$0000001F  c_w.l(libinit2.o)
    0x000001aa   0x00000000   Code   RO          172    .ARM.Collect$$libinit$$00000021  c_w.l(libinit2.o)
    0x000001aa   0x00000000   Code   RO          174    .ARM.Collect$$libinit$$00000023  c_w.l(libinit2.o)
    0x000001aa   0x00000000   Code   RO          178    .ARM.Collect$$libinit$$0000002A  c_w.l(libinit2.o)
    0x000001aa   0x00000000   Code   RO          180    .ARM.Collect$$libinit$$0000002C  c_w.l(libinit2.o)
    0x000001aa   0x00000000   Code   RO          182    .ARM.Collect$$libinit$$0000002E  c_w.l(libinit2.o)
    0x000001aa   0x00000000   Code   RO          184    .ARM.Collect$$libinit$$00000030  c_w.l(libinit2.o)
    0x000001aa   0x00000002   Code   RO          185    .ARM.Collect$$libinit$$00000031  c_w.l(libinit2.o)
    0x000001ac   0x00000002   Code   RO          205    .ARM.Collect$$libshutdown$$00000000  c_w.l(libshutdown.o)
    0x000001ae   0x00000000   Code   RO          219    .ARM.Collect$$libshutdown$$00000003  c_w.l(libshutdown2.o)
    0x000001ae   0x00000000   Code   RO          222    .ARM.Collect$$libshutdown$$00000006  c_w.l(libshutdown2.o)
    0x000001ae   0x00000000   Code   RO          225    .ARM.Collect$$libshutdown$$00000009  c_w.l(libshutdown2.o)
    0x000001ae   0x00000000   Code   RO          227    .ARM.Collect$$libshutdown$$0000000B  c_w.l(libshutdown2.o)
    0x000001ae   0x00000000   Code   RO          230    .ARM.Collect$$libshutdown$$0000000E  c_w.l(libshutdown2.o)
    0x000001ae   0x00000002   Code   RO          231    .ARM.Collect$$libshutdown$$0000000F  c_w.l(libshutdown2.o)
    0x000001b0   0x00000000   Code   RO          112    .ARM.Collect$$rtentry$$00000000  c_w.l(rtentry.o)
    0x000001b0   0x00000000   Code   RO          114    .ARM.Collect$$rtentry$$00000002  c_w.l(rtentry2.o)
    0x000001b0   0x00000006   Code   RO          126    .ARM.Collect$$rtentry$$00000004  c_w.l(rtentry4.o)
    0x000001b6   0x00000000   Code   RO          116    .ARM.Collect$$rtentry$$00000009  c_w.l(rtentry2.o)
    0x000001b6   0x00000004   Code   RO          117    .ARM.Collect$$rtentry$$0000000A  c_w.l(rtentry2.o)
    0x000001ba   0x00000000   Code   RO          119    .ARM.Collect$$rtentry$$0000000C  c_w.l(rtentry2.o)
    0x000001ba   0x00000008   Code   RO          120    .ARM.Collect$$rtentry$$0000000D  c_w.l(rtentry2.o)
    0x000001c2   0x00000002   Code   RO          141    .ARM.Collect$$rtexit$$00000000  c_w.l(rtexit.o)
    0x000001c4   0x00000000   Code   RO          187    .ARM.Collect$$rtexit$$00000002  c_w.l(rtexit2.o)
    0x000001c4   0x00000004   Code   RO          188    .ARM.Collect$$rtexit$$00000003  c_w.l(rtexit2.o)
    0x000001c8   0x00000006   Code   RO          189    .ARM.Collect$$rtexit$$00000004  c_w.l(rtexit2.o)
    0x000001ce   0x00000002   PAD
    0x000001d0   0x000002a4   Code   RO           17    .text               system_hhd32f1xx.o
    0x00000474   0x00000038   Code   RO           45    .text               startup_hhd32f1xx_s.o
    0x000004ac   0x00000436   Code   RO           49    .text               hhd_sys.o
    0x000008e2   0x00000002   PAD
    0x000008e4   0x00000384   Code   RO           75    .text               hhd_gpio.o
    0x00000c68   0x00000058   Code   RO           94    .text               main.o
    0x00000cc0   0x00000006   Code   RO          108    .text               c_w.l(heapauxi.o)
    0x00000cc6   0x0000004a   Code   RO          128    .text               c_w.l(sys_stackheap_outer.o)
    0x00000d10   0x0000000c   Code   RO          130    .text               c_w.l(exit.o)
    0x00000d1c   0x00000008   Code   RO          138    .text               c_w.l(libspace.o)
    0x00000d24   0x0000000c   Code   RO          197    .text               c_w.l(sys_exit.o)
    0x00000d30   0x00000002   Code   RO          208    .text               c_w.l(use_no_semi.o)
    0x00000d32   0x00000000   Code   RO          210    .text               c_w.l(indicate_semi.o)
    0x00000d32   0x00000002   PAD
    0x00000d34   0x00000020   Data   RO          262    Region$$Table       anon$$obj.o


    Execution Region RW_IRAM1 (Base: 0x20000000, Size: 0x00000670, Max: 0x00002000, ABSOLUTE)

    Base Addr    Size         Type   Attr      Idx    E Section Name        Object

    0x20000000   0x00000010   Data   RW           18    .data               system_hhd32f1xx.o
    0x20000010   0x00000060   Zero   RW          139    .bss                c_w.l(libspace.o)
    0x20000070   0x00000200   Zero   RW           43    HEAP                startup_hhd32f1xx_s.o
    0x20000270   0x00000400   Zero   RW           42    STACK               startup_hhd32f1xx_s.o


==============================================================================

Image component sizes


      Code (inc. data)   RO Data    RW Data    ZI Data      Debug   Object Name

         0          0          0          0          0       4276   core_cm3.o
       900         46          0          0          0      24147   hhd_gpio.o
      1078         78          0          0          0      34373   hhd_sys.o
        88         16          0          0          0        626   main.o
        56         22        308          0       1536        916   startup_hhd32f1xx_s.o
       676         64          0         16          0      14271   system_hhd32f1xx.o

    ----------------------------------------------------------------------
      2800        226        340         16       1536      78609   Object Totals
         0          0         32          0          0          0   (incl. Generated)
         2          0          0          0          0          0   (incl. Padding)

    ----------------------------------------------------------------------

      Code (inc. data)   RO Data    RW Data    ZI Data      Debug   Library Member Name

         8          0          0          0          0         68   __main.o
        52          8          0          0          0          0   __scatter.o
        26          0          0          0          0          0   __scatter_copy.o
        28          0          0          0          0          0   __scatter_zi.o
        12          0          0          0          0         72   exit.o
         6          0          0          0          0        152   heapauxi.o
         0          0          0          0          0          0   indicate_semi.o
         2          0          0          0          0          0   libinit.o
         2          0          0          0          0          0   libinit2.o
         2          0          0          0          0          0   libshutdown.o
         2          0          0          0          0          0   libshutdown2.o
         8          4          0          0         96         68   libspace.o
         0          0          0          0          0          0   rtentry.o
        12          0          0          0          0          0   rtentry2.o
         6          0          0          0          0          0   rtentry4.o
         2          0          0          0          0          0   rtexit.o
        10          0          0          0          0          0   rtexit2.o
        12          4          0          0          0         68   sys_exit.o
        74          0          0          0          0         80   sys_stackheap_outer.o
         2          0          0          0          0         68   use_no_semi.o

    ----------------------------------------------------------------------
       272         16          0          0         96        576   Library Totals
         6          0          0          0          0          0   (incl. Padding)

    ----------------------------------------------------------------------

      Code (inc. data)   RO Data    RW Data    ZI Data      Debug   Library Name

       266         16          0          0         96        576   c_w.l

    ----------------------------------------------------------------------
       272         16          0          0         96        576   Library Totals

    ----------------------------------------------------------------------

==============================================================================


      Code (inc. data)   RO Data    RW Data    ZI Data      Debug   

      3072        242        340         16       1632      78509   Grand Totals
      3072        242        340         16       1632      78509   ELF Image Totals
      3072        242        340         16          0          0   ROM Totals

==============================================================================

    Total RO  Size (Code + RO Data)                 3412 (   3.33kB)
    Total RW  Size (RW Data + ZI Data)              1648 (   1.61kB)
    Total ROM Size (Code + RO Data + RW Data)       3428 (   3.35kB)

==============================================================================

