<html>
<body>
<pre>
<h1>µVision Build Log</h1>
<h2>Project:</h2>
F:\work\G32F0xx\library\LIB\Library\G32F0xx_examples\SPIFlash\demo.uvproj
Project File Date:  11/16/2015

<h2>Output:</h2>
Rebuild target 'Run In Flash'
compiling system_G32F0xx.c...
assembling startup_G32F0xx_s.s...
compiling gt_sys.c...
compiling gt_spi.c...
compiling main.c...
compiling gt_spiflash.c...
linking...
Program Size: Code=2904 RO-data=224 RW-data=8 ZI-data=864  
".\myapp\obj\demo.axf" - 0 Error(s), 0 Warning(s).
Rebuild target 'Run In Flash'
compiling system_G32F0xx.c...
assembling startup_G32F0xx_s.s...
compiling gt_sys.c...
compiling gt_spi.c...
compiling main.c...
compiling gt_spiflash.c...
linking...
Program Size: Code=2904 RO-data=224 RW-data=8 ZI-data=864  
".\myapp\obj\demo.axf" - 0 Error(s), 0 Warning(s).
Rebuild target 'Run In Flash'
compiling system_G32F0xx.c...
assembling startup_G32F0xx_s.s...
compiling gt_sys.c...
compiling gt_spi.c...
compiling main.c...
compiling gt_spiflash.c...
linking...
Program Size: Code=2904 RO-data=224 RW-data=8 ZI-data=864  
".\myapp\obj\demo.axf" - 0 Error(s), 0 Warning(s).
