<html>
<body>
<pre>
<h1>礦ision Build Log</h1>
<h2>Project:</h2>
E:\汪魁工作档案\工作目录\设计资料\研制类产品\MCU\32F103\3 软件\DeBug\hhd32f103_Library_release20170702\Library\HHD32F1xx_examples\RTC(Test)\demo.uvproj
Project File Date:  07/13/2017

<h2>Output:</h2>
Rebuild target 'Run In Flash'
compiling core_cm3.c...
compiling system_HHD32F1xx.c...
assembling startup_HHD32F1xx_s.s...
compiling hhd_gpio.c...
compiling hhd_sys.c...
compiling hhd_rtc.c...
..\..\HHD32F1xx_library\Drivers\include\hhd_rtc.h(85): error:  #256: invalid redeclaration of type name "HHD_RTC_TypeDef" (declared at line 472 of "..\..\HHD32F1xx_library\Core\CM3\DeviceSupport\HHD32F1xx\hhd32f1xx.h")
compiling main.c...
myapp\src\main.c(3): error:  #5: cannot open source input file "g32f1xx.h": No such file or directory
Target not created
Rebuild target 'Run In Flash'
compiling core_cm3.c...
compiling system_HHD32F1xx.c...
assembling startup_HHD32F1xx_s.s...
compiling hhd_gpio.c...
compiling hhd_sys.c...
compiling hhd_rtc.c...
compiling main.c...
myapp\src\main.c(3): error:  #5: cannot open source input file "g32f1xx.h": No such file or directory
Target not created
Rebuild target 'Run In Flash'
compiling core_cm3.c...
compiling system_HHD32F1xx.c...
assembling startup_HHD32F1xx_s.s...
compiling hhd_gpio.c...
compiling hhd_sys.c...
compiling hhd_rtc.c...
compiling main.c...
linking...
Program Size: Code=3508 RO-data=340 RW-data=16 ZI-data=1024  
FromELF: creating hex file...
".\myapp\obj\demo.axf" - 0 Error(s), 0 Warning(s).
Load "E:\\汪魁工作档案\\工作目录\\设计资料\\研制类产品\\MCU\\32F103\\3 软件\\DeBug\\hhd32f103_Library_release20170702\\Library\\HHD32F1xx_examples\\RTC(Test)\\myapp\\obj\\demo.AXF" 
Set JLink Project File to "E:\汪魁工作档案\工作目录\设计资料\研制类产品\MCU\32F103\3 软件\DeBug\hhd32f103_Library_release20170702\Library\HHD32F1xx_examples\RTC(Test)\JLinkSettings.ini"
 
JLink info:
------------
DLL: V4.40c, compiled Jan 24 2012 09:30:33
Firmware: J-Link ARM V8 compiled Dec  6 2011 18:57:44
Hardware: V8.00
Feature(s) : RDI,FlashDL,FlasGDBFULLash,GDBFULL 
 
* JLink Info: Found SWD-DP with ID 0x2BA01477
* JLink Info: TPIU fitted.
* JLink Info: ETM fitted.
* JLink Info:   FPUnit: 6 code (BP) slots and 2 literal slots
* JLink Info: Found Cortex-M3 r2p0, Little endian.
ROMTableAddr = 0xE00FF003
* JLink Info: Found SWD-DP with ID 0x2BA01477
* JLink Info: TPIU fitted.
* JLink Info: ETM fitted.
* JLink Info:   FPUnit: 6 code (BP) slots and 2 literal slots
* JLink Info: Found Cortex-M3 r2p0, Little endian.
 
Target info:
------------
Device: Cortex-M3
VTarget = 3.325V
State of Pins: 
TCK: 0, TDI: 1, TDO: 1, TMS: 0, TRES: 1, TRST: 1
Hardware-Breakpoints: 6
Software-Breakpoints: 8192
Watchpoints:          4
JTAG speed: 1000 kHz
 
Erase Done.
Programming Done.
Verify OK.
* JLink Info: Found SWD-DP with ID 0x2BA01477
* JLink Info: TPIU fitted.
* JLink Info: ETM fitted.
* JLink Info:   FPUnit: 6 code (BP) slots and 2 literal slots
* JLink Info: Found Cortex-M3 r2p0, Little endian.
Application running ...
