ARM Linker, 5.03 [Build 24] [MDK-ARM Professional]

==============================================================================

Section Cross References

    system_hhd32f1xx.o(.text) refers to system_hhd32f1xx.o(.data) for SystemCoreClock
    startup_hhd32f1xx_s.o(RESET) refers to startup_hhd32f1xx_s.o(STACK) for __initial_sp
    startup_hhd32f1xx_s.o(RESET) refers to startup_hhd32f1xx_s.o(.text) for Reset_Handler
    startup_hhd32f1xx_s.o(RESET) refers to main.o(.text) for CAN_IRQHandler
    startup_hhd32f1xx_s.o(RESET) refers to usart_user.o(.text) for UART1_IRQHandler
    startup_hhd32f1xx_s.o(.text) refers to entry.o(.ARM.Collect$$$$00000000) for __main
    hhd_sys.o(.text) refers to system_hhd32f1xx.o(.text) for SystemInit
    usart_user.o(.text) refers to hhd_uart.o(.text) for UART_Open
    usart_user.o(.text) refers to system_user.o(.text) for delay_us
    usart_user.o(.text) refers to printf5.o(i.__0printf$5) for __2printf
    usart_user.o(.text) refers to usart_user.o(.bss) for __frame_r
    hhd_uart.o(.text) refers to system_hhd32f1xx.o(.data) for MainClock
    main.o(.text) refers to printf5.o(i.__0printf$5) for __2printf
    main.o(.text) refers to hhd_can.o(.text) for CAN_SetCMD
    main.o(.text) refers to hhd_sys.o(.text) for SYS_SystemInitial
    main.o(.text) refers to usart_user.o(.text) for USART_Configuration
    entry.o(.ARM.Collect$$$$00000000) refers (Special) to entry10a.o(.ARM.Collect$$$$0000000D) for __rt_final_cpp
    entry.o(.ARM.Collect$$$$00000000) refers (Special) to entry11a.o(.ARM.Collect$$$$0000000F) for __rt_final_exit
    entry.o(.ARM.Collect$$$$00000000) refers (Special) to entry7b.o(.ARM.Collect$$$$00000008) for _main_clock
    entry.o(.ARM.Collect$$$$00000000) refers (Special) to entry8b.o(.ARM.Collect$$$$0000000A) for _main_cpp_init
    entry.o(.ARM.Collect$$$$00000000) refers (Special) to entry9a.o(.ARM.Collect$$$$0000000B) for _main_init
    entry.o(.ARM.Collect$$$$00000000) refers (Special) to entry5.o(.ARM.Collect$$$$00000004) for _main_scatterload
    entry.o(.ARM.Collect$$$$00000000) refers (Special) to entry2.o(.ARM.Collect$$$$00000001) for _main_stk
    printfb.o(i.__0fprintf$bare) refers to printfb.o(i._printf_core) for _printf_core
    printfb.o(i.__0fprintf$bare) refers to usart_user.o(.text) for fputc
    printfb.o(i.__0printf$bare) refers to printfb.o(i._printf_core) for _printf_core
    printfb.o(i.__0printf$bare) refers to usart_user.o(.text) for fputc
    printfb.o(i.__0printf$bare) refers to stdout.o(.data) for __stdout
    printfb.o(i.__0snprintf$bare) refers to printfb.o(i._printf_core) for _printf_core
    printfb.o(i.__0snprintf$bare) refers to printfb.o(i._snputc) for _snputc
    printfb.o(i.__0sprintf$bare) refers to printfb.o(i._printf_core) for _printf_core
    printfb.o(i.__0sprintf$bare) refers to printfb.o(i._sputc) for _sputc
    printfb.o(i.__0vfprintf$bare) refers to printfb.o(i._printf_core) for _printf_core
    printfb.o(i.__0vfprintf$bare) refers to usart_user.o(.text) for fputc
    printfb.o(i.__0vprintf$bare) refers to printfb.o(i._printf_core) for _printf_core
    printfb.o(i.__0vprintf$bare) refers to usart_user.o(.text) for fputc
    printfb.o(i.__0vprintf$bare) refers to stdout.o(.data) for __stdout
    printfb.o(i.__0vsnprintf$bare) refers to printfb.o(i._printf_core) for _printf_core
    printfb.o(i.__0vsnprintf$bare) refers to printfb.o(i._snputc) for _snputc
    printfb.o(i.__0vsprintf$bare) refers to printfb.o(i._printf_core) for _printf_core
    printfb.o(i.__0vsprintf$bare) refers to printfb.o(i._sputc) for _sputc
    printf0.o(i.__0fprintf$0) refers to printf0.o(i._printf_core) for _printf_core
    printf0.o(i.__0fprintf$0) refers to usart_user.o(.text) for fputc
    printf0.o(i.__0printf$0) refers to printf0.o(i._printf_core) for _printf_core
    printf0.o(i.__0printf$0) refers to usart_user.o(.text) for fputc
    printf0.o(i.__0printf$0) refers to stdout.o(.data) for __stdout
    printf0.o(i.__0snprintf$0) refers to printf0.o(i._printf_core) for _printf_core
    printf0.o(i.__0snprintf$0) refers to printf0.o(i._snputc) for _snputc
    printf0.o(i.__0sprintf$0) refers to printf0.o(i._printf_core) for _printf_core
    printf0.o(i.__0sprintf$0) refers to printf0.o(i._sputc) for _sputc
    printf0.o(i.__0vfprintf$0) refers to printf0.o(i._printf_core) for _printf_core
    printf0.o(i.__0vfprintf$0) refers to usart_user.o(.text) for fputc
    printf0.o(i.__0vprintf$0) refers to printf0.o(i._printf_core) for _printf_core
    printf0.o(i.__0vprintf$0) refers to usart_user.o(.text) for fputc
    printf0.o(i.__0vprintf$0) refers to stdout.o(.data) for __stdout
    printf0.o(i.__0vsnprintf$0) refers to printf0.o(i._printf_core) for _printf_core
    printf0.o(i.__0vsnprintf$0) refers to printf0.o(i._snputc) for _snputc
    printf0.o(i.__0vsprintf$0) refers to printf0.o(i._printf_core) for _printf_core
    printf0.o(i.__0vsprintf$0) refers to printf0.o(i._sputc) for _sputc
    printf1.o(i.__0fprintf$1) refers to printf1.o(i._printf_core) for _printf_core
    printf1.o(i.__0fprintf$1) refers to usart_user.o(.text) for fputc
    printf1.o(i.__0printf$1) refers to printf1.o(i._printf_core) for _printf_core
    printf1.o(i.__0printf$1) refers to usart_user.o(.text) for fputc
    printf1.o(i.__0printf$1) refers to stdout.o(.data) for __stdout
    printf1.o(i.__0snprintf$1) refers to printf1.o(i._printf_core) for _printf_core
    printf1.o(i.__0snprintf$1) refers to printf1.o(i._snputc) for _snputc
    printf1.o(i.__0sprintf$1) refers to printf1.o(i._printf_core) for _printf_core
    printf1.o(i.__0sprintf$1) refers to printf1.o(i._sputc) for _sputc
    printf1.o(i.__0vfprintf$1) refers to printf1.o(i._printf_core) for _printf_core
    printf1.o(i.__0vfprintf$1) refers to usart_user.o(.text) for fputc
    printf1.o(i.__0vprintf$1) refers to printf1.o(i._printf_core) for _printf_core
    printf1.o(i.__0vprintf$1) refers to usart_user.o(.text) for fputc
    printf1.o(i.__0vprintf$1) refers to stdout.o(.data) for __stdout
    printf1.o(i.__0vsnprintf$1) refers to printf1.o(i._printf_core) for _printf_core
    printf1.o(i.__0vsnprintf$1) refers to printf1.o(i._snputc) for _snputc
    printf1.o(i.__0vsprintf$1) refers to printf1.o(i._printf_core) for _printf_core
    printf1.o(i.__0vsprintf$1) refers to printf1.o(i._sputc) for _sputc
    printf1.o(i._printf_core) refers to uidiv.o(.text) for __aeabi_uidivmod
    printf2.o(i.__0fprintf$2) refers to printf2.o(i._printf_core) for _printf_core
    printf2.o(i.__0fprintf$2) refers to usart_user.o(.text) for fputc
    printf2.o(i.__0printf$2) refers to printf2.o(i._printf_core) for _printf_core
    printf2.o(i.__0printf$2) refers to usart_user.o(.text) for fputc
    printf2.o(i.__0printf$2) refers to stdout.o(.data) for __stdout
    printf2.o(i.__0snprintf$2) refers to printf2.o(i._printf_core) for _printf_core
    printf2.o(i.__0snprintf$2) refers to printf2.o(i._snputc) for _snputc
    printf2.o(i.__0sprintf$2) refers to printf2.o(i._printf_core) for _printf_core
    printf2.o(i.__0sprintf$2) refers to printf2.o(i._sputc) for _sputc
    printf2.o(i.__0vfprintf$2) refers to printf2.o(i._printf_core) for _printf_core
    printf2.o(i.__0vfprintf$2) refers to usart_user.o(.text) for fputc
    printf2.o(i.__0vprintf$2) refers to printf2.o(i._printf_core) for _printf_core
    printf2.o(i.__0vprintf$2) refers to usart_user.o(.text) for fputc
    printf2.o(i.__0vprintf$2) refers to stdout.o(.data) for __stdout
    printf2.o(i.__0vsnprintf$2) refers to printf2.o(i._printf_core) for _printf_core
    printf2.o(i.__0vsnprintf$2) refers to printf2.o(i._snputc) for _snputc
    printf2.o(i.__0vsprintf$2) refers to printf2.o(i._printf_core) for _printf_core
    printf2.o(i.__0vsprintf$2) refers to printf2.o(i._sputc) for _sputc
    printf3.o(i.__0fprintf$3) refers to printf3.o(i._printf_core) for _printf_core
    printf3.o(i.__0fprintf$3) refers to usart_user.o(.text) for fputc
    printf3.o(i.__0printf$3) refers to printf3.o(i._printf_core) for _printf_core
    printf3.o(i.__0printf$3) refers to usart_user.o(.text) for fputc
    printf3.o(i.__0printf$3) refers to stdout.o(.data) for __stdout
    printf3.o(i.__0snprintf$3) refers to printf3.o(i._printf_core) for _printf_core
    printf3.o(i.__0snprintf$3) refers to printf3.o(i._snputc) for _snputc
    printf3.o(i.__0sprintf$3) refers to printf3.o(i._printf_core) for _printf_core
    printf3.o(i.__0sprintf$3) refers to printf3.o(i._sputc) for _sputc
    printf3.o(i.__0vfprintf$3) refers to printf3.o(i._printf_core) for _printf_core
    printf3.o(i.__0vfprintf$3) refers to usart_user.o(.text) for fputc
    printf3.o(i.__0vprintf$3) refers to printf3.o(i._printf_core) for _printf_core
    printf3.o(i.__0vprintf$3) refers to usart_user.o(.text) for fputc
    printf3.o(i.__0vprintf$3) refers to stdout.o(.data) for __stdout
    printf3.o(i.__0vsnprintf$3) refers to printf3.o(i._printf_core) for _printf_core
    printf3.o(i.__0vsnprintf$3) refers to printf3.o(i._snputc) for _snputc
    printf3.o(i.__0vsprintf$3) refers to printf3.o(i._printf_core) for _printf_core
    printf3.o(i.__0vsprintf$3) refers to printf3.o(i._sputc) for _sputc
    printf3.o(i._printf_core) refers to uidiv.o(.text) for __aeabi_uidivmod
    printf4.o(i.__0fprintf$4) refers to printf4.o(i._printf_core) for _printf_core
    printf4.o(i.__0fprintf$4) refers to usart_user.o(.text) for fputc
    printf4.o(i.__0printf$4) refers to printf4.o(i._printf_core) for _printf_core
    printf4.o(i.__0printf$4) refers to usart_user.o(.text) for fputc
    printf4.o(i.__0printf$4) refers to stdout.o(.data) for __stdout
    printf4.o(i.__0snprintf$4) refers to printf4.o(i._printf_core) for _printf_core
    printf4.o(i.__0snprintf$4) refers to printf4.o(i._snputc) for _snputc
    printf4.o(i.__0sprintf$4) refers to printf4.o(i._printf_core) for _printf_core
    printf4.o(i.__0sprintf$4) refers to printf4.o(i._sputc) for _sputc
    printf4.o(i.__0vfprintf$4) refers to printf4.o(i._printf_core) for _printf_core
    printf4.o(i.__0vfprintf$4) refers to usart_user.o(.text) for fputc
    printf4.o(i.__0vprintf$4) refers to printf4.o(i._printf_core) for _printf_core
    printf4.o(i.__0vprintf$4) refers to usart_user.o(.text) for fputc
    printf4.o(i.__0vprintf$4) refers to stdout.o(.data) for __stdout
    printf4.o(i.__0vsnprintf$4) refers to printf4.o(i._printf_core) for _printf_core
    printf4.o(i.__0vsnprintf$4) refers to printf4.o(i._snputc) for _snputc
    printf4.o(i.__0vsprintf$4) refers to printf4.o(i._printf_core) for _printf_core
    printf4.o(i.__0vsprintf$4) refers to printf4.o(i._sputc) for _sputc
    printf4.o(i._printf_core) refers to uldiv.o(.text) for __aeabi_uldivmod
    printf5.o(i.__0fprintf$5) refers to printf5.o(i._printf_core) for _printf_core
    printf5.o(i.__0fprintf$5) refers to usart_user.o(.text) for fputc
    printf5.o(i.__0printf$5) refers to printf5.o(i._printf_core) for _printf_core
    printf5.o(i.__0printf$5) refers to usart_user.o(.text) for fputc
    printf5.o(i.__0printf$5) refers to stdout.o(.data) for __stdout
    printf5.o(i.__0snprintf$5) refers to printf5.o(i._printf_core) for _printf_core
    printf5.o(i.__0snprintf$5) refers to printf5.o(i._snputc) for _snputc
    printf5.o(i.__0sprintf$5) refers to printf5.o(i._printf_core) for _printf_core
    printf5.o(i.__0sprintf$5) refers to printf5.o(i._sputc) for _sputc
    printf5.o(i.__0vfprintf$5) refers to printf5.o(i._printf_core) for _printf_core
    printf5.o(i.__0vfprintf$5) refers to usart_user.o(.text) for fputc
    printf5.o(i.__0vprintf$5) refers to printf5.o(i._printf_core) for _printf_core
    printf5.o(i.__0vprintf$5) refers to usart_user.o(.text) for fputc
    printf5.o(i.__0vprintf$5) refers to stdout.o(.data) for __stdout
    printf5.o(i.__0vsnprintf$5) refers to printf5.o(i._printf_core) for _printf_core
    printf5.o(i.__0vsnprintf$5) refers to printf5.o(i._snputc) for _snputc
    printf5.o(i.__0vsprintf$5) refers to printf5.o(i._printf_core) for _printf_core
    printf5.o(i.__0vsprintf$5) refers to printf5.o(i._sputc) for _sputc
    printf5.o(i._printf_core) refers to uldiv.o(.text) for __aeabi_uldivmod
    printf6.o(i.__0fprintf$6) refers to printf6.o(i._printf_core) for _printf_core
    printf6.o(i.__0fprintf$6) refers to usart_user.o(.text) for fputc
    printf6.o(i.__0printf$6) refers to printf6.o(i._printf_core) for _printf_core
    printf6.o(i.__0printf$6) refers to usart_user.o(.text) for fputc
    printf6.o(i.__0printf$6) refers to stdout.o(.data) for __stdout
    printf6.o(i.__0snprintf$6) refers to printf6.o(i._printf_core) for _printf_core
    printf6.o(i.__0snprintf$6) refers to printf6.o(i._snputc) for _snputc
    printf6.o(i.__0sprintf$6) refers to printf6.o(i._printf_core) for _printf_core
    printf6.o(i.__0sprintf$6) refers to printf6.o(i._sputc) for _sputc
    printf6.o(i.__0vfprintf$6) refers to printf6.o(i._printf_core) for _printf_core
    printf6.o(i.__0vfprintf$6) refers to usart_user.o(.text) for fputc
    printf6.o(i.__0vprintf$6) refers to printf6.o(i._printf_core) for _printf_core
    printf6.o(i.__0vprintf$6) refers to usart_user.o(.text) for fputc
    printf6.o(i.__0vprintf$6) refers to stdout.o(.data) for __stdout
    printf6.o(i.__0vsnprintf$6) refers to printf6.o(i._printf_core) for _printf_core
    printf6.o(i.__0vsnprintf$6) refers to printf6.o(i._snputc) for _snputc
    printf6.o(i.__0vsprintf$6) refers to printf6.o(i._printf_core) for _printf_core
    printf6.o(i.__0vsprintf$6) refers to printf6.o(i._sputc) for _sputc
    printf6.o(i._printf_core) refers to printf6.o(i._printf_pre_padding) for _printf_pre_padding
    printf6.o(i._printf_core) refers to uidiv.o(.text) for __aeabi_uidivmod
    printf6.o(i._printf_core) refers to printf6.o(i._printf_post_padding) for _printf_post_padding
    printf7.o(i.__0fprintf$7) refers to printf7.o(i._printf_core) for _printf_core
    printf7.o(i.__0fprintf$7) refers to usart_user.o(.text) for fputc
    printf7.o(i.__0printf$7) refers to printf7.o(i._printf_core) for _printf_core
    printf7.o(i.__0printf$7) refers to usart_user.o(.text) for fputc
    printf7.o(i.__0printf$7) refers to stdout.o(.data) for __stdout
    printf7.o(i.__0snprintf$7) refers to printf7.o(i._printf_core) for _printf_core
    printf7.o(i.__0snprintf$7) refers to printf7.o(i._snputc) for _snputc
    printf7.o(i.__0sprintf$7) refers to printf7.o(i._printf_core) for _printf_core
    printf7.o(i.__0sprintf$7) refers to printf7.o(i._sputc) for _sputc
    printf7.o(i.__0vfprintf$7) refers to printf7.o(i._printf_core) for _printf_core
    printf7.o(i.__0vfprintf$7) refers to usart_user.o(.text) for fputc
    printf7.o(i.__0vprintf$7) refers to printf7.o(i._printf_core) for _printf_core
    printf7.o(i.__0vprintf$7) refers to usart_user.o(.text) for fputc
    printf7.o(i.__0vprintf$7) refers to stdout.o(.data) for __stdout
    printf7.o(i.__0vsnprintf$7) refers to printf7.o(i._printf_core) for _printf_core
    printf7.o(i.__0vsnprintf$7) refers to printf7.o(i._snputc) for _snputc
    printf7.o(i.__0vsprintf$7) refers to printf7.o(i._printf_core) for _printf_core
    printf7.o(i.__0vsprintf$7) refers to printf7.o(i._sputc) for _sputc
    printf7.o(i._printf_core) refers to printf7.o(i._printf_pre_padding) for _printf_pre_padding
    printf7.o(i._printf_core) refers to uldiv.o(.text) for __aeabi_uldivmod
    printf7.o(i._printf_core) refers to printf7.o(i._printf_post_padding) for _printf_post_padding
    printf8.o(i.__0fprintf$8) refers to printf8.o(i._printf_core) for _printf_core
    printf8.o(i.__0fprintf$8) refers to usart_user.o(.text) for fputc
    printf8.o(i.__0printf$8) refers to printf8.o(i._printf_core) for _printf_core
    printf8.o(i.__0printf$8) refers to usart_user.o(.text) for fputc
    printf8.o(i.__0printf$8) refers to stdout.o(.data) for __stdout
    printf8.o(i.__0snprintf$8) refers to printf8.o(i._printf_core) for _printf_core
    printf8.o(i.__0snprintf$8) refers to printf8.o(i._snputc) for _snputc
    printf8.o(i.__0sprintf$8) refers to printf8.o(i._printf_core) for _printf_core
    printf8.o(i.__0sprintf$8) refers to printf8.o(i._sputc) for _sputc
    printf8.o(i.__0vfprintf$8) refers to printf8.o(i._printf_core) for _printf_core
    printf8.o(i.__0vfprintf$8) refers to usart_user.o(.text) for fputc
    printf8.o(i.__0vprintf$8) refers to printf8.o(i._printf_core) for _printf_core
    printf8.o(i.__0vprintf$8) refers to usart_user.o(.text) for fputc
    printf8.o(i.__0vprintf$8) refers to stdout.o(.data) for __stdout
    printf8.o(i.__0vsnprintf$8) refers to printf8.o(i._printf_core) for _printf_core
    printf8.o(i.__0vsnprintf$8) refers to printf8.o(i._snputc) for _snputc
    printf8.o(i.__0vsprintf$8) refers to printf8.o(i._printf_core) for _printf_core
    printf8.o(i.__0vsprintf$8) refers to printf8.o(i._sputc) for _sputc
    printf8.o(i._printf_core) refers to printf8.o(i._printf_pre_padding) for _printf_pre_padding
    printf8.o(i._printf_core) refers to uldiv.o(.text) for __aeabi_uldivmod
    printf8.o(i._printf_core) refers to printf8.o(i._printf_post_padding) for _printf_post_padding
    printfa.o(i.__0fprintf) refers (Special) to iusefp.o(.text) for __I$use$fp
    printfa.o(i.__0fprintf) refers to printfa.o(i._printf_core) for _printf_core
    printfa.o(i.__0fprintf) refers to usart_user.o(.text) for fputc
    printfa.o(i.__0printf) refers (Special) to iusefp.o(.text) for __I$use$fp
    printfa.o(i.__0printf) refers to printfa.o(i._printf_core) for _printf_core
    printfa.o(i.__0printf) refers to usart_user.o(.text) for fputc
    printfa.o(i.__0printf) refers to stdout.o(.data) for __stdout
    printfa.o(i.__0snprintf) refers (Special) to iusefp.o(.text) for __I$use$fp
    printfa.o(i.__0snprintf) refers to printfa.o(i._printf_core) for _printf_core
    printfa.o(i.__0snprintf) refers to printfa.o(i._snputc) for _snputc
    printfa.o(i.__0sprintf) refers (Special) to iusefp.o(.text) for __I$use$fp
    printfa.o(i.__0sprintf) refers to printfa.o(i._printf_core) for _printf_core
    printfa.o(i.__0sprintf) refers to printfa.o(i._sputc) for _sputc
    printfa.o(i.__0vfprintf) refers (Special) to iusefp.o(.text) for __I$use$fp
    printfa.o(i.__0vfprintf) refers to printfa.o(i._printf_core) for _printf_core
    printfa.o(i.__0vfprintf) refers to usart_user.o(.text) for fputc
    printfa.o(i.__0vprintf) refers (Special) to iusefp.o(.text) for __I$use$fp
    printfa.o(i.__0vprintf) refers to printfa.o(i._printf_core) for _printf_core
    printfa.o(i.__0vprintf) refers to usart_user.o(.text) for fputc
    printfa.o(i.__0vprintf) refers to stdout.o(.data) for __stdout
    printfa.o(i.__0vsnprintf) refers (Special) to iusefp.o(.text) for __I$use$fp
    printfa.o(i.__0vsnprintf) refers to printfa.o(i._printf_core) for _printf_core
    printfa.o(i.__0vsnprintf) refers to printfa.o(i._snputc) for _snputc
    printfa.o(i.__0vsprintf) refers (Special) to iusefp.o(.text) for __I$use$fp
    printfa.o(i.__0vsprintf) refers to printfa.o(i._printf_core) for _printf_core
    printfa.o(i.__0vsprintf) refers to printfa.o(i._sputc) for _sputc
    printfa.o(i._fp_digits) refers (Special) to iusefp.o(.text) for __I$use$fp
    printfa.o(i._fp_digits) refers to dmul.o(.text) for __aeabi_dmul
    printfa.o(i._fp_digits) refers to ddiv.o(.text) for __aeabi_ddiv
    printfa.o(i._fp_digits) refers to cdrcmple.o(.text) for __aeabi_cdrcmple
    printfa.o(i._fp_digits) refers to dadd.o(.text) for __aeabi_dadd
    printfa.o(i._fp_digits) refers to dfixul.o(.text) for __aeabi_d2ulz
    printfa.o(i._fp_digits) refers to uldiv.o(.text) for __aeabi_uldivmod
    printfa.o(i._printf_core) refers (Special) to iusefp.o(.text) for __I$use$fp
    printfa.o(i._printf_core) refers to printfa.o(i._printf_pre_padding) for _printf_pre_padding
    printfa.o(i._printf_core) refers to uldiv.o(.text) for __aeabi_uldivmod
    printfa.o(i._printf_core) refers to printfa.o(i._printf_post_padding) for _printf_post_padding
    printfa.o(i._printf_core) refers to printfa.o(i._fp_digits) for _fp_digits
    printfa.o(i._printf_core) refers to uidiv.o(.text) for __aeabi_uidivmod
    printfa.o(i._printf_post_padding) refers (Special) to iusefp.o(.text) for __I$use$fp
    printfa.o(i._printf_pre_padding) refers (Special) to iusefp.o(.text) for __I$use$fp
    printfa.o(i._snputc) refers (Special) to iusefp.o(.text) for __I$use$fp
    printfa.o(i._sputc) refers (Special) to iusefp.o(.text) for __I$use$fp
    entry2.o(.ARM.Collect$$$$00000001) refers to entry2.o(.ARM.Collect$$$$00002712) for __lit__00000000
    entry2.o(.ARM.Collect$$$$00002712) refers to startup_hhd32f1xx_s.o(STACK) for __initial_sp
    entry2.o(__vectab_stack_and_reset_area) refers to startup_hhd32f1xx_s.o(STACK) for __initial_sp
    entry2.o(__vectab_stack_and_reset_area) refers to entry.o(.ARM.Collect$$$$00000000) for __main
    entry5.o(.ARM.Collect$$$$00000004) refers to init.o(.text) for __scatterload
    entry9a.o(.ARM.Collect$$$$0000000B) refers to main.o(.text) for main
    entry9b.o(.ARM.Collect$$$$0000000C) refers to main.o(.text) for main
    uldiv.o(.text) refers to llushr.o(.text) for __aeabi_llsr
    uldiv.o(.text) refers to llshl.o(.text) for __aeabi_llsl
    dadd.o(.text) refers to llshl.o(.text) for __aeabi_llsl
    dadd.o(.text) refers to llsshr.o(.text) for __aeabi_lasr
    dadd.o(.text) refers to depilogue.o(.text) for _double_epilogue
    dmul.o(.text) refers to depilogue.o(.text) for _double_epilogue
    ddiv.o(.text) refers to depilogue.o(.text) for _double_round
    dfixul.o(.text) refers to llushr.o(.text) for __aeabi_llsr
    dfixul.o(.text) refers to llshl.o(.text) for __aeabi_llsl
    init.o(.text) refers to entry5.o(.ARM.Collect$$$$00000004) for __main_after_scatterload
    depilogue.o(.text) refers to llshl.o(.text) for __aeabi_llsl
    depilogue.o(.text) refers to llushr.o(.text) for __aeabi_llsr


==============================================================================

Removing Unused input sections from the image.

    Removing core_cm3.o(.emb_text), (32 bytes).
    Removing startup_hhd32f1xx_s.o(HEAP), (512 bytes).
    Removing usart_user.o(.data), (11 bytes).
    Removing dadd.o(.text), (334 bytes).
    Removing dmul.o(.text), (228 bytes).
    Removing ddiv.o(.text), (222 bytes).
    Removing dfixul.o(.text), (48 bytes).
    Removing cdrcmple.o(.text), (40 bytes).
    Removing depilogue.o(.text), (190 bytes).

9 unused section(s) (total 1617 bytes) removed from the image.

==============================================================================

Image Symbol Table

    Local Symbols

    Symbol Name                              Value     Ov Type        Size  Object(Section)

    RESET                                    0x00000000   Section      308  startup_hhd32f1xx_s.o(RESET)
    ../clib/microlib/division.c              0x00000000   Number         0  uldiv.o ABSOLUTE
    ../clib/microlib/division.c              0x00000000   Number         0  uidiv.o ABSOLUTE
    ../clib/microlib/init/entry.s            0x00000000   Number         0  entry5.o ABSOLUTE
    ../clib/microlib/init/entry.s            0x00000000   Number         0  entry7a.o ABSOLUTE
    ../clib/microlib/init/entry.s            0x00000000   Number         0  entry7b.o ABSOLUTE
    ../clib/microlib/init/entry.s            0x00000000   Number         0  entry11b.o ABSOLUTE
    ../clib/microlib/init/entry.s            0x00000000   Number         0  entry11a.o ABSOLUTE
    ../clib/microlib/init/entry.s            0x00000000   Number         0  entry10b.o ABSOLUTE
    ../clib/microlib/init/entry.s            0x00000000   Number         0  entry10a.o ABSOLUTE
    ../clib/microlib/init/entry.s            0x00000000   Number         0  entry9b.o ABSOLUTE
    ../clib/microlib/init/entry.s            0x00000000   Number         0  entry9a.o ABSOLUTE
    ../clib/microlib/init/entry.s            0x00000000   Number         0  entry8b.o ABSOLUTE
    ../clib/microlib/init/entry.s            0x00000000   Number         0  entry8a.o ABSOLUTE
    ../clib/microlib/init/entry.s            0x00000000   Number         0  entry.o ABSOLUTE
    ../clib/microlib/init/entry.s            0x00000000   Number         0  entry2.o ABSOLUTE
    ../clib/microlib/longlong.c              0x00000000   Number         0  llshl.o ABSOLUTE
    ../clib/microlib/longlong.c              0x00000000   Number         0  llushr.o ABSOLUTE
    ../clib/microlib/longlong.c              0x00000000   Number         0  llsshr.o ABSOLUTE
    ../clib/microlib/printf/printf.c         0x00000000   Number         0  printfa.o ABSOLUTE
    ../clib/microlib/printf/printf.c         0x00000000   Number         0  printf8.o ABSOLUTE
    ../clib/microlib/printf/printf.c         0x00000000   Number         0  printf7.o ABSOLUTE
    ../clib/microlib/printf/printf.c         0x00000000   Number         0  printf6.o ABSOLUTE
    ../clib/microlib/printf/printf.c         0x00000000   Number         0  printf4.o ABSOLUTE
    ../clib/microlib/printf/printf.c         0x00000000   Number         0  printf5.o ABSOLUTE
    ../clib/microlib/printf/printf.c         0x00000000   Number         0  printf3.o ABSOLUTE
    ../clib/microlib/printf/printf.c         0x00000000   Number         0  printf2.o ABSOLUTE
    ../clib/microlib/printf/printf.c         0x00000000   Number         0  printf1.o ABSOLUTE
    ../clib/microlib/printf/printf.c         0x00000000   Number         0  printf0.o ABSOLUTE
    ../clib/microlib/printf/printf.c         0x00000000   Number         0  printfb.o ABSOLUTE
    ../clib/microlib/printf/stubs.s          0x00000000   Number         0  stubs.o ABSOLUTE
    ../clib/microlib/stdio/streams.c         0x00000000   Number         0  stdout.o ABSOLUTE
    ../clib/microlib/stubs.s                 0x00000000   Number         0  iusefp.o ABSOLUTE
    ../fplib/microlib/fpadd.c                0x00000000   Number         0  dadd.o ABSOLUTE
    ../fplib/microlib/fpdiv.c                0x00000000   Number         0  ddiv.o ABSOLUTE
    ../fplib/microlib/fpepilogue.c           0x00000000   Number         0  depilogue.o ABSOLUTE
    ../fplib/microlib/fpfix.c                0x00000000   Number         0  dfixul.o ABSOLUTE
    ../fplib/microlib/fpmul.c                0x00000000   Number         0  dmul.o ABSOLUTE
    ..\..\HHD32F1xx_library\Core\CM3\CoreSupport\core_cm3.c 0x00000000   Number         0  core_cm3.o ABSOLUTE
    ..\..\HHD32F1xx_library\Core\CM3\DeviceSupport\HHD32F1xx\Startup\rvds\startup_HHD32F1xx_s.s 0x00000000   Number         0  startup_hhd32f1xx_s.o ABSOLUTE
    ..\..\HHD32F1xx_library\Core\CM3\DeviceSupport\HHD32F1xx\system_HHD32F1xx.c 0x00000000   Number         0  system_hhd32f1xx.o ABSOLUTE
    ..\..\HHD32F1xx_library\Drivers\source\hhd_can.c 0x00000000   Number         0  hhd_can.o ABSOLUTE
    ..\..\HHD32F1xx_library\Drivers\source\hhd_sys.c 0x00000000   Number         0  hhd_sys.o ABSOLUTE
    ..\..\HHD32F1xx_library\Drivers\source\hhd_uart.c 0x00000000   Number         0  hhd_uart.o ABSOLUTE
    ..\\..\\HHD32F1xx_library\\Core\\CM3\\CoreSupport\\core_cm3.c 0x00000000   Number         0  core_cm3.o ABSOLUTE
    cdrcmple.s                               0x00000000   Number         0  cdrcmple.o ABSOLUTE
    dc.s                                     0x00000000   Number         0  dc.o ABSOLUTE
    handlers.s                               0x00000000   Number         0  handlers.o ABSOLUTE
    init.s                                   0x00000000   Number         0  init.o ABSOLUTE
    myapp\src\USART_user.c                   0x00000000   Number         0  usart_user.o ABSOLUTE
    myapp\src\main.c                         0x00000000   Number         0  main.o ABSOLUTE
    myapp\src\system_user.c                  0x00000000   Number         0  system_user.o ABSOLUTE
    .ARM.Collect$$$$00000000                 0x00000134   Section        0  entry.o(.ARM.Collect$$$$00000000)
    .ARM.Collect$$$$00000001                 0x00000134   Section        4  entry2.o(.ARM.Collect$$$$00000001)
    .ARM.Collect$$$$00000004                 0x00000138   Section        4  entry5.o(.ARM.Collect$$$$00000004)
    .ARM.Collect$$$$00000008                 0x0000013c   Section        0  entry7b.o(.ARM.Collect$$$$00000008)
    .ARM.Collect$$$$0000000A                 0x0000013c   Section        0  entry8b.o(.ARM.Collect$$$$0000000A)
    .ARM.Collect$$$$0000000B                 0x0000013c   Section        8  entry9a.o(.ARM.Collect$$$$0000000B)
    .ARM.Collect$$$$0000000D                 0x00000144   Section        0  entry10a.o(.ARM.Collect$$$$0000000D)
    .ARM.Collect$$$$0000000F                 0x00000144   Section        0  entry11a.o(.ARM.Collect$$$$0000000F)
    .ARM.Collect$$$$00002712                 0x00000144   Section        4  entry2.o(.ARM.Collect$$$$00002712)
    __lit__00000000                          0x00000144   Data           4  entry2.o(.ARM.Collect$$$$00002712)
    .text                                    0x00000148   Section        0  system_hhd32f1xx.o(.text)
    .text                                    0x000003ec   Section       28  startup_hhd32f1xx_s.o(.text)
    .text                                    0x00000408   Section        0  hhd_sys.o(.text)
    .text                                    0x00000840   Section        0  hhd_can.o(.text)
    .text                                    0x000008d4   Section        0  usart_user.o(.text)
    NVIC_EnableIRQ                           0x00000b83   Thumb Code    24  usart_user.o(.text)
    .text                                    0x00000bc4   Section        0  hhd_uart.o(.text)
    NVIC_DisableIRQ                          0x00000ea3   Thumb Code    18  hhd_uart.o(.text)
    .text                                    0x00000ee0   Section        0  system_user.o(.text)
    .text                                    0x00000ef0   Section        0  main.o(.text)
    .text                                    0x00001040   Section        0  uldiv.o(.text)
    .text                                    0x000010a4   Section       36  init.o(.text)
    .text                                    0x000010c8   Section        0  llshl.o(.text)
    .text                                    0x000010e6   Section        0  llushr.o(.text)
    i.__0printf$5                            0x00001108   Section        0  printf5.o(i.__0printf$5)
    i.__scatterload_copy                     0x00001128   Section       14  handlers.o(i.__scatterload_copy)
    i.__scatterload_null                     0x00001136   Section        2  handlers.o(i.__scatterload_null)
    i.__scatterload_zeroinit                 0x00001138   Section       14  handlers.o(i.__scatterload_zeroinit)
    i._printf_core                           0x00001148   Section        0  printf5.o(i._printf_core)
    _printf_core                             0x00001149   Thumb Code   658  printf5.o(i._printf_core)
    .data                                    0x20000000   Section       16  system_hhd32f1xx.o(.data)
    .data                                    0x20000010   Section        4  stdout.o(.data)
    .bss                                     0x20000014   Section       10  usart_user.o(.bss)
    STACK                                    0x20000020   Section     1024  startup_hhd32f1xx_s.o(STACK)

    Global Symbols

    Symbol Name                              Value     Ov Type        Size  Object(Section)

    BuildAttributes$$THM_ISAv4$P$D$K$B$S$PE$A:L22UL41UL21$X:L11$S22US41US21$IEEE1$IW$USESV6$~STKCKD$USESV7$~SHL$OSPACE$ROPI$EBA8$MICROLIB$REQ8$PRES8$EABIv2 0x00000000   Number         0  anon$$obj.o ABSOLUTE
    __ARM_use_no_argv                        0x00000000   Number         0  main.o ABSOLUTE
    __Vectors                                0x00000000   Data           4  startup_hhd32f1xx_s.o(RESET)
    _printf_a                                0x00000000   Number         0  stubs.o ABSOLUTE
    _printf_c                                0x00000000   Number         0  stubs.o ABSOLUTE
    _printf_charcount                        0x00000000   Number         0  stubs.o ABSOLUTE
    _printf_d                                0x00000000   Number         0  stubs.o ABSOLUTE
    _printf_e                                0x00000000   Number         0  stubs.o ABSOLUTE
    _printf_f                                0x00000000   Number         0  stubs.o ABSOLUTE
    _printf_flags                            0x00000000   Number         0  stubs.o ABSOLUTE
    _printf_fp_dec                           0x00000000   Number         0  stubs.o ABSOLUTE
    _printf_fp_hex                           0x00000000   Number         0  stubs.o ABSOLUTE
    _printf_g                                0x00000000   Number         0  stubs.o ABSOLUTE
    _printf_i                                0x00000000   Number         0  stubs.o ABSOLUTE
    _printf_int_dec                          0x00000000   Number         0  stubs.o ABSOLUTE
    _printf_l                                0x00000000   Number         0  stubs.o ABSOLUTE
    _printf_lc                               0x00000000   Number         0  stubs.o ABSOLUTE
    _printf_ll                               0x00000000   Number         0  stubs.o ABSOLUTE
    _printf_lld                              0x00000000   Number         0  stubs.o ABSOLUTE
    _printf_lli                              0x00000000   Number         0  stubs.o ABSOLUTE
    _printf_llo                              0x00000000   Number         0  stubs.o ABSOLUTE
    _printf_llu                              0x00000000   Number         0  stubs.o ABSOLUTE
    _printf_llx                              0x00000000   Number         0  stubs.o ABSOLUTE
    _printf_longlong_dec                     0x00000000   Number         0  stubs.o ABSOLUTE
    _printf_longlong_hex                     0x00000000   Number         0  stubs.o ABSOLUTE
    _printf_longlong_oct                     0x00000000   Number         0  stubs.o ABSOLUTE
    _printf_ls                               0x00000000   Number         0  stubs.o ABSOLUTE
    _printf_mbtowc                           0x00000000   Number         0  stubs.o ABSOLUTE
    _printf_n                                0x00000000   Number         0  stubs.o ABSOLUTE
    _printf_o                                0x00000000   Number         0  stubs.o ABSOLUTE
    _printf_p                                0x00000000   Number         0  stubs.o ABSOLUTE
    _printf_percent                          0x00000000   Number         0  stubs.o ABSOLUTE
    _printf_pre_padding                      0x00000000   Number         0  stubs.o ABSOLUTE
    _printf_return_value                     0x00000000   Number         0  stubs.o ABSOLUTE
    _printf_s                                0x00000000   Number         0  stubs.o ABSOLUTE
    _printf_sizespec                         0x00000000   Number         0  stubs.o ABSOLUTE
    _printf_str                              0x00000000   Number         0  stubs.o ABSOLUTE
    _printf_truncate_signed                  0x00000000   Number         0  stubs.o ABSOLUTE
    _printf_truncate_unsigned                0x00000000   Number         0  stubs.o ABSOLUTE
    _printf_u                                0x00000000   Number         0  stubs.o ABSOLUTE
    _printf_wc                               0x00000000   Number         0  stubs.o ABSOLUTE
    _printf_wctomb                           0x00000000   Number         0  stubs.o ABSOLUTE
    _printf_widthprec                        0x00000000   Number         0  stubs.o ABSOLUTE
    _printf_x                                0x00000000   Number         0  stubs.o ABSOLUTE
    __cpp_initialize__aeabi_                  - Undefined Weak Reference
    __cxa_finalize                            - Undefined Weak Reference
    __decompress                              - Undefined Weak Reference
    _clock_init                               - Undefined Weak Reference
    _microlib_exit                            - Undefined Weak Reference
    __Vectors_End                            0x00000134   Data           0  startup_hhd32f1xx_s.o(RESET)
    __Vectors_Size                           0x00000134   Number         0  startup_hhd32f1xx_s.o ABSOLUTE
    __main                                   0x00000135   Thumb Code     0  entry.o(.ARM.Collect$$$$00000000)
    _main_stk                                0x00000135   Thumb Code     0  entry2.o(.ARM.Collect$$$$00000001)
    _main_scatterload                        0x00000139   Thumb Code     0  entry5.o(.ARM.Collect$$$$00000004)
    __main_after_scatterload                 0x0000013d   Thumb Code     0  entry5.o(.ARM.Collect$$$$00000004)
    _main_clock                              0x0000013d   Thumb Code     0  entry7b.o(.ARM.Collect$$$$00000008)
    _main_cpp_init                           0x0000013d   Thumb Code     0  entry8b.o(.ARM.Collect$$$$0000000A)
    _main_init                               0x0000013d   Thumb Code     0  entry9a.o(.ARM.Collect$$$$0000000B)
    __rt_final_cpp                           0x00000145   Thumb Code     0  entry10a.o(.ARM.Collect$$$$0000000D)
    __rt_final_exit                          0x00000145   Thumb Code     0  entry11a.o(.ARM.Collect$$$$0000000F)
    SystemCoreClockUpdate                    0x00000149   Thumb Code   362  system_hhd32f1xx.o(.text)
    SystemInit                               0x000002b3   Thumb Code   250  system_hhd32f1xx.o(.text)
    Reset_Handler                            0x000003ed   Thumb Code     4  startup_hhd32f1xx_s.o(.text)
    NMI_Handler                              0x000003f1   Thumb Code     2  startup_hhd32f1xx_s.o(.text)
    HardFault_Handler                        0x000003f3   Thumb Code     2  startup_hhd32f1xx_s.o(.text)
    MemoryManagement_Handler                 0x000003f5   Thumb Code     2  startup_hhd32f1xx_s.o(.text)
    BusFault_Handler                         0x000003f7   Thumb Code     2  startup_hhd32f1xx_s.o(.text)
    UsageFault_Handler                       0x000003f9   Thumb Code     2  startup_hhd32f1xx_s.o(.text)
    SVC_Handler                              0x000003fb   Thumb Code     2  startup_hhd32f1xx_s.o(.text)
    DebugMonitor_Handler                     0x000003fd   Thumb Code     2  startup_hhd32f1xx_s.o(.text)
    PendSV_Handler                           0x000003ff   Thumb Code     2  startup_hhd32f1xx_s.o(.text)
    SysTick_Handler                          0x00000401   Thumb Code     2  startup_hhd32f1xx_s.o(.text)
    ADC1_2_IRQHandler                        0x00000403   Thumb Code     0  startup_hhd32f1xx_s.o(.text)
    ADC3_IRQHandler                          0x00000403   Thumb Code     0  startup_hhd32f1xx_s.o(.text)
    BOD_IRQHandler                           0x00000403   Thumb Code     0  startup_hhd32f1xx_s.o(.text)
    DAC_IRQHandler                           0x00000403   Thumb Code     0  startup_hhd32f1xx_s.o(.text)
    DMA1_CHANNEL1_IRQHandler                 0x00000403   Thumb Code     0  startup_hhd32f1xx_s.o(.text)
    DMA1_CHANNEL2_IRQHandler                 0x00000403   Thumb Code     0  startup_hhd32f1xx_s.o(.text)
    DMA1_CHANNEL3_IRQHandler                 0x00000403   Thumb Code     0  startup_hhd32f1xx_s.o(.text)
    DMA1_CHANNEL4_IRQHandler                 0x00000403   Thumb Code     0  startup_hhd32f1xx_s.o(.text)
    DMA1_CHANNEL5_IRQHandler                 0x00000403   Thumb Code     0  startup_hhd32f1xx_s.o(.text)
    DMA1_CHANNEL6_IRQHandler                 0x00000403   Thumb Code     0  startup_hhd32f1xx_s.o(.text)
    DMA1_CHANNEL7_IRQHandler                 0x00000403   Thumb Code     0  startup_hhd32f1xx_s.o(.text)
    DMA2_CHANNEL1_IRQHandler                 0x00000403   Thumb Code     0  startup_hhd32f1xx_s.o(.text)
    DMA2_CHANNEL2_IRQHandler                 0x00000403   Thumb Code     0  startup_hhd32f1xx_s.o(.text)
    DMA2_CHANNEL3_IRQHandler                 0x00000403   Thumb Code     0  startup_hhd32f1xx_s.o(.text)
    DMA2_CHANNEL4_5_IRQHandler               0x00000403   Thumb Code     0  startup_hhd32f1xx_s.o(.text)
    EXTI0_IRQHandler                         0x00000403   Thumb Code     0  startup_hhd32f1xx_s.o(.text)
    EXTI15_10_IRQHandler                     0x00000403   Thumb Code     0  startup_hhd32f1xx_s.o(.text)
    EXTI1_IRQHandler                         0x00000403   Thumb Code     0  startup_hhd32f1xx_s.o(.text)
    EXTI2_IRQHandler                         0x00000403   Thumb Code     0  startup_hhd32f1xx_s.o(.text)
    EXTI3_IRQHandler                         0x00000403   Thumb Code     0  startup_hhd32f1xx_s.o(.text)
    EXTI4_IRQHandler                         0x00000403   Thumb Code     0  startup_hhd32f1xx_s.o(.text)
    EXTI9_5_IRQHandler                       0x00000403   Thumb Code     0  startup_hhd32f1xx_s.o(.text)
    I2C1_IRQHandler                          0x00000403   Thumb Code     0  startup_hhd32f1xx_s.o(.text)
    I2C2_IRQHandler                          0x00000403   Thumb Code     0  startup_hhd32f1xx_s.o(.text)
    RTC_IRQHandler                           0x00000403   Thumb Code     0  startup_hhd32f1xx_s.o(.text)
    SPI1_IRQHandler                          0x00000403   Thumb Code     0  startup_hhd32f1xx_s.o(.text)
    SPI2_IRQHandler                          0x00000403   Thumb Code     0  startup_hhd32f1xx_s.o(.text)
    SPI3_IRQHandler                          0x00000403   Thumb Code     0  startup_hhd32f1xx_s.o(.text)
    TIM10_IRQHandler                         0x00000403   Thumb Code     0  startup_hhd32f1xx_s.o(.text)
    TIM11_IRQHandler                         0x00000403   Thumb Code     0  startup_hhd32f1xx_s.o(.text)
    TIM13_IRQHandler                         0x00000403   Thumb Code     0  startup_hhd32f1xx_s.o(.text)
    TIM14_IRQHandler                         0x00000403   Thumb Code     0  startup_hhd32f1xx_s.o(.text)
    TIM1FAULT_TIM9_IRQHandler                0x00000403   Thumb Code     0  startup_hhd32f1xx_s.o(.text)
    TIM1_IRQHandler                          0x00000403   Thumb Code     0  startup_hhd32f1xx_s.o(.text)
    TIM2_IRQHandler                          0x00000403   Thumb Code     0  startup_hhd32f1xx_s.o(.text)
    TIM3_IRQHandler                          0x00000403   Thumb Code     0  startup_hhd32f1xx_s.o(.text)
    TIM4_IRQHandler                          0x00000403   Thumb Code     0  startup_hhd32f1xx_s.o(.text)
    TIM5_IRQHandler                          0x00000403   Thumb Code     0  startup_hhd32f1xx_s.o(.text)
    TIM6_IRQHandler                          0x00000403   Thumb Code     0  startup_hhd32f1xx_s.o(.text)
    TIM7_IRQHandler                          0x00000403   Thumb Code     0  startup_hhd32f1xx_s.o(.text)
    TIM8FAULT_TIM12_IRQHandler               0x00000403   Thumb Code     0  startup_hhd32f1xx_s.o(.text)
    TIM8_IRQHandler                          0x00000403   Thumb Code     0  startup_hhd32f1xx_s.o(.text)
    UART4_IRQHandler                         0x00000403   Thumb Code     0  startup_hhd32f1xx_s.o(.text)
    UART5_IRQHandler                         0x00000403   Thumb Code     0  startup_hhd32f1xx_s.o(.text)
    USBWAKEUP_IRQHandler                     0x00000403   Thumb Code     0  startup_hhd32f1xx_s.o(.text)
    USB_IRQHandler                           0x00000403   Thumb Code     0  startup_hhd32f1xx_s.o(.text)
    WWDT_IRQHandler                          0x00000403   Thumb Code     0  startup_hhd32f1xx_s.o(.text)
    SYS_SystemInitial                        0x00000409   Thumb Code    22  hhd_sys.o(.text)
    SYS_SelectMainClkSrc                     0x0000041f   Thumb Code    68  hhd_sys.o(.text)
    SYS_SetAHBClkDivider                     0x00000463   Thumb Code    22  hhd_sys.o(.text)
    SYS_SelectWDTClkSrc                      0x00000479   Thumb Code    38  hhd_sys.o(.text)
    SYS_SelectClkOutSrc                      0x0000049f   Thumb Code    88  hhd_sys.o(.text)
    SYS_SetClkOutDivider                     0x000004f7   Thumb Code    16  hhd_sys.o(.text)
    SYS_EnableClkOut                         0x00000507   Thumb Code    10  hhd_sys.o(.text)
    SYS_DisableClkOut                        0x00000511   Thumb Code    24  hhd_sys.o(.text)
    SYS_SetIOFilter                          0x00000529   Thumb Code    16  hhd_sys.o(.text)
    SYS_PowerDownAngIP                       0x00000539   Thumb Code    16  hhd_sys.o(.text)
    SYS_PowerUpAngIP                         0x00000549   Thumb Code    16  hhd_sys.o(.text)
    SYS_EnablePhrClk                         0x00000559   Thumb Code    44  hhd_sys.o(.text)
    SYS_DisablePhrClk                        0x00000585   Thumb Code    16  hhd_sys.o(.text)
    SYS_ResetPhr                             0x00000595   Thumb Code    58  hhd_sys.o(.text)
    SYS_ResetSystem                          0x000005cf   Thumb Code    30  hhd_sys.o(.text)
    SYS_BODResetSystem                       0x000005ed   Thumb Code    56  hhd_sys.o(.text)
    SYS_GetResetStatus                       0x00000625   Thumb Code     6  hhd_sys.o(.text)
    SYS_ClearResetStatus                     0x0000062b   Thumb Code     8  hhd_sys.o(.text)
    SYS_EnterSleep                           0x00000633   Thumb Code    32  hhd_sys.o(.text)
    SYS_SetDeepSleepWakeupPin                0x00000653   Thumb Code    64  hhd_sys.o(.text)
    SYS_ResetDeepSleepWakeupPin              0x00000693   Thumb Code    18  hhd_sys.o(.text)
    SYS_EnterDeepSleep                       0x000006a5   Thumb Code   164  hhd_sys.o(.text)
    SYS_EnterPowerDown                       0x00000749   Thumb Code   106  hhd_sys.o(.text)
    SYS_IOConfig                             0x000007b3   Thumb Code     4  hhd_sys.o(.text)
    SYS_IOSetPullup                          0x000007b7   Thumb Code    20  hhd_sys.o(.text)
    SYS_IOSetPulldown                        0x000007cb   Thumb Code    20  hhd_sys.o(.text)
    SYS_IOEnableFilter                       0x000007df   Thumb Code    86  hhd_sys.o(.text)
    SYS_IODisableFilter                      0x00000835   Thumb Code    10  hhd_sys.o(.text)
    CAN_SetMode                              0x00000841   Thumb Code     6  hhd_can.o(.text)
    CAN_GetStatus                            0x00000847   Thumb Code     8  hhd_can.o(.text)
    CAN_ClearStatus                          0x0000084f   Thumb Code    16  hhd_can.o(.text)
    CAN_SetCMD                               0x0000085f   Thumb Code    16  hhd_can.o(.text)
    CAN_ClrCMD                               0x0000086f   Thumb Code    16  hhd_can.o(.text)
    CAN_EnableInt                            0x0000087f   Thumb Code    42  hhd_can.o(.text)
    CAN_DisableInt                           0x000008a9   Thumb Code    36  hhd_can.o(.text)
    UART3_IOCFG                              0x000008d5   Thumb Code    52  usart_user.o(.text)
    UART2_IOCFG                              0x00000909   Thumb Code    52  usart_user.o(.text)
    UART1_IOCFG                              0x0000093d   Thumb Code    52  usart_user.o(.text)
    USART_Configuration                      0x00000971   Thumb Code   100  usart_user.o(.text)
    USART_Send_user                          0x000009d5   Thumb Code     2  usart_user.o(.text)
    frame_get                                0x000009d7   Thumb Code   222  usart_user.o(.text)
    frame_analay                             0x00000ab5   Thumb Code     2  usart_user.o(.text)
    UART_Test                                0x00000ab7   Thumb Code    16  usart_user.o(.text)
    fputc                                    0x00000ac7   Thumb Code    32  usart_user.o(.text)
    UART1_IRQHandler                         0x00000ae7   Thumb Code    52  usart_user.o(.text)
    UART2_IRQHandler                         0x00000b1b   Thumb Code    52  usart_user.o(.text)
    UART3_IRQHandler                         0x00000b4f   Thumb Code    52  usart_user.o(.text)
    UART_Open                                0x00000bc5   Thumb Code   340  hhd_uart.o(.text)
    UART_ClearIntFlag                        0x00000d19   Thumb Code    10  hhd_uart.o(.text)
    UART_DisableInt                          0x00000d23   Thumb Code    10  hhd_uart.o(.text)
    UART_Close                               0x00000d2d   Thumb Code   106  hhd_uart.o(.text)
    UART_ByteRead                            0x00000d97   Thumb Code    22  hhd_uart.o(.text)
    UART_Read                                0x00000dad   Thumb Code    38  hhd_uart.o(.text)
    UART_ByteWrite                           0x00000dd3   Thumb Code    26  hhd_uart.o(.text)
    UART_Write                               0x00000ded   Thumb Code    46  hhd_uart.o(.text)
    UART_Send                                0x00000e1b   Thumb Code    38  hhd_uart.o(.text)
    UART_PutString                           0x00000e41   Thumb Code    28  hhd_uart.o(.text)
    UART_PutHex                              0x00000e5d   Thumb Code    48  hhd_uart.o(.text)
    UART_EnableInt                           0x00000e8d   Thumb Code     8  hhd_uart.o(.text)
    UART_GetStatus                           0x00000e95   Thumb Code     8  hhd_uart.o(.text)
    UART_ClearFIFO                           0x00000e9d   Thumb Code     6  hhd_uart.o(.text)
    RCC_Configuration                        0x00000ee1   Thumb Code     2  system_user.o(.text)
    NVIC_Configuration                       0x00000ee3   Thumb Code     2  system_user.o(.text)
    delay_us                                 0x00000ee5   Thumb Code    12  system_user.o(.text)
    CAN_IRQHandler                           0x00000ef1   Thumb Code    46  main.o(.text)
    CAN_IOCONFIG                             0x00000f1f   Thumb Code    10  main.o(.text)
    CAN_Init                                 0x00000f29   Thumb Code    50  main.o(.text)
    main                                     0x00000f5b   Thumb Code   130  main.o(.text)
    __aeabi_uldivmod                         0x00001041   Thumb Code    98  uldiv.o(.text)
    __scatterload                            0x000010a5   Thumb Code    28  init.o(.text)
    __scatterload_rt2                        0x000010a5   Thumb Code     0  init.o(.text)
    __aeabi_llsl                             0x000010c9   Thumb Code    30  llshl.o(.text)
    _ll_shift_l                              0x000010c9   Thumb Code     0  llshl.o(.text)
    __aeabi_llsr                             0x000010e7   Thumb Code    32  llushr.o(.text)
    _ll_ushift_r                             0x000010e7   Thumb Code     0  llushr.o(.text)
    __0printf$5                              0x00001109   Thumb Code    22  printf5.o(i.__0printf$5)
    __1printf$5                              0x00001109   Thumb Code     0  printf5.o(i.__0printf$5)
    __2printf                                0x00001109   Thumb Code     0  printf5.o(i.__0printf$5)
    __scatterload_copy                       0x00001129   Thumb Code    14  handlers.o(i.__scatterload_copy)
    __scatterload_null                       0x00001137   Thumb Code     2  handlers.o(i.__scatterload_null)
    __scatterload_zeroinit                   0x00001139   Thumb Code    14  handlers.o(i.__scatterload_zeroinit)
    Region$$Table$$Base                      0x00001408   Number         0  anon$$obj.o(Region$$Table)
    Region$$Table$$Limit                     0x00001428   Number         0  anon$$obj.o(Region$$Table)
    SystemCoreClock                          0x20000000   Data           4  system_hhd32f1xx.o(.data)
    MainClock                                0x20000004   Data           4  system_hhd32f1xx.o(.data)
    APB1Clock                                0x20000008   Data           4  system_hhd32f1xx.o(.data)
    APB2Clock                                0x2000000c   Data           4  system_hhd32f1xx.o(.data)
    __stdout                                 0x20000010   Data           4  stdout.o(.data)
    __frame_r                                0x20000014   Data          10  usart_user.o(.bss)
    __initial_sp                             0x20000420   Data           0  startup_hhd32f1xx_s.o(STACK)



==============================================================================

Memory Map of the image

  Image Entry point : 0x00000135

  Load Region LR_IROM1 (Base: 0x00000000, Size: 0x0000143c, Max: 0x00080000, ABSOLUTE)

    Execution Region ER_IROM1 (Base: 0x00000000, Size: 0x00001428, Max: 0x00080000, ABSOLUTE)

    Base Addr    Size         Type   Attr      Idx    E Section Name        Object

    0x00000000   0x00000134   Data   RO           44    RESET               startup_hhd32f1xx_s.o
    0x00000134   0x00000000   Code   RO          178  * .ARM.Collect$$$$00000000  mc_w.l(entry.o)
    0x00000134   0x00000004   Code   RO          442    .ARM.Collect$$$$00000001  mc_w.l(entry2.o)
    0x00000138   0x00000004   Code   RO          445    .ARM.Collect$$$$00000004  mc_w.l(entry5.o)
    0x0000013c   0x00000000   Code   RO          447    .ARM.Collect$$$$00000008  mc_w.l(entry7b.o)
    0x0000013c   0x00000000   Code   RO          449    .ARM.Collect$$$$0000000A  mc_w.l(entry8b.o)
    0x0000013c   0x00000008   Code   RO          450    .ARM.Collect$$$$0000000B  mc_w.l(entry9a.o)
    0x00000144   0x00000000   Code   RO          452    .ARM.Collect$$$$0000000D  mc_w.l(entry10a.o)
    0x00000144   0x00000000   Code   RO          454    .ARM.Collect$$$$0000000F  mc_w.l(entry11a.o)
    0x00000144   0x00000004   Code   RO          443    .ARM.Collect$$$$00002712  mc_w.l(entry2.o)
    0x00000148   0x000002a4   Code   RO           17    .text               system_hhd32f1xx.o
    0x000003ec   0x0000001c   Code   RO           45    .text               startup_hhd32f1xx_s.o
    0x00000408   0x00000436   Code   RO           49    .text               hhd_sys.o
    0x0000083e   0x00000002   PAD
    0x00000840   0x00000094   Code   RO           75    .text               hhd_can.o
    0x000008d4   0x000002f0   Code   RO           94    .text               usart_user.o
    0x00000bc4   0x0000031c   Code   RO          127    .text               hhd_uart.o
    0x00000ee0   0x00000010   Code   RO          143    .text               system_user.o
    0x00000ef0   0x00000150   Code   RO          155    .text               main.o
    0x00001040   0x00000062   Code   RO          459    .text               mc_w.l(uldiv.o)
    0x000010a2   0x00000002   PAD
    0x000010a4   0x00000024   Code   RO          472    .text               mc_w.l(init.o)
    0x000010c8   0x0000001e   Code   RO          474    .text               mc_w.l(llshl.o)
    0x000010e6   0x00000020   Code   RO          476    .text               mc_w.l(llushr.o)
    0x00001106   0x00000002   PAD
    0x00001108   0x00000020   Code   RO          314    i.__0printf$5       mc_w.l(printf5.o)
    0x00001128   0x0000000e   Code   RO          484    i.__scatterload_copy  mc_w.l(handlers.o)
    0x00001136   0x00000002   Code   RO          485    i.__scatterload_null  mc_w.l(handlers.o)
    0x00001138   0x0000000e   Code   RO          486    i.__scatterload_zeroinit  mc_w.l(handlers.o)
    0x00001146   0x00000002   PAD
    0x00001148   0x000002c0   Code   RO          321    i._printf_core      mc_w.l(printf5.o)
    0x00001408   0x00000020   Data   RO          482    Region$$Table       anon$$obj.o


    Execution Region RW_IRAM1 (Base: 0x20000000, Size: 0x00000420, Max: 0x00002000, ABSOLUTE)

    Base Addr    Size         Type   Attr      Idx    E Section Name        Object

    0x20000000   0x00000010   Data   RW           18    .data               system_hhd32f1xx.o
    0x20000010   0x00000004   Data   RW          456    .data               mc_w.l(stdout.o)
    0x20000014   0x0000000a   Zero   RW           95    .bss                usart_user.o
    0x2000001e   0x00000002   PAD
    0x20000020   0x00000400   Zero   RW           42    STACK               startup_hhd32f1xx_s.o


==============================================================================

Image component sizes


      Code (inc. data)   RO Data    RW Data    ZI Data      Debug   Object Name

         0          0          0          0          0       4276   core_cm3.o
       148          8          0          0          0      18726   hhd_can.o
      1078         78          0          0          0      34897   hhd_sys.o
       796         44          0          0          0      21352   hhd_uart.o
       336        100          0          0          0       1068   main.o
        28          4        308          0       1024       1000   startup_hhd32f1xx_s.o
       676         64          0         16          0      14659   system_hhd32f1xx.o
        16          0          0          0          0        848   system_user.o
       752         52          0          0         10      25106   usart_user.o

    ----------------------------------------------------------------------
      3832        350        340         16       1036     121932   Object Totals
         0          0         32          0          0          0   (incl. Generated)
         2          0          0          0          2          0   (incl. Padding)

    ----------------------------------------------------------------------

      Code (inc. data)   RO Data    RW Data    ZI Data      Debug   Library Member Name

         0          0          0          0          0          0   entry.o
         0          0          0          0          0          0   entry10a.o
         0          0          0          0          0          0   entry11a.o
         8          4          0          0          0          0   entry2.o
         4          0          0          0          0          0   entry5.o
         0          0          0          0          0          0   entry7b.o
         0          0          0          0          0          0   entry8b.o
         8          4          0          0          0          0   entry9a.o
        30          0          0          0          0          0   handlers.o
        36          8          0          0          0         68   init.o
        30          0          0          0          0         68   llshl.o
        32          0          0          0          0         68   llushr.o
       736         56          0          0          0        184   printf5.o
         0          0          0          4          0          0   stdout.o
        98          0          0          0          0         92   uldiv.o

    ----------------------------------------------------------------------
       988         72          0          4          0        480   Library Totals
         6          0          0          0          0          0   (incl. Padding)

    ----------------------------------------------------------------------

      Code (inc. data)   RO Data    RW Data    ZI Data      Debug   Library Name

       982         72          0          4          0        480   mc_w.l

    ----------------------------------------------------------------------
       988         72          0          4          0        480   Library Totals

    ----------------------------------------------------------------------

==============================================================================


      Code (inc. data)   RO Data    RW Data    ZI Data      Debug   

      4820        422        340         20       1036     121372   Grand Totals
      4820        422        340         20       1036     121372   ELF Image Totals
      4820        422        340         20          0          0   ROM Totals

==============================================================================

    Total RO  Size (Code + RO Data)                 5160 (   5.04kB)
    Total RW  Size (RW Data + ZI Data)              1056 (   1.03kB)
    Total ROM Size (Code + RO Data + RW Data)       5180 (   5.06kB)

==============================================================================

