<html>
<body>
<pre>
<h1>µVision Build Log</h1>
<h2>Project:</h2>
G:\work\G32F1xx\LIB\Library\G32F1xx_examples\ADC\demo.uvproj
Project File Date:  07/01/2017

<h2>Output:</h2>
Rebuild target 'Run In Flash'
compiling gt_adc.c...
compiling gt_gpio.c...
compiling gt_sys.c...
assembling startup_G32F1xx_s.s...
compiling system_G32F1xx.c...
compiling main.c...
linking...
Program Size: Code=1872 RO-data=340 RW-data=20 ZI-data=1636  
FromELF: creating hex file...
".\myapp\obj\demo.axf" - 0 Error(s), 0 Warning(s).
</pre>
</body>
</html>
