<html>
<body>
<pre>
<h1>礦ision Build Log</h1>
<h2>Project:</h2>
E:\汪魁工作档案\工作目录\设计资料\研制类产品\MCU\32F103\3 软件\DeBug\hhd32f103_Library_release20170702\Library\HHD32F1xx_examples\IOCONFIG\demo.uvproj
Project File Date:  12/08/2015

<h2>Output:</h2>
Rebuild target 'Run In RAM'
compiling core_cm3.c...
compiling system_HHD32F1xx.c...
assembling startup_HHD32F1xx_s.s...
compiling hhd_gpio.c...
compiling hhd_sys.c...
compiling main.c...
myapp\src\main.c(14): warning:  #1295-D: Deprecated declaration IOInit - give arg types
linking...
Program Size: Code=2060 RO-data=340 RW-data=16 ZI-data=1632  
".\myapp\obj\demo.axf" - 0 Error(s), 1 Warning(s).
